Archive member included to satisfy reference by file (symbol)

c:/program files (x86)/embitz/1.11/share/em_armgcc/bin/../lib/gcc/arm-none-eabi/5.4.1/armv7e-m/fpu\libgcc.a(_arm_addsubdf3.o)
                              obj\release\src\main.o (__aeabi_f2d)
c:/program files (x86)/embitz/1.11/share/em_armgcc/bin/../lib/gcc/arm-none-eabi/5.4.1/../../../../arm-none-eabi/lib/armv7e-m/fpu\libg_n.a(lib_a-exit.o)
                              c:/program files (x86)/embitz/1.11/share/em_armgcc/bin/../lib/gcc/arm-none-eabi/5.4.1/../../../../arm-none-eabi/lib/armv7e-m/fpu/crt0.o (exit)
c:/program files (x86)/embitz/1.11/share/em_armgcc/bin/../lib/gcc/arm-none-eabi/5.4.1/../../../../arm-none-eabi/lib/armv7e-m/fpu\libg_n.a(lib_a-impure.o)
                              c:/program files (x86)/embitz/1.11/share/em_armgcc/bin/../lib/gcc/arm-none-eabi/5.4.1/../../../../arm-none-eabi/lib/armv7e-m/fpu\libg_n.a(lib_a-exit.o) (_global_impure_ptr)
c:/program files (x86)/embitz/1.11/share/em_armgcc/bin/../lib/gcc/arm-none-eabi/5.4.1/../../../../arm-none-eabi/lib/armv7e-m/fpu\libg_n.a(lib_a-init.o)
                              c:/program files (x86)/embitz/1.11/share/em_armgcc/bin/../lib/gcc/arm-none-eabi/5.4.1/../../../../arm-none-eabi/lib/armv7e-m/fpu/crt0.o (__libc_init_array)
c:/program files (x86)/embitz/1.11/share/em_armgcc/bin/../lib/gcc/arm-none-eabi/5.4.1/../../../../arm-none-eabi/lib/armv7e-m/fpu\libg_n.a(lib_a-memcpy-stub.o)
                              obj\release\bsp\src\bsp_uart.o (memcpy)
c:/program files (x86)/embitz/1.11/share/em_armgcc/bin/../lib/gcc/arm-none-eabi/5.4.1/../../../../arm-none-eabi/lib/armv7e-m/fpu\libg_n.a(lib_a-memset.o)
                              c:/program files (x86)/embitz/1.11/share/em_armgcc/bin/../lib/gcc/arm-none-eabi/5.4.1/../../../../arm-none-eabi/lib/armv7e-m/fpu/crt0.o (memset)
c:/program files (x86)/embitz/1.11/share/em_armgcc/bin/../lib/gcc/arm-none-eabi/5.4.1/../../../../arm-none-eabi/lib/armv7e-m/fpu\libg_n.a(lib_a-nano-vfprintf_float.o)
                              (_printf_float)
c:/program files (x86)/embitz/1.11/share/em_armgcc/bin/../lib/gcc/arm-none-eabi/5.4.1/../../../../arm-none-eabi/lib/armv7e-m/fpu\libg_n.a(lib_a-nano-vfprintf_i.o)
                              c:/program files (x86)/embitz/1.11/share/em_armgcc/bin/../lib/gcc/arm-none-eabi/5.4.1/../../../../arm-none-eabi/lib/armv7e-m/fpu\libg_n.a(lib_a-nano-vfprintf_float.o) (_printf_common)
c:/program files (x86)/embitz/1.11/share/em_armgcc/bin/../lib/gcc/arm-none-eabi/5.4.1/../../../../arm-none-eabi/lib/armv7e-m/fpu\libg_n.a(lib_a-printf.o)
                              obj\release\src\main.o (printf)
c:/program files (x86)/embitz/1.11/share/em_armgcc/bin/../lib/gcc/arm-none-eabi/5.4.1/../../../../arm-none-eabi/lib/armv7e-m/fpu\libg_n.a(lib_a-strcmp.o)
                              obj\release\src\main.o (strcmp)
c:/program files (x86)/embitz/1.11/share/em_armgcc/bin/../lib/gcc/arm-none-eabi/5.4.1/../../../../arm-none-eabi/lib/armv7e-m/fpu\libg_n.a(lib_a-strlen.o)
                              c:/program files (x86)/embitz/1.11/share/em_armgcc/bin/../lib/gcc/arm-none-eabi/5.4.1/../../../../arm-none-eabi/lib/armv7e-m/fpu\libg_n.a(lib_a-nano-vfprintf_float.o) (strlen)
c:/program files (x86)/embitz/1.11/share/em_armgcc/bin/../lib/gcc/arm-none-eabi/5.4.1/../../../../arm-none-eabi/lib/armv7e-m/fpu\libg_n.a(lib_a-dtoa.o)
                              c:/program files (x86)/embitz/1.11/share/em_armgcc/bin/../lib/gcc/arm-none-eabi/5.4.1/../../../../arm-none-eabi/lib/armv7e-m/fpu\libg_n.a(lib_a-nano-vfprintf_float.o) (_dtoa_r)
c:/program files (x86)/embitz/1.11/share/em_armgcc/bin/../lib/gcc/arm-none-eabi/5.4.1/../../../../arm-none-eabi/lib/armv7e-m/fpu\libg_n.a(lib_a-findfp.o)
                              c:/program files (x86)/embitz/1.11/share/em_armgcc/bin/../lib/gcc/arm-none-eabi/5.4.1/../../../../arm-none-eabi/lib/armv7e-m/fpu\libg_n.a(lib_a-printf.o) (__sinit)
c:/program files (x86)/embitz/1.11/share/em_armgcc/bin/../lib/gcc/arm-none-eabi/5.4.1/../../../../arm-none-eabi/lib/armv7e-m/fpu\libg_n.a(lib_a-fwalk.o)
                              c:/program files (x86)/embitz/1.11/share/em_armgcc/bin/../lib/gcc/arm-none-eabi/5.4.1/../../../../arm-none-eabi/lib/armv7e-m/fpu\libg_n.a(lib_a-findfp.o) (_fwalk)
c:/program files (x86)/embitz/1.11/share/em_armgcc/bin/../lib/gcc/arm-none-eabi/5.4.1/../../../../arm-none-eabi/lib/armv7e-m/fpu\libg_n.a(lib_a-locale.o)
                              c:/program files (x86)/embitz/1.11/share/em_armgcc/bin/../lib/gcc/arm-none-eabi/5.4.1/../../../../arm-none-eabi/lib/armv7e-m/fpu\libg_n.a(lib_a-nano-vfprintf_float.o) (_localeconv_r)
c:/program files (x86)/embitz/1.11/share/em_armgcc/bin/../lib/gcc/arm-none-eabi/5.4.1/../../../../arm-none-eabi/lib/armv7e-m/fpu\libg_n.a(lib_a-malloc.o)
                              c:/program files (x86)/embitz/1.11/share/em_armgcc/bin/../lib/gcc/arm-none-eabi/5.4.1/../../../../arm-none-eabi/lib/armv7e-m/fpu\libg_n.a(lib_a-dtoa.o) (malloc)
[...]
Memory Configuration

Name             Origin             Length             Attributes
ROM              0x08000000         0x00080000         xr
RAM              0x20000000         0x00020000         xrw
CCRAM            0x10000000         0x00010000         xrw
*default*        0x00000000         0xffffffff

Linker script and memory map

LOAD c:/program files (x86)/embitz/1.11/share/em_armgcc/bin/../lib/gcc/arm-none-eabi/5.4.1/armv7e-m/fpu/crti.o
LOAD c:/program files (x86)/embitz/1.11/share/em_armgcc/bin/../lib/gcc/arm-none-eabi/5.4.1/armv7e-m/fpu/crtbegin.o
LOAD c:/program files (x86)/embitz/1.11/share/em_armgcc/bin/../lib/gcc/arm-none-eabi/5.4.1/../../../../arm-none-eabi/lib/armv7e-m/fpu/crt0.o
                0x00000000                __HEAP_SIZE = 0x0
                0x00000100                __STACK_SIZE = 0x100

.text           0x08000000     0x5bf8
 *(.isr_vector)
 .isr_vector    0x08000000      0x188 obj\release\src\startup_stm32f4xx.o
                0x08000000                __isr_vector
 *(.text*)
 .text          0x08000188       0x5c c:/program files (x86)/embitz/1.11/share/em_armgcc/bin/../lib/gcc/arm-none-eabi/5.4.1/armv7e-m/fpu/crtbegin.o
 .text          0x080001e4       0x74 c:/program files (x86)/embitz/1.11/share/em_armgcc/bin/../lib/gcc/arm-none-eabi/5.4.1/../../../../arm-none-eabi/lib/armv7e-m/fpu/crt0.o
                0x080001e4                _start
                0x080001e4                _mainCRTStartup
 .text.BSP_LedOpen
                0x08000258       0x38 obj\release\bsp\src\bsp_led.o
                0x08000258                BSP_LedOpen
 .text.BSP_UartOpen
                0x08000290      0x190 obj\release\bsp\src\bsp_uart.o
                0x08000290                BSP_UartOpen
 .text._IRQHandler
                0x08000420       0x3c obj\release\bsp\src\bsp_uart.o
                0x08000420                _IRQHandler
 .text.USART1_IRQHandler
                0x0800045c        0x8 obj\release\bsp\src\bsp_uart.o
                0x0800045c                USART1_IRQHandler
 .text._write   0x08000464       0x14 obj\release\bsp\src\bsp_uart.o
                0x08000464                _write
 .text.send_uart1
                0x08000478       0x6c obj\release\bsp\src\bsp_uart.o
                0x08000478                send_uart1
 .text.uart1_read
                0x080004e4       0x54 obj\release\bsp\src\bsp_uart.o
                0x080004e4                uart1_read
 .text.QUEUE_PacketCreate
                0x08000538       0x18 obj\release\common\src\queue.o
                0x08000538                QUEUE_PacketCreate
 .text.QUEUE_PacketIn
                0x08000550       0x58 obj\release\common\src\queue.o
                0x08000550                QUEUE_PacketIn
 .text.QUEUE_PacketOut
                0x080005a8       0x50 obj\release\common\src\queue.o
                0x080005a8                QUEUE_PacketOut
 .text.QUEUE_PacketCharSplit
                0x080005f8       0xcc obj\release\common\src\queue.o
                0x080005f8                QUEUE_PacketCharSplit
 .text.QUEUE_PacketDoubleCharSplit
                0x080006c4       0xe4 obj\release\common\src\queue.o
                0x080006c4                QUEUE_PacketDoubleCharSplit
 .text.NVIC_Init
                0x080007a8       0x70 obj\release\spl\src\misc.o
                0x080007a8                NVIC_Init
 .text.DMA_DeInit
                0x08000818      0x130 obj\release\spl\src\stm32f4xx_dma.o
                0x08000818                DMA_DeInit
 .text.DMA_Init
                0x08000948       0x58 obj\release\spl\src\stm32f4xx_dma.o
                0x08000948                DMA_Init
 .text.DMA_StructInit
                0x080009a0       0x24 obj\release\spl\src\stm32f4xx_dma.o
                0x080009a0                DMA_StructInit
 .text.DMA_Cmd  0x080009c4       0x14 obj\release\spl\src\stm32f4xx_dma.o
                0x080009c4                DMA_Cmd
 .text.DMA_FlowControllerConfig
                0x080009d8       0x14 obj\release\spl\src\stm32f4xx_dma.o
                0x080009d8                DMA_FlowControllerConfig
 .text.DMA_SetCurrDataCounter
                0x080009ec        0x4 obj\release\spl\src\stm32f4xx_dma.o
                0x080009ec                DMA_SetCurrDataCounter
 .text.DMA_GetCurrDataCounter
                0x080009f0        0x8 obj\release\spl\src\stm32f4xx_dma.o
                0x080009f0                DMA_GetCurrDataCounter
 .text.DMA_GetFIFOStatus
                0x080009f8        0x8 obj\release\spl\src\stm32f4xx_dma.o
                0x080009f8                DMA_GetFIFOStatus
 .text.DMA_ClearITPendingBit
                0x08000a00       0x34 obj\release\spl\src\stm32f4xx_dma.o
                0x08000a00                DMA_ClearITPendingBit
 .text.DMA_ClearFlag
                0x08000a34        0x4 obj\release\spl\src\stm32f4xx_dma.o
                0x08000a34                DMA_ClearFlag
 .text.GPIO_Init
                0x08000a38       0xa8 obj\release\spl\src\stm32f4xx_gpio.o
                0x08000a38                GPIO_Init
 .text.GPIO_PinAFConfig
                0x08000ae0       0x2c obj\release\spl\src\stm32f4xx_gpio.o
                0x08000ae0                GPIO_PinAFConfig
 .text.RCC_GetClocksFreq
                0x08000b0c       0x98 obj\release\spl\src\stm32f4xx_rcc.o
                0x08000b0c                RCC_GetClocksFreq
 .text.RCC_AHB1PeriphClockCmd
                0x08000ba4       0x1c obj\release\spl\src\stm32f4xx_rcc.o
                0x08000ba4                RCC_AHB1PeriphClockCmd
 .text.RCC_APB2PeriphClockCmd
                0x08000bc0       0x1c obj\release\spl\src\stm32f4xx_rcc.o
                0x08000bc0                RCC_APB2PeriphClockCmd
 .text.RCC_APB1PeriphResetCmd
                0x08000bdc       0x1c obj\release\spl\src\stm32f4xx_rcc.o
                0x08000bdc                RCC_APB1PeriphResetCmd
 .text.RCC_APB2PeriphResetCmd
                0x08000bf8       0x1c obj\release\spl\src\stm32f4xx_rcc.o
                0x08000bf8                RCC_APB2PeriphResetCmd
 .text.USART_DeInit
                0x08000c14       0xc8 obj\release\spl\src\stm32f4xx_usart.o
                0x08000c14                USART_DeInit
 .text.USART_Init
                0x08000cdc       0xc4 obj\release\spl\src\stm32f4xx_usart.o
                0x08000cdc                USART_Init
 .text.USART_StructInit
                0x08000da0       0x18 obj\release\spl\src\stm32f4xx_usart.o
                0x08000da0                USART_StructInit
 .text.USART_Cmd
                0x08000db8       0x1c obj\release\spl\src\stm32f4xx_usart.o
                0x08000db8                USART_Cmd
 .text.USART_SendData
                0x08000dd4        0x8 obj\release\spl\src\stm32f4xx_usart.o
                0x08000dd4                USART_SendData
 .text.USART_ReceiveData
                0x08000ddc        0x8 obj\release\spl\src\stm32f4xx_usart.o
                0x08000ddc                USART_ReceiveData
 .text.USART_DMACmd
                0x08000de4       0x14 obj\release\spl\src\stm32f4xx_usart.o
                0x08000de4                USART_DMACmd
 .text.USART_ITConfig
                0x08000df8       0x3c obj\release\spl\src\stm32f4xx_usart.o
                0x08000df8                USART_ITConfig
 .text.USART_ClearFlag
                0x08000e34        0x8 obj\release\spl\src\stm32f4xx_usart.o
                0x08000e34                USART_ClearFlag
 .text.USART_GetITStatus
                0x08000e3c       0x4c obj\release\spl\src\stm32f4xx_usart.o
                0x08000e3c                USART_GetITStatus
 .text.App_TaskStart
                0x08000e88       0x78 obj\release\src\main.o
 .text.print_Task
                0x08000f00       0x10 obj\release\src\main.o
 .text.tty_Task
                0x08000f10       0x74 obj\release\src\main.o
 .text.Float_print_Task
                0x08000f84       0x4c obj\release\src\main.o
 .text.Led2_Task
                0x08000fd0       0x44 obj\release\src\main.o
 .text.App_Task1
                0x08001014       0x30 obj\release\src\main.o
 .text.OS_CPU_SysTickClkFreq
                0x08001044       0x14 obj\release\src\main.o
                0x08001044                OS_CPU_SysTickClkFreq
 .text.startup.main
                0x08001058       0x3c obj\release\src\main.o
                0x08001058                main
 .text          0x08001094      0x108 obj\release\src\startup_stm32f4xx.o
                0x08001094                Reset_Handler
                0x080010da                NMI_Handler
                0x080010dc                HardFault_Handler
                0x080010de                MemManage_Handler
                0x080010e0                BusFault_Handler
                0x080010e2                UsageFault_Handler
                0x080010e4                SVC_Handler
                0x080010e6                DebugMon_Handler
                0x080010e8                PendSV_Handler
                0x080010ea                SysTick_Handler
                0x080010ec                Default_Handler
                0x080010ee                WWDG_IRQHandler
                0x080010f0                PVD_IRQHandler
                0x080010f2                TAMP_STAMP_IRQHandler
                0x080010f4                RTC_WKUP_IRQHandler
                0x080010f6                FLASH_IRQHandler
                0x080010f8                RCC_IRQHandler
                0x080010fa                EXTI0_IRQHandler
                0x080010fc                EXTI1_IRQHandler
                0x080010fe                EXTI2_IRQHandler
                0x08001100                EXTI3_IRQHandler
                0x08001102                EXTI4_IRQHandler
                0x08001104                DMA1_Stream0_IRQHandler
                0x08001106                DMA1_Stream1_IRQHandler
                0x08001108                DMA1_Stream2_IRQHandler
                0x0800110a                DMA1_Stream3_IRQHandler
                0x0800110c                DMA1_Stream4_IRQHandler
                0x0800110e                DMA1_Stream5_IRQHandler
                0x08001110                DMA1_Stream6_IRQHandler
                0x08001112                ADC_IRQHandler
                0x08001114                CAN1_TX_IRQHandler
                0x08001116                CAN1_RX0_IRQHandler
                0x08001118                CAN1_RX1_IRQHandler
                0x0800111a                CAN1_SCE_IRQHandler
                0x0800111c                EXTI9_5_IRQHandler
                0x0800111e                TIM1_BRK_TIM9_IRQHandler
                0x08001120                TIM1_UP_TIM10_IRQHandler
                0x08001122                TIM1_TRG_COM_TIM11_IRQHandler
                0x08001124                TIM1_CC_IRQHandler
                0x08001126                TIM2_IRQHandler
                0x08001128                TIM3_IRQHandler
                0x0800112a                TIM4_IRQHandler
                0x0800112c                I2C1_EV_IRQHandler
                0x0800112e                I2C1_ER_IRQHandler
                0x08001130                I2C2_EV_IRQHandler
                0x08001132                I2C2_ER_IRQHandler
                0x08001134                SPI1_IRQHandler
                0x08001136                SPI2_IRQHandler
                0x0800113a                USART2_IRQHandler
                0x0800113c                USART3_IRQHandler
                0x0800113e                EXTI15_10_IRQHandler
                0x08001140                RTC_Alarm_IRQHandler
                0x08001142                OTG_FS_WKUP_IRQHandler
                0x08001144                TIM8_BRK_TIM12_IRQHandler
                0x08001146                TIM8_UP_TIM13_IRQHandler
                0x08001148                TIM8_TRG_COM_TIM14_IRQHandler
                0x0800114a                TIM8_CC_IRQHandler
                0x0800114c                DMA1_Stream7_IRQHandler
                0x0800114e                FSMC_IRQHandler
                0x08001150                SDIO_IRQHandler
                0x08001152                TIM5_IRQHandler
                0x08001154                SPI3_IRQHandler
                0x08001156                UART4_IRQHandler
                0x08001158                UART5_IRQHandler
                0x0800115a                TIM6_DAC_IRQHandler
                0x0800115c                TIM7_IRQHandler
                0x0800115e                DMA2_Stream0_IRQHandler
                0x08001160                DMA2_Stream1_IRQHandler
                0x08001162                DMA2_Stream2_IRQHandler
                0x08001164                DMA2_Stream3_IRQHandler
                0x08001166                DMA2_Stream4_IRQHandler
                0x08001168                ETH_IRQHandler
                0x0800116a                ETH_WKUP_IRQHandler
                0x0800116c                CAN2_TX_IRQHandler
                0x0800116e                CAN2_RX0_IRQHandler
                0x08001170                CAN2_RX1_IRQHandler
                0x08001172                CAN2_SCE_IRQHandler
                0x08001174                OTG_FS_IRQHandler
                0x08001176                DMA2_Stream5_IRQHandler
                0x08001178                DMA2_Stream6_IRQHandler
                0x0800117a                DMA2_Stream7_IRQHandler
                0x0800117c                USART6_IRQHandler
                0x0800117e                I2C3_EV_IRQHandler
                0x08001180                I2C3_ER_IRQHandler
                0x08001182                OTG_HS_EP1_OUT_IRQHandler
                0x08001184                OTG_HS_EP1_IN_IRQHandler
                0x08001186                OTG_HS_WKUP_IRQHandler
                0x08001188                OTG_HS_IRQHandler
                0x0800118a                DCMI_IRQHandler
                0x0800118c                CRYP_IRQHandler
                0x0800118e                HASH_RNG_IRQHandler
                0x08001190                FPU_IRQHandler
 .text.SystemInit
                0x0800119c      0x100 obj\release\src\system_stm32f4xx.o
                0x0800119c                SystemInit
 .text          0x0800129c       0xcc obj\release\ucosii\ports\os_cpu_a.o
                0x0800129c                OS_CPU_SR_Save
                0x080012a4                OS_CPU_SR_Restore
                0x080012aa                OSStartHighRdy
                0x080012d0                OSCtxSw
                0x080012da                OSIntCtxSw
                0x080012e4                OS_CPU_PendSVHandler
 .text.OSInitHookBegin
                0x08001368       0x2c obj\release\ucosii\ports\os_cpu_c.o
                0x08001368                OSInitHookBegin
 .text.OSInitHookEnd
                0x08001394        0x4 obj\release\ucosii\ports\os_cpu_c.o
                0x08001394                OSInitHookEnd
 .text.OSTaskCreateHook
                0x08001398        0x4 obj\release\ucosii\ports\os_cpu_c.o
                0x08001398                OSTaskCreateHook
 .text.OSTaskDelHook
                0x0800139c        0x4 obj\release\ucosii\ports\os_cpu_c.o
                0x0800139c                OSTaskDelHook
 .text.OSTaskIdleHook
                0x080013a0        0x4 obj\release\ucosii\ports\os_cpu_c.o
                0x080013a0                OSTaskIdleHook
 .text.OSTaskReturnHook
                0x080013a4        0x4 obj\release\ucosii\ports\os_cpu_c.o
                0x080013a4                OSTaskReturnHook
 .text.OSTaskStatHook
                0x080013a8        0x4 obj\release\ucosii\ports\os_cpu_c.o
                0x080013a8                OSTaskStatHook
 .text.OSTaskStkInit
                0x080013ac      0x170 obj\release\ucosii\ports\os_cpu_c.o
                0x080013ac                OSTaskStkInit
 .text.OSTaskSwHook
                0x0800151c        0x4 obj\release\ucosii\ports\os_cpu_c.o
                0x0800151c                OSTaskSwHook
 .text.OSTCBInitHook
                0x08001520        0x4 obj\release\ucosii\ports\os_cpu_c.o
                0x08001520                OSTCBInitHook
 .text.OSTimeTickHook
                0x08001524       0x1c obj\release\ucosii\ports\os_cpu_c.o
                0x08001524                OSTimeTickHook
 .text.OS_CPU_SysTickHandler
                0x08001540       0x24 obj\release\ucosii\ports\os_cpu_c.o
                0x08001540                OS_CPU_SysTickHandler
 .text.OS_CPU_SysTickInit
                0x08001564       0x34 obj\release\ucosii\ports\os_cpu_c.o
                0x08001564                OS_CPU_SysTickInit
 .text.OS_TaskIdle
                0x08001598       0x1c obj\release\ucosii\source\os_core.o
                0x08001598                OS_TaskIdle
 .text.OSEventNameSet
                0x080015b4       0x44 obj\release\ucosii\source\os_core.o
                0x080015b4                OSEventNameSet
 .text.OSInit   0x080015f8      0x1d4 obj\release\ucosii\source\os_core.o
                0x080015f8                OSInit
 .text.OSIntExit
                0x080017cc       0xa0 obj\release\ucosii\source\os_core.o
                0x080017cc                OSIntExit
 .text.OSSchedLock
                0x0800186c       0x38 obj\release\ucosii\source\os_core.o
                0x0800186c                OSSchedLock
 .text.OSStart  0x080018a4       0x60 obj\release\ucosii\source\os_core.o
                0x080018a4                OSStart
 .text.OSStatInit
                0x08001904       0x40 obj\release\ucosii\source\os_core.o
                0x08001904                OSStatInit
 .text.OSTimeTick
                0x08001944       0xb8 obj\release\ucosii\source\os_core.o
                0x08001944                OSTimeTick
 .text.OS_Dummy
                0x080019fc        0x4 obj\release\ucosii\source\os_core.o
                0x080019fc                OS_Dummy
 .text.OS_EventTaskRdy
                0x08001a00       0xcc obj\release\ucosii\source\os_core.o
                0x08001a00                OS_EventTaskRdy
 .text.OS_EventTaskWait
                0x08001acc       0x54 obj\release\ucosii\source\os_core.o
                0x08001acc                OS_EventTaskWait
 .text.OS_EventTaskRemove
                0x08001b20       0x28 obj\release\ucosii\source\os_core.o
                0x08001b20                OS_EventTaskRemove
 .text.OS_EventTaskRemoveMulti
                0x08001b48       0x34 obj\release\ucosii\source\os_core.o
                0x08001b48                OS_EventTaskRemoveMulti
 .text.OS_EventWaitListInit
                0x08001b7c       0x14 obj\release\ucosii\source\os_core.o
                0x08001b7c                OS_EventWaitListInit
 .text.OS_MemClr
                0x08001b90       0x18 obj\release\ucosii\source\os_core.o
                0x08001b90                OS_MemClr
 .text.OS_Sched
                0x08001ba8       0x88 obj\release\ucosii\source\os_core.o
                0x08001ba8                OS_Sched
 .text.OSSchedUnlock
                0x08001c30       0x44 obj\release\ucosii\source\os_core.o
                0x08001c30                OSSchedUnlock
 .text.OS_TaskStatStkChk
                0x08001c74       0x38 obj\release\ucosii\source\os_core.o
                0x08001c74                OS_TaskStatStkChk
 .text.OS_TaskStat
                0x08001cac       0x80 obj\release\ucosii\source\os_core.o
                0x08001cac                OS_TaskStat
 .text.OS_TCBInit
                0x08001d2c      0x104 obj\release\ucosii\source\os_core.o
                0x08001d2c                OS_TCBInit
 .text.OS_FlagInit
                0x08001e30       0x4c obj\release\ucosii\source\os_flag.o
                0x08001e30                OS_FlagInit
 .text.OS_FlagUnlink
                0x08001e7c       0x20 obj\release\ucosii\source\os_flag.o
                0x08001e7c                OS_FlagUnlink
 .text.OS_MemInit
                0x08001e9c       0x48 obj\release\ucosii\source\os_mem.o
                0x08001e9c                OS_MemInit
 .text.OS_QInit
                0x08001ee4       0x30 obj\release\ucosii\source\os_q.o
                0x08001ee4                OS_QInit
 .text.OSSemCreate
                0x08001f14       0x4c obj\release\ucosii\source\os_sem.o
                0x08001f14                OSSemCreate
 .text.OSSemPend
                0x08001f60       0xc4 obj\release\ucosii\source\os_sem.o
                0x08001f60                OSSemPend
 .text.OSSemPost
                0x08002024       0x58 obj\release\ucosii\source\os_sem.o
                0x08002024                OSSemPost
 .text.OSTaskDel.part.0
                0x0800207c      0x14c obj\release\ucosii\source\os_task.o
 .text.OSTaskCreate
                0x080021c8       0x98 obj\release\ucosii\source\os_task.o
                0x080021c8                OSTaskCreate
 .text.OSTaskCreateExt
                0x08002260       0xc4 obj\release\ucosii\source\os_task.o
                0x08002260                OSTaskCreateExt
 .text.OSTaskNameSet
                0x08002324       0x6c obj\release\ucosii\source\os_task.o
                0x08002324                OSTaskNameSet
 .text.OSTaskStkChk
                0x08002390       0x90 obj\release\ucosii\source\os_task.o
                0x08002390                OSTaskStkChk
 .text.OSTaskSuspend
                0x08002420       0xa8 obj\release\ucosii\source\os_task.o
                0x08002420                OSTaskSuspend
 .text.OS_TaskReturn
                0x080024c8       0x24 obj\release\ucosii\source\os_task.o
                0x080024c8                OS_TaskReturn
 .text.OSTimeDly
                0x080024ec       0x60 obj\release\ucosii\source\os_time.o
                0x080024ec                OSTimeDly
 .text.OSTmr_Unlink
                0x0800254c       0x4c obj\release\ucosii\source\os_tmr.o
 .text.OSTmr_Task
                0x08002598       0xcc obj\release\ucosii\source\os_tmr.o
 .text.OSTmrSignal
                0x08002664        0xc obj\release\ucosii\source\os_tmr.o
                0x08002664                OSTmrSignal
 .text.OSTmr_Init
                0x08002670      0x104 obj\release\ucosii\source\os_tmr.o
                0x08002670                OSTmr_Init
 .text          0x08002774      0x370 c:/program files (x86)/embitz/1.11/share/em_armgcc/bin/../lib/gcc/arm-none-eabi/5.4.1/armv7e-m/fpu\libgcc.a(_arm_addsubdf3.o)
                0x08002774                __aeabi_drsub
                0x0800277c                __aeabi_dsub
                0x0800277c                __subdf3
                0x08002780                __aeabi_dadd
                0x08002780                __adddf3
                0x080029f8                __floatunsidf
                0x080029f8                __aeabi_ui2d
                0x08002a18                __floatsidf
                0x08002a18                __aeabi_i2d
                0x08002a3c                __aeabi_f2d
                0x08002a3c                __extendsfdf2
                0x08002a78                __floatundidf
                0x08002a78                __aeabi_ul2d
                0x08002a88                __floatdidf
                0x08002a88                __aeabi_l2d
 .text.exit     0x08002ae4       0x28 c:/program files (x86)/embitz/1.11/share/em_armgcc/bin/../lib/gcc/arm-none-eabi/5.4.1/../../../../arm-none-eabi/lib/armv7e-m/fpu\libg_n.a(lib_a-exit.o)
                0x08002ae4                exit
 .text.__libc_init_array
                0x08002b0c       0x4c c:/program files (x86)/embitz/1.11/share/em_armgcc/bin/../lib/gcc/arm-none-eabi/5.4.1/../../../../arm-none-eabi/lib/armv7e-m/fpu\libg_n.a(lib_a-init.o)
                0x08002b0c                __libc_init_array
 .text.memcpy   0x08002b58       0x16 c:/program files (x86)/embitz/1.11/share/em_armgcc/bin/../lib/gcc/arm-none-eabi/5.4.1/../../../../arm-none-eabi/lib/armv7e-m/fpu\libg_n.a(lib_a-memcpy-stub.o)
                0x08002b58                memcpy
 .text.memset   0x08002b6e       0x10 c:/program files (x86)/embitz/1.11/share/em_armgcc/bin/../lib/gcc/arm-none-eabi/5.4.1/../../../../arm-none-eabi/lib/armv7e-m/fpu\libg_n.a(lib_a-memset.o)
                0x08002b6e                memset
 .text.__cvt    0x08002b7e       0xc8 c:/program files (x86)/embitz/1.11/share/em_armgcc/bin/../lib/gcc/arm-none-eabi/5.4.1/../../../../arm-none-eabi/lib/armv7e-m/fpu\libg_n.a(lib_a-nano-vfprintf_float.o)
                0x08002b7e                __cvt
 .text.__exponent
                0x08002c46       0x60 c:/program files (x86)/embitz/1.11/share/em_armgcc/bin/../lib/gcc/arm-none-eabi/5.4.1/../../../../arm-none-eabi/lib/armv7e-m/fpu\libg_n.a(lib_a-nano-vfprintf_float.o)
                0x08002c46                __exponent
 *fill*         0x08002ca6        0x2 
 .text._printf_float
                0x08002ca8      0x47c c:/program files (x86)/embitz/1.11/share/em_armgcc/bin/../lib/gcc/arm-none-eabi/5.4.1/../../../../arm-none-eabi/lib/armv7e-m/fpu\libg_n.a(lib_a-nano-vfprintf_float.o)
                0x08002ca8                _printf_float
 .text._printf_common
                0x08003124       0xec c:/program files (x86)/embitz/1.11/share/em_armgcc/bin/../lib/gcc/arm-none-eabi/5.4.1/../../../../arm-none-eabi/lib/armv7e-m/fpu\libg_n.a(lib_a-nano-vfprintf_i.o)
                0x08003124                _printf_common
 .text._printf_i
                0x08003210      0x24c c:/program files (x86)/embitz/1.11/share/em_armgcc/bin/../lib/gcc/arm-none-eabi/5.4.1/../../../../arm-none-eabi/lib/armv7e-m/fpu\libg_n.a(lib_a-nano-vfprintf_i.o)
                0x08003210                _printf_i
 .text.printf   0x0800345c       0x30 c:/program files (x86)/embitz/1.11/share/em_armgcc/bin/../lib/gcc/arm-none-eabi/5.4.1/../../../../arm-none-eabi/lib/armv7e-m/fpu\libg_n.a(lib_a-printf.o)
                0x0800345c                iprintf
                0x0800345c                printf
 .text          0x0800348c       0x14 c:/program files (x86)/embitz/1.11/share/em_armgcc/bin/../lib/gcc/arm-none-eabi/5.4.1/../../../../arm-none-eabi/lib/armv7e-m/fpu\libg_n.a(lib_a-strcmp.o)
                0x0800348c                strcmp
 .text          0x080034a0       0x10 c:/program files (x86)/embitz/1.11/share/em_armgcc/bin/../lib/gcc/arm-none-eabi/5.4.1/../../../../arm-none-eabi/lib/armv7e-m/fpu\libg_n.a(lib_a-strlen.o)
                0x080034a0                strlen
 .text.quorem   0x080034b0      0x11e c:/program files (x86)/embitz/1.11/share/em_armgcc/bin/../lib/gcc/arm-none-eabi/5.4.1/../../../../arm-none-eabi/lib/armv7e-m/fpu\libg_n.a(lib_a-dtoa.o)
 *fill*         0x080035ce        0x2 
 .text._dtoa_r  0x080035d0      0xb40 c:/program files (x86)/embitz/1.11/share/em_armgcc/bin/../lib/gcc/arm-none-eabi/5.4.1/../../../../arm-none-eabi/lib/armv7e-m/fpu\libg_n.a(lib_a-dtoa.o)
                0x080035d0                _dtoa_r
 .text._cleanup_r
                0x08004110        0xc c:/program files (x86)/embitz/1.11/share/em_armgcc/bin/../lib/gcc/arm-none-eabi/5.4.1/../../../../arm-none-eabi/lib/armv7e-m/fpu\libg_n.a(lib_a-findfp.o)
                0x08004110                _cleanup_r
 .text.std.isra.0
                0x0800411c       0x48 c:/program files (x86)/embitz/1.11/share/em_armgcc/bin/../lib/gcc/arm-none-eabi/5.4.1/../../../../arm-none-eabi/lib/armv7e-m/fpu\libg_n.a(lib_a-findfp.o)
 .text.__sfmoreglue
                0x08004164       0x2c c:/program files (x86)/embitz/1.11/share/em_armgcc/bin/../lib/gcc/arm-none-eabi/5.4.1/../../../../arm-none-eabi/lib/armv7e-m/fpu\libg_n.a(lib_a-findfp.o)
                0x08004164                __sfmoreglue
 .text.__sinit  0x08004190       0x60 c:/program files (x86)/embitz/1.11/share/em_armgcc/bin/../lib/gcc/arm-none-eabi/5.4.1/../../../../arm-none-eabi/lib/armv7e-m/fpu\libg_n.a(lib_a-findfp.o)
                0x08004190                __sinit
 .text.__sfp    0x080041f0       0x78 c:/program files (x86)/embitz/1.11/share/em_armgcc/bin/../lib/gcc/arm-none-eabi/5.4.1/../../../../arm-none-eabi/lib/armv7e-m/fpu\libg_n.a(lib_a-findfp.o)
                0x080041f0                __sfp
 .text._fwalk_reent
                0x08004268       0x3c c:/program files (x86)/embitz/1.11/share/em_armgcc/bin/../lib/gcc/arm-none-eabi/5.4.1/../../../../arm-none-eabi/lib/armv7e-m/fpu\libg_n.a(lib_a-fwalk.o)
                0x08004268                _fwalk_reent
 .text._localeconv_r
                0x080042a4        0x8 c:/program files (x86)/embitz/1.11/share/em_armgcc/bin/../lib/gcc/arm-none-eabi/5.4.1/../../../../arm-none-eabi/lib/armv7e-m/fpu\libg_n.a(lib_a-locale.o)
                0x080042a4                _localeconv_r
 .text.malloc   0x080042ac       0x10 c:/program files (x86)/embitz/1.11/share/em_armgcc/bin/../lib/gcc/arm-none-eabi/5.4.1/../../../../arm-none-eabi/lib/armv7e-m/fpu\libg_n.a(lib_a-malloc.o)
                0x080042ac                malloc
 *fill*         0x080042bc        0x4 
 .text          0x080042c0       0xa0 c:/program files (x86)/embitz/1.11/share/em_armgcc/bin/../lib/gcc/arm-none-eabi/5.4.1/../../../../arm-none-eabi/lib/armv7e-m/fpu\libg_n.a(lib_a-memchr.o)
                0x080042c0                memchr
 .text._Balloc  0x08004360       0x6a c:/program files (x86)/embitz/1.11/share/em_armgcc/bin/../lib/gcc/arm-none-eabi/5.4.1/../../../../arm-none-eabi/lib/armv7e-m/fpu\libg_n.a(lib_a-mprec.o)
                0x08004360                _Balloc
 .text._Bfree   0x080043ca       0x2e c:/program files (x86)/embitz/1.11/share/em_armgcc/bin/../lib/gcc/arm-none-eabi/5.4.1/../../../../arm-none-eabi/lib/armv7e-m/fpu\libg_n.a(lib_a-mprec.o)
                0x080043ca                _Bfree
 .text.__multadd
                0x080043f8       0x76 c:/program files (x86)/embitz/1.11/share/em_armgcc/bin/../lib/gcc/arm-none-eabi/5.4.1/../../../../arm-none-eabi/lib/armv7e-m/fpu\libg_n.a(lib_a-mprec.o)
                0x080043f8                __multadd
 .text.__hi0bits
                0x0800446e       0x40 c:/program files (x86)/embitz/1.11/share/em_armgcc/bin/../lib/gcc/arm-none-eabi/5.4.1/../../../../arm-none-eabi/lib/armv7e-m/fpu\libg_n.a(lib_a-mprec.o)
                0x0800446e                __hi0bits
 .text.__lo0bits
                0x080044ae       0x5a c:/program files (x86)/embitz/1.11/share/em_armgcc/bin/../lib/gcc/arm-none-eabi/5.4.1/../../../../arm-none-eabi/lib/armv7e-m/fpu\libg_n.a(lib_a-mprec.o)
                0x080044ae                __lo0bits
 .text.__i2b    0x08004508       0x12 c:/program files (x86)/embitz/1.11/share/em_armgcc/bin/../lib/gcc/arm-none-eabi/5.4.1/../../../../arm-none-eabi/lib/armv7e-m/fpu\libg_n.a(lib_a-mprec.o)
                0x08004508                __i2b
 .text.__multiply
                0x0800451a      0x122 c:/program files (x86)/embitz/1.11/share/em_armgcc/bin/../lib/gcc/arm-none-eabi/5.4.1/../../../../arm-none-eabi/lib/armv7e-m/fpu\libg_n.a(lib_a-mprec.o)
                0x0800451a                __multiply
 .text.__pow5mult
                0x0800463c       0x9c c:/program files (x86)/embitz/1.11/share/em_armgcc/bin/../lib/gcc/arm-none-eabi/5.4.1/../../../../arm-none-eabi/lib/armv7e-m/fpu\libg_n.a(lib_a-mprec.o)
                0x0800463c                __pow5mult
 .text.__lshift
                0x080046d8       0xa2 c:/program files (x86)/embitz/1.11/share/em_armgcc/bin/../lib/gcc/arm-none-eabi/5.4.1/../../../../arm-none-eabi/lib/armv7e-m/fpu\libg_n.a(lib_a-mprec.o)
                0x080046d8                __lshift
 .text.__mcmp   0x0800477a       0x38 c:/program files (x86)/embitz/1.11/share/em_armgcc/bin/../lib/gcc/arm-none-eabi/5.4.1/../../../../arm-none-eabi/lib/armv7e-m/fpu\libg_n.a(lib_a-mprec.o)
                0x0800477a                __mcmp
 .text.__mdiff  0x080047b2       0xbe c:/program files (x86)/embitz/1.11/share/em_armgcc/bin/../lib/gcc/arm-none-eabi/5.4.1/../../../../arm-none-eabi/lib/armv7e-m/fpu\libg_n.a(lib_a-mprec.o)
                0x080047b2                __mdiff
 .text.__d2b    0x08004870       0x9c c:/program files (x86)/embitz/1.11/share/em_armgcc/bin/../lib/gcc/arm-none-eabi/5.4.1/../../../../arm-none-eabi/lib/armv7e-m/fpu\libg_n.a(lib_a-mprec.o)
                0x08004870                __d2b
 .text._calloc_r
                0x0800490c       0x1c c:/program files (x86)/embitz/1.11/share/em_armgcc/bin/../lib/gcc/arm-none-eabi/5.4.1/../../../../arm-none-eabi/lib/armv7e-m/fpu\libg_n.a(lib_a-nano-callocr.o)
                0x0800490c                _calloc_r
 .text._free_r  0x08004928       0x9c c:/program files (x86)/embitz/1.11/share/em_armgcc/bin/../lib/gcc/arm-none-eabi/5.4.1/../../../../arm-none-eabi/lib/armv7e-m/fpu\libg_n.a(lib_a-nano-freer.o)
                0x08004928                _free_r
 .text._malloc_r
                0x080049c4       0xbc c:/program files (x86)/embitz/1.11/share/em_armgcc/bin/../lib/gcc/arm-none-eabi/5.4.1/../../../../arm-none-eabi/lib/armv7e-m/fpu\libg_n.a(lib_a-nano-mallocr.o)
                0x080049c4                _malloc_r
 .text.__sfputc_r
                0x08004a80       0x30 c:/program files (x86)/embitz/1.11/share/em_armgcc/bin/../lib/gcc/arm-none-eabi/5.4.1/../../../../arm-none-eabi/lib/armv7e-m/fpu\libg_n.a(lib_a-nano-vfprintf.o)
 .text.__sfputs_r
                0x08004ab0       0x24 c:/program files (x86)/embitz/1.11/share/em_armgcc/bin/../lib/gcc/arm-none-eabi/5.4.1/../../../../arm-none-eabi/lib/armv7e-m/fpu\libg_n.a(lib_a-nano-vfprintf.o)
                0x08004ab0                __sfputs_r
 .text._vfprintf_r
                0x08004ad4      0x238 c:/program files (x86)/embitz/1.11/share/em_armgcc/bin/../lib/gcc/arm-none-eabi/5.4.1/../../../../arm-none-eabi/lib/armv7e-m/fpu\libg_n.a(lib_a-nano-vfprintf.o)
                0x08004ad4                _vfprintf_r
                0x08004ad4                _vfiprintf_r
 .text._sbrk_r  0x08004d0c       0x20 c:/program files (x86)/embitz/1.11/share/em_armgcc/bin/../lib/gcc/arm-none-eabi/5.4.1/../../../../arm-none-eabi/lib/armv7e-m/fpu\libg_n.a(lib_a-sbrkr.o)
                0x08004d0c                _sbrk_r
 .text.__sread  0x08004d2c       0x22 c:/program files (x86)/embitz/1.11/share/em_armgcc/bin/../lib/gcc/arm-none-eabi/5.4.1/../../../../arm-none-eabi/lib/armv7e-m/fpu\libg_n.a(lib_a-stdio.o)
                0x08004d2c                __sread
 .text.__swrite
                0x08004d4e       0x38 c:/program files (x86)/embitz/1.11/share/em_armgcc/bin/../lib/gcc/arm-none-eabi/5.4.1/../../../../arm-none-eabi/lib/armv7e-m/fpu\libg_n.a(lib_a-stdio.o)
                0x08004d4e                __swrite
 .text.__sseek  0x08004d86       0x24 c:/program files (x86)/embitz/1.11/share/em_armgcc/bin/../lib/gcc/arm-none-eabi/5.4.1/../../../../arm-none-eabi/lib/armv7e-m/fpu\libg_n.a(lib_a-stdio.o)
                0x08004d86                __sseek
 .text.__sclose
                0x08004daa        0x8 c:/program files (x86)/embitz/1.11/share/em_armgcc/bin/../lib/gcc/arm-none-eabi/5.4.1/../../../../arm-none-eabi/lib/armv7e-m/fpu\libg_n.a(lib_a-stdio.o)
                0x08004daa                __sclose
 *fill*         0x08004db2        0x2 
 .text.__swbuf_r
                0x08004db4       0xa8 c:/program files (x86)/embitz/1.11/share/em_armgcc/bin/../lib/gcc/arm-none-eabi/5.4.1/../../../../arm-none-eabi/lib/armv7e-m/fpu\libg_n.a(lib_a-wbuf.o)
                0x08004db4                __swbuf_r
 .text._write_r
                0x08004e5c       0x24 c:/program files (x86)/embitz/1.11/share/em_armgcc/bin/../lib/gcc/arm-none-eabi/5.4.1/../../../../arm-none-eabi/lib/armv7e-m/fpu\libg_n.a(lib_a-writer.o)
                0x08004e5c                _write_r
 .text.__swsetup_r
                0x08004e80       0xdc c:/program files (x86)/embitz/1.11/share/em_armgcc/bin/../lib/gcc/arm-none-eabi/5.4.1/../../../../arm-none-eabi/lib/armv7e-m/fpu\libg_n.a(lib_a-wsetup.o)
                0x08004e80                __swsetup_r
 .text._close_r
                0x08004f5c       0x20 c:/program files (x86)/embitz/1.11/share/em_armgcc/bin/../lib/gcc/arm-none-eabi/5.4.1/../../../../arm-none-eabi/lib/armv7e-m/fpu\libg_n.a(lib_a-closer.o)
                0x08004f5c                _close_r
 .text.__sflush_r
                0x08004f7c      0x110 c:/program files (x86)/embitz/1.11/share/em_armgcc/bin/../lib/gcc/arm-none-eabi/5.4.1/../../../../arm-none-eabi/lib/armv7e-m/fpu\libg_n.a(lib_a-fflush.o)
                0x08004f7c                __sflush_r
 .text._fflush_r
                0x0800508c       0x54 c:/program files (x86)/embitz/1.11/share/em_armgcc/bin/../lib/gcc/arm-none-eabi/5.4.1/../../../../arm-none-eabi/lib/armv7e-m/fpu\libg_n.a(lib_a-fflush.o)
                0x0800508c                _fflush_r
 .text._lseek_r
                0x080050e0       0x24 c:/program files (x86)/embitz/1.11/share/em_armgcc/bin/../lib/gcc/arm-none-eabi/5.4.1/../../../../arm-none-eabi/lib/armv7e-m/fpu\libg_n.a(lib_a-lseekr.o)
                0x080050e0                _lseek_r
 .text.__swhatbuf_r
                0x08005104       0x46 c:/program files (x86)/embitz/1.11/share/em_armgcc/bin/../lib/gcc/arm-none-eabi/5.4.1/../../../../arm-none-eabi/lib/armv7e-m/fpu\libg_n.a(lib_a-makebuf.o)
                0x08005104                __swhatbuf_r
 *fill*         0x0800514a        0x2 
 .text.__smakebuf_r
                0x0800514c       0x78 c:/program files (x86)/embitz/1.11/share/em_armgcc/bin/../lib/gcc/arm-none-eabi/5.4.1/../../../../arm-none-eabi/lib/armv7e-m/fpu\libg_n.a(lib_a-makebuf.o)
                0x0800514c                __smakebuf_r
 .text.__malloc_lock
                0x080051c4        0x2 c:/program files (x86)/embitz/1.11/share/em_armgcc/bin/../lib/gcc/arm-none-eabi/5.4.1/../../../../arm-none-eabi/lib/armv7e-m/fpu\libg_n.a(lib_a-mlock.o)
                0x080051c4                __malloc_lock
 .text.__malloc_unlock
                0x080051c6        0x2 c:/program files (x86)/embitz/1.11/share/em_armgcc/bin/../lib/gcc/arm-none-eabi/5.4.1/../../../../arm-none-eabi/lib/armv7e-m/fpu\libg_n.a(lib_a-mlock.o)
                0x080051c6                __malloc_unlock
 .text._read_r  0x080051c8       0x24 c:/program files (x86)/embitz/1.11/share/em_armgcc/bin/../lib/gcc/arm-none-eabi/5.4.1/../../../../arm-none-eabi/lib/armv7e-m/fpu\libg_n.a(lib_a-readr.o)
                0x080051c8                _read_r
 .text._fstat_r
                0x080051ec       0x24 c:/program files (x86)/embitz/1.11/share/em_armgcc/bin/../lib/gcc/arm-none-eabi/5.4.1/../../../../arm-none-eabi/lib/armv7e-m/fpu\libg_n.a(lib_a-fstatr.o)
                0x080051ec                _fstat_r
 .text._isatty_r
                0x08005210       0x20 c:/program files (x86)/embitz/1.11/share/em_armgcc/bin/../lib/gcc/arm-none-eabi/5.4.1/../../../../arm-none-eabi/lib/armv7e-m/fpu\libg_n.a(lib_a-isattyr.o)
                0x08005210                _isatty_r
 .text          0x08005230      0x424 c:/program files (x86)/embitz/1.11/share/em_armgcc/bin/../lib/gcc/arm-none-eabi/5.4.1/armv7e-m/fpu\libgcc.a(_arm_muldivdf3.o)
                0x08005230                __aeabi_dmul
                0x08005230                __muldf3
                0x08005484                __divdf3
                0x08005484                __aeabi_ddiv
 .text          0x08005654      0x110 c:/program files (x86)/embitz/1.11/share/em_armgcc/bin/../lib/gcc/arm-none-eabi/5.4.1/armv7e-m/fpu\libgcc.a(_arm_cmpdf2.o)
                0x08005654                __gtdf2
                0x08005654                __gedf2
                0x0800565c                __ltdf2
                0x0800565c                __ledf2
                0x08005664                __nedf2
                0x08005664                __eqdf2
                0x08005664                __cmpdf2
                0x080056e0                __aeabi_cdrcmple
                0x080056f0                __aeabi_cdcmpeq
                0x080056f0                __aeabi_cdcmple
                0x08005700                __aeabi_dcmpeq
                0x08005714                __aeabi_dcmplt
                0x08005728                __aeabi_dcmple
                0x0800573c                __aeabi_dcmpge
                0x08005750                __aeabi_dcmpgt
 .text          0x08005764       0x2c c:/program files (x86)/embitz/1.11/share/em_armgcc/bin/../lib/gcc/arm-none-eabi/5.4.1/armv7e-m/fpu\libgcc.a(_arm_unorddf2.o)
                0x08005764                __unorddf2
                0x08005764                __aeabi_dcmpun
 .text          0x08005790       0x50 c:/program files (x86)/embitz/1.11/share/em_armgcc/bin/../lib/gcc/arm-none-eabi/5.4.1/armv7e-m/fpu\libgcc.a(_arm_fixdfsi.o)
                0x08005790                __aeabi_d2iz
                0x08005790                __fixdfsi
 .text._close   0x080057e0       0x10 c:/program files (x86)/embitz/1.11/share/em_armgcc/bin/../lib/gcc/arm-none-eabi/5.4.1/../../../../arm-none-eabi/lib/armv7e-m/fpu\libnosys_s.a(close.o)
                0x080057e0                _close
 .text._fstat   0x080057f0       0x10 c:/program files (x86)/embitz/1.11/share/em_armgcc/bin/../lib/gcc/arm-none-eabi/5.4.1/../../../../arm-none-eabi/lib/armv7e-m/fpu\libnosys_s.a(fstat.o)
                0x080057f0                _fstat
 .text._isatty  0x08005800       0x10 c:/program files (x86)/embitz/1.11/share/em_armgcc/bin/../lib/gcc/arm-none-eabi/5.4.1/../../../../arm-none-eabi/lib/armv7e-m/fpu\libnosys_s.a(isatty.o)
                0x08005800                _isatty
 .text._lseek   0x08005810       0x10 c:/program files (x86)/embitz/1.11/share/em_armgcc/bin/../lib/gcc/arm-none-eabi/5.4.1/../../../../arm-none-eabi/lib/armv7e-m/fpu\libnosys_s.a(lseek.o)
                0x08005810                _lseek
 .text._read    0x08005820       0x10 c:/program files (x86)/embitz/1.11/share/em_armgcc/bin/../lib/gcc/arm-none-eabi/5.4.1/../../../../arm-none-eabi/lib/armv7e-m/fpu\libnosys_s.a(read.o)
                0x08005820                _read
 .text._sbrk    0x08005830       0x1c c:/program files (x86)/embitz/1.11/share/em_armgcc/bin/../lib/gcc/arm-none-eabi/5.4.1/../../../../arm-none-eabi/lib/armv7e-m/fpu\libnosys_s.a(sbrk.o)
                0x08005830                _sbrk
 .text._exit    0x0800584c        0x2 c:/program files (x86)/embitz/1.11/share/em_armgcc/bin/../lib/gcc/arm-none-eabi/5.4.1/../../../../arm-none-eabi/lib/armv7e-m/fpu\libnosys_s.a(_exit.o)
                0x0800584c                _exit
 *(.init)
 *fill*         0x0800584e        0x2 
 .init          0x08005850        0x4 c:/program files (x86)/embitz/1.11/share/em_armgcc/bin/../lib/gcc/arm-none-eabi/5.4.1/armv7e-m/fpu/crti.o
                0x08005850                _init
 .init          0x08005854        0x8 c:/program files (x86)/embitz/1.11/share/em_armgcc/bin/../lib/gcc/arm-none-eabi/5.4.1/armv7e-m/fpu/crtn.o
 *(.fini)
 .fini          0x0800585c        0x4 c:/program files (x86)/embitz/1.11/share/em_armgcc/bin/../lib/gcc/arm-none-eabi/5.4.1/armv7e-m/fpu/crti.o
                0x0800585c                _fini
 .fini          0x08005860        0x8 c:/program files (x86)/embitz/1.11/share/em_armgcc/bin/../lib/gcc/arm-none-eabi/5.4.1/armv7e-m/fpu/crtn.o
 *crtbegin.o(.ctors)
 *crtbegin?.o(.ctors)
 *(EXCLUDE_FILE(*crtend.o *crtend?.o) .ctors)
 *(SORT(.ctors.*))
 *(.ctors)
 *crtbegin.o(.dtors)
 *crtbegin?.o(.dtors)
 *(EXCLUDE_FILE(*crtend.o *crtend?.o) .dtors)
 *(SORT(.dtors.*))
 *(.dtors)
 *(.rodata*)
 .rodata.parityArr
                0x08005868        0x6 obj\release\bsp\src\bsp_uart.o
 *fill*         0x0800586e        0x2 
 .rodata.str1.4
                0x08005870       0x5f obj\release\src\main.o
                                 0x6b (size before relaxing)
 *fill*         0x080058cf        0x1 
 .rodata.OSUnMapTbl
                0x080058d0      0x100 obj\release\ucosii\source\os_core.o
                0x080058d0                OSUnMapTbl
 .rodata.str1.4
                0x080059d0       0x22 obj\release\ucosii\source\os_core.o
 .rodata.str1.4
                0x080059f2        0x2 obj\release\ucosii\source\os_flag.o
 .rodata.str1.4
                0x080059f2        0x2 obj\release\ucosii\source\os_mem.o
 .rodata.str1.4
                0x080059f2        0x2 obj\release\ucosii\source\os_sem.o
 .rodata.str1.4
                0x080059f2        0x2 obj\release\ucosii\source\os_task.o
 *fill*         0x080059f2        0x2 
 .rodata.str1.4
                0x080059f4       0x38 obj\release\ucosii\source\os_tmr.o
                                 0x39 (size before relaxing)
 .rodata.str1.1
                0x08005a2c        0x2 c:/program files (x86)/embitz/1.11/share/em_armgcc/bin/../lib/gcc/arm-none-eabi/5.4.1/../../../../arm-none-eabi/lib/armv7e-m/fpu\libg_n.a(lib_a-impure.o)
 *fill*         0x08005a2e        0x2 
 .rodata._global_impure_ptr
                0x08005a30        0x4 c:/program files (x86)/embitz/1.11/share/em_armgcc/bin/../lib/gcc/arm-none-eabi/5.4.1/../../../../arm-none-eabi/lib/armv7e-m/fpu\libg_n.a(lib_a-impure.o)
                0x08005a30                _global_impure_ptr
 .rodata.str1.1
                0x08005a34       0x12 c:/program files (x86)/embitz/1.11/share/em_armgcc/bin/../lib/gcc/arm-none-eabi/5.4.1/../../../../arm-none-eabi/lib/armv7e-m/fpu\libg_n.a(lib_a-nano-vfprintf_float.o)
 .rodata.str1.1
                0x08005a46       0x22 c:/program files (x86)/embitz/1.11/share/em_armgcc/bin/../lib/gcc/arm-none-eabi/5.4.1/../../../../arm-none-eabi/lib/armv7e-m/fpu\libg_n.a(lib_a-nano-vfprintf_i.o)
 .rodata.str1.1
                0x08005a68        0xd c:/program files (x86)/embitz/1.11/share/em_armgcc/bin/../lib/gcc/arm-none-eabi/5.4.1/../../../../arm-none-eabi/lib/armv7e-m/fpu\libg_n.a(lib_a-dtoa.o)
                                  0xf (size before relaxing)
 *fill*         0x08005a75        0x3 
 .rodata.__sf_fake_stdin
                0x08005a78       0x20 c:/program files (x86)/embitz/1.11/share/em_armgcc/bin/../lib/gcc/arm-none-eabi/5.4.1/../../../../arm-none-eabi/lib/armv7e-m/fpu\libg_n.a(lib_a-findfp.o)
                0x08005a78                __sf_fake_stdin
 .rodata.__sf_fake_stdout
                0x08005a98       0x20 c:/program files (x86)/embitz/1.11/share/em_armgcc/bin/../lib/gcc/arm-none-eabi/5.4.1/../../../../arm-none-eabi/lib/armv7e-m/fpu\libg_n.a(lib_a-findfp.o)
                0x08005a98                __sf_fake_stdout
 .rodata.__sf_fake_stderr
                0x08005ab8       0x20 c:/program files (x86)/embitz/1.11/share/em_armgcc/bin/../lib/gcc/arm-none-eabi/5.4.1/../../../../arm-none-eabi/lib/armv7e-m/fpu\libg_n.a(lib_a-findfp.o)
                0x08005ab8                __sf_fake_stderr
 .rodata.str1.1
                0x08005ad8        0x8 c:/program files (x86)/embitz/1.11/share/em_armgcc/bin/../lib/gcc/arm-none-eabi/5.4.1/../../../../arm-none-eabi/lib/armv7e-m/fpu\libg_n.a(lib_a-locale.o)
                                  0xb (size before relaxing)
 .rodata.p05.5410
                0x08005ae0        0xc c:/program files (x86)/embitz/1.11/share/em_armgcc/bin/../lib/gcc/arm-none-eabi/5.4.1/../../../../arm-none-eabi/lib/armv7e-m/fpu\libg_n.a(lib_a-mprec.o)
 *fill*         0x08005aec        0x4 
 .rodata.__mprec_bigtens
                0x08005af0       0x28 c:/program files (x86)/embitz/1.11/share/em_armgcc/bin/../lib/gcc/arm-none-eabi/5.4.1/../../../../arm-none-eabi/lib/armv7e-m/fpu\libg_n.a(lib_a-mprec.o)
                0x08005af0                __mprec_bigtens
 .rodata.__mprec_tens
                0x08005b18       0xc8 c:/program files (x86)/embitz/1.11/share/em_armgcc/bin/../lib/gcc/arm-none-eabi/5.4.1/../../../../arm-none-eabi/lib/armv7e-m/fpu\libg_n.a(lib_a-mprec.o)
                0x08005b18                __mprec_tens
 .rodata.str1.1
                0x08005be0       0x11 c:/program files (x86)/embitz/1.11/share/em_armgcc/bin/../lib/gcc/arm-none-eabi/5.4.1/../../../../arm-none-eabi/lib/armv7e-m/fpu\libg_n.a(lib_a-nano-vfprintf.o)
 *(.eh_frame*)
 *fill*         0x08005bf1        0x3 
 .eh_frame      0x08005bf4        0x0 c:/program files (x86)/embitz/1.11/share/em_armgcc/bin/../lib/gcc/arm-none-eabi/5.4.1/armv7e-m/fpu/crtbegin.o
 .eh_frame      0x08005bf4        0x4 c:/program files (x86)/embitz/1.11/share/em_armgcc/bin/../lib/gcc/arm-none-eabi/5.4.1/armv7e-m/fpu/crtend.o

.glue_7         0x08005bf8        0x0
 .glue_7        0x08005bf8        0x0 linker stubs

.glue_7t        0x08005bf8        0x0
 .glue_7t       0x08005bf8        0x0 linker stubs

.vfp11_veneer   0x08005bf8        0x0
 .vfp11_veneer  0x08005bf8        0x0 linker stubs

.v4_bx          0x08005bf8        0x0
 .v4_bx         0x08005bf8        0x0 linker stubs

.iplt           0x08005bf8        0x0
 .iplt          0x08005bf8        0x0 c:/program files (x86)/embitz/1.11/share/em_armgcc/bin/../lib/gcc/arm-none-eabi/5.4.1/armv7e-m/fpu/crtbegin.o

.ARM.extab
 *(.ARM.extab* .gnu.linkonce.armextab.*)
                0x08005bf8                __exidx_start = .

.ARM.exidx      0x08005bf8        0x8
 *(.ARM.exidx* .gnu.linkonce.armexidx.*)
 .ARM.exidx     0x08005bf8        0x8 c:/program files (x86)/embitz/1.11/share/em_armgcc/bin/../lib/gcc/arm-none-eabi/5.4.1/../../../../arm-none-eabi/lib/armv7e-m/fpu/crt0.o
                0x08005c00                __exidx_end = .
                0x08005c00                __etext = .

.rel.dyn        0x08005c00        0x0
 .rel.iplt      0x08005c00        0x0 c:/program files (x86)/embitz/1.11/share/em_armgcc/bin/../lib/gcc/arm-none-eabi/5.4.1/armv7e-m/fpu/crtbegin.o

.data           0x20000000       0xb4 load address 0x08005c00
                0x20000000                __data_start__ = .
 *(vtable)
 *(.data*)
 .data.APBAHBPrescTable
                0x20000000       0x10 obj\release\spl\src\stm32f4xx_rcc.o
 .data.impure_data
                0x20000010       0x60 c:/program files (x86)/embitz/1.11/share/em_armgcc/bin/../lib/gcc/arm-none-eabi/5.4.1/../../../../arm-none-eabi/lib/armv7e-m/fpu\libg_n.a(lib_a-impure.o)
 .data._impure_ptr
                0x20000070        0x4 c:/program files (x86)/embitz/1.11/share/em_armgcc/bin/../lib/gcc/arm-none-eabi/5.4.1/../../../../arm-none-eabi/lib/armv7e-m/fpu\libg_n.a(lib_a-impure.o)
                0x20000070                _impure_ptr
 .data.lconv    0x20000074       0x38 c:/program files (x86)/embitz/1.11/share/em_armgcc/bin/../lib/gcc/arm-none-eabi/5.4.1/../../../../arm-none-eabi/lib/armv7e-m/fpu\libg_n.a(lib_a-locale.o)
                0x200000ac                . = ALIGN (0x4)
                0x200000ac                PROVIDE (__preinit_array_start, .)
 *(.preinit_array)
                0x200000ac                PROVIDE (__preinit_array_end, .)
                0x200000ac                . = ALIGN (0x4)
                0x200000ac                PROVIDE (__init_array_start, .)
 *(SORT(.init_array.*))
 *(.init_array)
 .init_array    0x200000ac        0x4 c:/program files (x86)/embitz/1.11/share/em_armgcc/bin/../lib/gcc/arm-none-eabi/5.4.1/armv7e-m/fpu/crtbegin.o
                0x200000b0                PROVIDE (__init_array_end, .)
                0x200000b0                . = ALIGN (0x4)
                [!provide]                PROVIDE (__fini_array_start, .)
 *(SORT(.fini_array.*))
 *(.fini_array)
 .fini_array    0x200000b0        0x4 c:/program files (x86)/embitz/1.11/share/em_armgcc/bin/../lib/gcc/arm-none-eabi/5.4.1/armv7e-m/fpu/crtbegin.o
                [!provide]                PROVIDE (__fini_array_end, .)
                0x200000b4                . = ALIGN (0x4)
                0x200000b4                __data_end__ = .

.jcr            0x200000b4        0x0 load address 0x08005cb4
 .jcr           0x200000b4        0x0 c:/program files (x86)/embitz/1.11/share/em_armgcc/bin/../lib/gcc/arm-none-eabi/5.4.1/armv7e-m/fpu/crtbegin.o

.igot.plt       0x200000b4        0x0 load address 0x08005cb4
 .igot.plt      0x200000b4        0x0 c:/program files (x86)/embitz/1.11/share/em_armgcc/bin/../lib/gcc/arm-none-eabi/5.4.1/armv7e-m/fpu/crtbegin.o

.bss            0x200000b4     0x4230 load address 0x08005cb4
                0x200000b4                __bss_start__ = .
 *(.bss*)
 .bss           0x200000b4       0x1c c:/program files (x86)/embitz/1.11/share/em_armgcc/bin/../lib/gcc/arm-none-eabi/5.4.1/armv7e-m/fpu/crtbegin.o
 .bss.COM1_RX_QUEUE
                0x200000d0       0x10 obj\release\bsp\src\bsp_uart.o
 .bss.TX_QUEUE  0x200000e0       0x10 obj\release\bsp\src\bsp_uart.o
 .bss.COM1_TX_BUFF
                0x200000f0      0x600 obj\release\bsp\src\bsp_uart.o
 .bss.TX_BUFF   0x200006f0      0x600 obj\release\bsp\src\bsp_uart.o
 .bss.COM1_RX_BUFF
                0x20000cf0      0x600 obj\release\bsp\src\bsp_uart.o
 .bss.Print_TaskStk
                0x200012f0      0x400 obj\release\src\main.o
 .bss.App_Task1Stk
                0x200016f0      0x200 obj\release\src\main.o
 .bss.App_TaskStartStk
                0x200018f0      0x200 obj\release\src\main.o
 .bss.Led2_TaskStk
                0x20001af0      0x200 obj\release\src\main.o
 .bss.Float_TaskStk
                0x20001cf0      0x800 obj\release\src\main.o
 .bss.Tty_TaskStk
                0x200024f0      0x800 obj\release\src\main.o
 .bss.OSTmrCtr  0x20002cf0        0x2 obj\release\ucosii\ports\os_cpu_c.o
 *fill*         0x20002cf2        0x2 
 .bss.__malloc_sbrk_start
                0x20002cf4        0x4 c:/program files (x86)/embitz/1.11/share/em_armgcc/bin/../lib/gcc/arm-none-eabi/5.4.1/../../../../arm-none-eabi/lib/armv7e-m/fpu\libg_n.a(lib_a-nano-mallocr.o)
                0x20002cf4                __malloc_sbrk_start
 .bss.__malloc_free_list
                0x20002cf8        0x4 c:/program files (x86)/embitz/1.11/share/em_armgcc/bin/../lib/gcc/arm-none-eabi/5.4.1/../../../../arm-none-eabi/lib/armv7e-m/fpu\libg_n.a(lib_a-nano-mallocr.o)
                0x20002cf8                __malloc_free_list
 .bss.heap_end.4169
                0x20002cfc        0x4 c:/program files (x86)/embitz/1.11/share/em_armgcc/bin/../lib/gcc/arm-none-eabi/5.4.1/../../../../arm-none-eabi/lib/armv7e-m/fpu\libnosys_s.a(sbrk.o)
 *(COMMON)
 COMMON         0x20002d00      0x204 obj\release\ucosii\ports\os_cpu_c.o
                0x20002d00                OS_CPU_ExceptStkBase
                0x20002d04                OS_CPU_ExceptStk
 COMMON         0x20002f04     0x13dc obj\release\ucosii\source\os_core.o
                0x20002f04                OSTmrFreeList
                0x20002f08                OSTmrWheelTbl
                0x20002f48                OSLockNesting
                0x20002f4c                OSTmrSemSignal
                0x20002f50                OSRunning
                0x20002f54                OSIdleCtr
                0x20002f58                OSTmrUsed
                0x20002f5a                OSPrioHighRdy
                0x20002f5c                OSFlagTbl
                0x20002fac                OSTmrTbl
                0x2000322c                OSPrioCur
                0x20003230                OSTCBList
                0x20003234                OSMemTbl
                0x200032ac                OSTickStepState
                0x200032b0                OSTaskStatStk
                0x200034b0                OSCtxSwCtr
                0x200034b4                OSTmrFree
                0x200034b8                OSIdleCtrMax
                0x200034bc                OSTCBFreeList
                0x200034c0                OSCPUUsage
                0x200034c1                OSTaskCtr
                0x200034c4                OSMemFreeList
                0x200034c8                OSQTbl
                0x20003528                OSTCBHighRdy
                0x2000352c                OSQFreeList
                0x20003530                OSRdyGrp
                0x20003534                OSRdyTbl
                0x2000353c                OSTmrTaskStk
                0x2000373c                OSEventFreeList
                0x20003740                OSIntNesting
                0x20003744                OSTCBCur
                0x20003748                OSTmrTime
                0x2000374c                OSTime
                0x20003750                OSTmrSem
                0x20003754                OSTaskIdleStk
                0x20003954                OSEventTbl
                0x20003a44                OSTCBTbl
                0x200041d4                OSFlagFreeList
                0x200041d8                OSStatRdy
                0x200041dc                OSTCBPrioTbl
                0x200042dc                OSIdleCtrRun
 COMMON         0x200042e0        0x4 c:/program files (x86)/embitz/1.11/share/em_armgcc/bin/../lib/gcc/arm-none-eabi/5.4.1/../../../../arm-none-eabi/lib/armv7e-m/fpu\libg_n.a(lib_a-reent.o)
                0x200042e0                errno
                0x200042e4                __bss_end__ = .

.heap           0x200042e8        0x0
                0x200042e8                __end__ = .
                0x200042e8                end = __end__
 *(.heap*)
 .heap          0x200042e8        0x0 obj\release\src\startup_stm32f4xx.o
                0x200042e8                __HeapLimit = .

.stack_dummy    0x200042e8      0x100
 *(.stack)
 .stack         0x200042e8      0x100 obj\release\src\startup_stm32f4xx.o
                0x20020000                __StackTop = (ORIGIN (RAM) + LENGTH (RAM))
                0x2001ff00                __StackLimit = (__StackTop - SIZEOF (.stack_dummy))
                0x20020000                PROVIDE (__stack, __StackTop)
                0x00000001                ASSERT ((__StackLimit >= __HeapLimit), region RAM overflowed with stack)
LOAD obj\release\bsp\src\bsp_led.o
LOAD obj\release\bsp\src\bsp_uart.o
LOAD obj\release\common\src\queue.o
LOAD obj\release\spl\src\misc.o
LOAD obj\release\spl\src\stm32f4xx_adc.o
LOAD obj\release\spl\src\stm32f4xx_can.o
LOAD obj\release\spl\src\stm32f4xx_crc.o
LOAD obj\release\spl\src\stm32f4xx_cryp.o
LOAD obj\release\spl\src\stm32f4xx_cryp_aes.o
LOAD obj\release\spl\src\stm32f4xx_cryp_des.o
LOAD obj\release\spl\src\stm32f4xx_cryp_tdes.o
LOAD obj\release\spl\src\stm32f4xx_dac.o
LOAD obj\release\spl\src\stm32f4xx_dbgmcu.o
LOAD obj\release\spl\src\stm32f4xx_dcmi.o
LOAD obj\release\spl\src\stm32f4xx_dma.o
LOAD obj\release\spl\src\stm32f4xx_exti.o
LOAD obj\release\spl\src\stm32f4xx_flash.o
LOAD obj\release\spl\src\stm32f4xx_fsmc.o
LOAD obj\release\spl\src\stm32f4xx_gpio.o
LOAD obj\release\spl\src\stm32f4xx_hash.o
LOAD obj\release\spl\src\stm32f4xx_hash_md5.o
LOAD obj\release\spl\src\stm32f4xx_hash_sha1.o
LOAD obj\release\spl\src\stm32f4xx_i2c.o
LOAD obj\release\spl\src\stm32f4xx_iwdg.o
LOAD obj\release\spl\src\stm32f4xx_pwr.o
LOAD obj\release\spl\src\stm32f4xx_rcc.o
LOAD obj\release\spl\src\stm32f4xx_rng.o
LOAD obj\release\spl\src\stm32f4xx_rtc.o
LOAD obj\release\spl\src\stm32f4xx_sdio.o
LOAD obj\release\spl\src\stm32f4xx_spi.o
LOAD obj\release\spl\src\stm32f4xx_syscfg.o
LOAD obj\release\spl\src\stm32f4xx_tim.o
LOAD obj\release\spl\src\stm32f4xx_usart.o
LOAD obj\release\spl\src\stm32f4xx_wwdg.o
LOAD obj\release\src\main.o
LOAD obj\release\src\startup_stm32f4xx.o
LOAD obj\release\src\system_stm32f4xx.o
LOAD obj\release\ucosii\ports\os_cpu_a.o
LOAD obj\release\ucosii\ports\os_cpu_c.o
LOAD obj\release\ucosii\ports\os_dbg.o
LOAD obj\release\ucosii\source\os_core.o
LOAD obj\release\ucosii\source\os_flag.o
LOAD obj\release\ucosii\source\os_mbox.o
LOAD obj\release\ucosii\source\os_mem.o
LOAD obj\release\ucosii\source\os_mutex.o
LOAD obj\release\ucosii\source\os_q.o
LOAD obj\release\ucosii\source\os_sem.o
LOAD obj\release\ucosii\source\os_task.o
LOAD obj\release\ucosii\source\os_time.o
LOAD obj\release\ucosii\source\os_tmr.o
START GROUP
LOAD c:/program files (x86)/embitz/1.11/share/em_armgcc/bin/../lib/gcc/arm-none-eabi/5.4.1/armv7e-m/fpu\libgcc.a
LOAD c:/program files (x86)/embitz/1.11/share/em_armgcc/bin/../lib/gcc/arm-none-eabi/5.4.1/../../../../arm-none-eabi/lib/armv7e-m/fpu\libg_n.a
LOAD c:/program files (x86)/embitz/1.11/share/em_armgcc/bin/../lib/gcc/arm-none-eabi/5.4.1/../../../../arm-none-eabi/lib/armv7e-m/fpu\libc_n.a
END GROUP
START GROUP
LOAD c:/program files (x86)/embitz/1.11/share/em_armgcc/bin/../lib/gcc/arm-none-eabi/5.4.1/armv7e-m/fpu\libgcc.a
LOAD c:/program files (x86)/embitz/1.11/share/em_armgcc/bin/../lib/gcc/arm-none-eabi/5.4.1/../../../../arm-none-eabi/lib/armv7e-m/fpu\libc_n.a
LOAD c:/program files (x86)/embitz/1.11/share/em_armgcc/bin/../lib/gcc/arm-none-eabi/5.4.1/../../../../arm-none-eabi/lib/armv7e-m/fpu\libnosys_s.a
END GROUP
LOAD c:/program files (x86)/embitz/1.11/share/em_armgcc/bin/../lib/gcc/arm-none-eabi/5.4.1/armv7e-m/fpu/crtend.o
LOAD c:/program files (x86)/embitz/1.11/share/em_armgcc/bin/../lib/gcc/arm-none-eabi/5.4.1/armv7e-m/fpu/crtn.o
OUTPUT(bin\Release\ucos-20190121-lib.elf elf32-littlearm)

.ARM.attributes
                0x00000000       0x30
 .ARM.attributes
                0x00000000       0x22 c:/program files (x86)/embitz/1.11/share/em_armgcc/bin/../lib/gcc/arm-none-eabi/5.4.1/armv7e-m/fpu/crti.o
 .ARM.attributes
                0x00000022       0x34 c:/program files (x86)/embitz/1.11/share/em_armgcc/bin/../lib/gcc/arm-none-eabi/5.4.1/armv7e-m/fpu/crtbegin.o
 .ARM.attributes
                0x00000056       0x20 c:/program files (x86)/embitz/1.11/share/em_armgcc/bin/../lib/gcc/arm-none-eabi/5.4.1/../../../../arm-none-eabi/lib/armv7e-m/fpu/crt0.o
 .ARM.attributes
                0x00000076       0x39 obj\release\bsp\src\bsp_led.o
 .ARM.attributes
                0x000000af       0x39 obj\release\bsp\src\bsp_uart.o
 .ARM.attributes
                0x000000e8       0x39 obj\release\common\src\queue.o
 .ARM.attributes
                0x00000121       0x39 obj\release\spl\src\misc.o
 .ARM.attributes
                0x0000015a       0x39 obj\release\spl\src\stm32f4xx_dma.o
 .ARM.attributes
                0x00000193       0x39 obj\release\spl\src\stm32f4xx_gpio.o
 .ARM.attributes
                0x000001cc       0x39 obj\release\spl\src\stm32f4xx_rcc.o
 .ARM.attributes
                0x00000205       0x39 obj\release\spl\src\stm32f4xx_usart.o
 .ARM.attributes
                0x0000023e       0x39 obj\release\src\main.o
 .ARM.attributes
                0x00000277       0x1f obj\release\src\startup_stm32f4xx.o
 .ARM.attributes
                0x00000296       0x39 obj\release\src\system_stm32f4xx.o
 .ARM.attributes
                0x000002cf       0x25 obj\release\ucosii\ports\os_cpu_a.o
 .ARM.attributes
                0x000002f4       0x39 obj\release\ucosii\ports\os_cpu_c.o
 .ARM.attributes
                0x0000032d       0x39 obj\release\ucosii\source\os_core.o
 .ARM.attributes
                0x00000366       0x39 obj\release\ucosii\source\os_flag.o
 .ARM.attributes
                0x0000039f       0x39 obj\release\ucosii\source\os_mem.o
 .ARM.attributes
                0x000003d8       0x39 obj\release\ucosii\source\os_q.o
 .ARM.attributes
                0x00000411       0x39 obj\release\ucosii\source\os_sem.o
 .ARM.attributes
                0x0000044a       0x39 obj\release\ucosii\source\os_task.o
 .ARM.attributes
                0x00000483       0x39 obj\release\ucosii\source\os_time.o
 .ARM.attributes
                0x000004bc       0x39 obj\release\ucosii\source\os_tmr.o
 .ARM.attributes
                0x000004f5       0x22 c:/program files (x86)/embitz/1.11/share/em_armgcc/bin/../lib/gcc/arm-none-eabi/5.4.1/armv7e-m/fpu\libgcc.a(_arm_addsubdf3.o)
 .ARM.attributes
                0x00000517       0x34 c:/program files (x86)/embitz/1.11/share/em_armgcc/bin/../lib/gcc/arm-none-eabi/5.4.1/../../../../arm-none-eabi/lib/armv7e-m/fpu\libg_n.a(lib_a-exit.o)
 .ARM.attributes
                0x0000054b       0x34 c:/program files (x86)/embitz/1.11/share/em_armgcc/bin/../lib/gcc/arm-none-eabi/5.4.1/../../../../arm-none-eabi/lib/armv7e-m/fpu\libg_n.a(lib_a-impure.o)
 .ARM.attributes
                0x0000057f       0x34 c:/program files (x86)/embitz/1.11/share/em_armgcc/bin/../lib/gcc/arm-none-eabi/5.4.1/../../../../arm-none-eabi/lib/armv7e-m/fpu\libg_n.a(lib_a-init.o)
 .ARM.attributes
                0x000005b3       0x34 c:/program files (x86)/embitz/1.11/share/em_armgcc/bin/../lib/gcc/arm-none-eabi/5.4.1/../../../../arm-none-eabi/lib/armv7e-m/fpu\libg_n.a(lib_a-memcpy-stub.o)
 .ARM.attributes
                0x000005e7       0x34 c:/program files (x86)/embitz/1.11/share/em_armgcc/bin/../lib/gcc/arm-none-eabi/5.4.1/../../../../arm-none-eabi/lib/armv7e-m/fpu\libg_n.a(lib_a-memset.o)
 .ARM.attributes
                0x0000061b       0x34 c:/program files (x86)/embitz/1.11/share/em_armgcc/bin/../lib/gcc/arm-none-eabi/5.4.1/../../../../arm-none-eabi/lib/armv7e-m/fpu\libg_n.a(lib_a-nano-vfprintf_float.o)
 .ARM.attributes
                0x0000064f       0x34 c:/program files (x86)/embitz/1.11/share/em_armgcc/bin/../lib/gcc/arm-none-eabi/5.4.1/../../../../arm-none-eabi/lib/armv7e-m/fpu\libg_n.a(lib_a-nano-vfprintf_i.o)
 .ARM.attributes
                0x00000683       0x34 c:/program files (x86)/embitz/1.11/share/em_armgcc/bin/../lib/gcc/arm-none-eabi/5.4.1/../../../../arm-none-eabi/lib/armv7e-m/fpu\libg_n.a(lib_a-printf.o)
 .ARM.attributes
                0x000006b7       0x20 c:/program files (x86)/embitz/1.11/share/em_armgcc/bin/../lib/gcc/arm-none-eabi/5.4.1/../../../../arm-none-eabi/lib/armv7e-m/fpu\libg_n.a(lib_a-strcmp.o)
 .ARM.attributes
                0x000006d7       0x1b c:/program files (x86)/embitz/1.11/share/em_armgcc/bin/../lib/gcc/arm-none-eabi/5.4.1/../../../../arm-none-eabi/lib/armv7e-m/fpu\libg_n.a(lib_a-strlen.o)
 .ARM.attributes
                0x000006f2       0x34 c:/program files (x86)/embitz/1.11/share/em_armgcc/bin/../lib/gcc/arm-none-eabi/5.4.1/../../../../arm-none-eabi/lib/armv7e-m/fpu\libg_n.a(lib_a-dtoa.o)
 .ARM.attributes
                0x00000726       0x34 c:/program files (x86)/embitz/1.11/share/em_armgcc/bin/../lib/gcc/arm-none-eabi/5.4.1/../../../../arm-none-eabi/lib/armv7e-m/fpu\libg_n.a(lib_a-findfp.o)
 .ARM.attributes
                0x0000075a       0x34 c:/program files (x86)/embitz/1.11/share/em_armgcc/bin/../lib/gcc/arm-none-eabi/5.4.1/../../../../arm-none-eabi/lib/armv7e-m/fpu\libg_n.a(lib_a-fwalk.o)
 .ARM.attributes
                0x0000078e       0x34 c:/program files (x86)/embitz/1.11/share/em_armgcc/bin/../lib/gcc/arm-none-eabi/5.4.1/../../../../arm-none-eabi/lib/armv7e-m/fpu\libg_n.a(lib_a-locale.o)
 .ARM.attributes
                0x000007c2       0x34 c:/program files (x86)/embitz/1.11/share/em_armgcc/bin/../lib/gcc/arm-none-eabi/5.4.1/../../../../arm-none-eabi/lib/armv7e-m/fpu\libg_n.a(lib_a-malloc.o)
 .ARM.attributes
                0x000007f6       0x20 c:/program files (x86)/embitz/1.11/share/em_armgcc/bin/../lib/gcc/arm-none-eabi/5.4.1/../../../../arm-none-eabi/lib/armv7e-m/fpu\libg_n.a(lib_a-memchr.o)
 .ARM.attributes
                0x00000816       0x34 c:/program files (x86)/embitz/1.11/share/em_armgcc/bin/../lib/gcc/arm-none-eabi/5.4.1/../../../../arm-none-eabi/lib/armv7e-m/fpu\libg_n.a(lib_a-mprec.o)
 .ARM.attributes
                0x0000084a       0x34 c:/program files (x86)/embitz/1.11/share/em_armgcc/bin/../lib/gcc/arm-none-eabi/5.4.1/../../../../arm-none-eabi/lib/armv7e-m/fpu\libg_n.a(lib_a-nano-callocr.o)
 .ARM.attributes
                0x0000087e       0x34 c:/program files (x86)/embitz/1.11/share/em_armgcc/bin/../lib/gcc/arm-none-eabi/5.4.1/../../../../arm-none-eabi/lib/armv7e-m/fpu\libg_n.a(lib_a-nano-freer.o)
 .ARM.attributes
                0x000008b2       0x34 c:/program files (x86)/embitz/1.11/share/em_armgcc/bin/../lib/gcc/arm-none-eabi/5.4.1/../../../../arm-none-eabi/lib/armv7e-m/fpu\libg_n.a(lib_a-nano-mallocr.o)
 .ARM.attributes
                0x000008e6       0x34 c:/program files (x86)/embitz/1.11/share/em_armgcc/bin/../lib/gcc/arm-none-eabi/5.4.1/../../../../arm-none-eabi/lib/armv7e-m/fpu\libg_n.a(lib_a-nano-vfprintf.o)
 .ARM.attributes
                0x0000091a       0x34 c:/program files (x86)/embitz/1.11/share/em_armgcc/bin/../lib/gcc/arm-none-eabi/5.4.1/../../../../arm-none-eabi/lib/armv7e-m/fpu\libg_n.a(lib_a-sbrkr.o)
 .ARM.attributes
                0x0000094e       0x34 c:/program files (x86)/embitz/1.11/share/em_armgcc/bin/../lib/gcc/arm-none-eabi/5.4.1/../../../../arm-none-eabi/lib/armv7e-m/fpu\libg_n.a(lib_a-stdio.o)
 .ARM.attributes
                0x00000982       0x34 c:/program files (x86)/embitz/1.11/share/em_armgcc/bin/../lib/gcc/arm-none-eabi/5.4.1/../../../../arm-none-eabi/lib/armv7e-m/fpu\libg_n.a(lib_a-wbuf.o)
 .ARM.attributes
                0x000009b6       0x34 c:/program files (x86)/embitz/1.11/share/em_armgcc/bin/../lib/gcc/arm-none-eabi/5.4.1/../../../../arm-none-eabi/lib/armv7e-m/fpu\libg_n.a(lib_a-writer.o)
 .ARM.attributes
                0x000009ea       0x34 c:/program files (x86)/embitz/1.11/share/em_armgcc/bin/../lib/gcc/arm-none-eabi/5.4.1/../../../../arm-none-eabi/lib/armv7e-m/fpu\libg_n.a(lib_a-wsetup.o)
 .ARM.attributes
                0x00000a1e       0x34 c:/program files (x86)/embitz/1.11/share/em_armgcc/bin/../lib/gcc/arm-none-eabi/5.4.1/../../../../arm-none-eabi/lib/armv7e-m/fpu\libg_n.a(lib_a-closer.o)
 .ARM.attributes
                0x00000a52       0x34 c:/program files (x86)/embitz/1.11/share/em_armgcc/bin/../lib/gcc/arm-none-eabi/5.4.1/../../../../arm-none-eabi/lib/armv7e-m/fpu\libg_n.a(lib_a-fflush.o)
 .ARM.attributes
                0x00000a86       0x34 c:/program files (x86)/embitz/1.11/share/em_armgcc/bin/../lib/gcc/arm-none-eabi/5.4.1/../../../../arm-none-eabi/lib/armv7e-m/fpu\libg_n.a(lib_a-lseekr.o)
 .ARM.attributes
                0x00000aba       0x34 c:/program files (x86)/embitz/1.11/share/em_armgcc/bin/../lib/gcc/arm-none-eabi/5.4.1/../../../../arm-none-eabi/lib/armv7e-m/fpu\libg_n.a(lib_a-makebuf.o)
 .ARM.attributes
                0x00000aee       0x34 c:/program files (x86)/embitz/1.11/share/em_armgcc/bin/../lib/gcc/arm-none-eabi/5.4.1/../../../../arm-none-eabi/lib/armv7e-m/fpu\libg_n.a(lib_a-mlock.o)
 .ARM.attributes
                0x00000b22       0x34 c:/program files (x86)/embitz/1.11/share/em_armgcc/bin/../lib/gcc/arm-none-eabi/5.4.1/../../../../arm-none-eabi/lib/armv7e-m/fpu\libg_n.a(lib_a-readr.o)
 .ARM.attributes
                0x00000b56       0x34 c:/program files (x86)/embitz/1.11/share/em_armgcc/bin/../lib/gcc/arm-none-eabi/5.4.1/../../../../arm-none-eabi/lib/armv7e-m/fpu\libg_n.a(lib_a-reent.o)
 .ARM.attributes
                0x00000b8a       0x34 c:/program files (x86)/embitz/1.11/share/em_armgcc/bin/../lib/gcc/arm-none-eabi/5.4.1/../../../../arm-none-eabi/lib/armv7e-m/fpu\libg_n.a(lib_a-fstatr.o)
 .ARM.attributes
                0x00000bbe       0x34 c:/program files (x86)/embitz/1.11/share/em_armgcc/bin/../lib/gcc/arm-none-eabi/5.4.1/../../../../arm-none-eabi/lib/armv7e-m/fpu\libg_n.a(lib_a-isattyr.o)
 .ARM.attributes
                0x00000bf2       0x22 c:/program files (x86)/embitz/1.11/share/em_armgcc/bin/../lib/gcc/arm-none-eabi/5.4.1/armv7e-m/fpu\libgcc.a(_arm_muldivdf3.o)
 .ARM.attributes
                0x00000c14       0x22 c:/program files (x86)/embitz/1.11/share/em_armgcc/bin/../lib/gcc/arm-none-eabi/5.4.1/armv7e-m/fpu\libgcc.a(_arm_cmpdf2.o)
 .ARM.attributes
                0x00000c36       0x22 c:/program files (x86)/embitz/1.11/share/em_armgcc/bin/../lib/gcc/arm-none-eabi/5.4.1/armv7e-m/fpu\libgcc.a(_arm_unorddf2.o)
 .ARM.attributes
                0x00000c58       0x22 c:/program files (x86)/embitz/1.11/share/em_armgcc/bin/../lib/gcc/arm-none-eabi/5.4.1/armv7e-m/fpu\libgcc.a(_arm_fixdfsi.o)
 .ARM.attributes
                0x00000c7a       0x34 c:/program files (x86)/embitz/1.11/share/em_armgcc/bin/../lib/gcc/arm-none-eabi/5.4.1/../../../../arm-none-eabi/lib/armv7e-m/fpu\libnosys_s.a(close.o)
 .ARM.attributes
                0x00000cae       0x34 c:/program files (x86)/embitz/1.11/share/em_armgcc/bin/../lib/gcc/arm-none-eabi/5.4.1/../../../../arm-none-eabi/lib/armv7e-m/fpu\libnosys_s.a(fstat.o)
 .ARM.attributes
                0x00000ce2       0x34 c:/program files (x86)/embitz/1.11/share/em_armgcc/bin/../lib/gcc/arm-none-eabi/5.4.1/../../../../arm-none-eabi/lib/armv7e-m/fpu\libnosys_s.a(isatty.o)
 .ARM.attributes
                0x00000d16       0x34 c:/program files (x86)/embitz/1.11/share/em_armgcc/bin/../lib/gcc/arm-none-eabi/5.4.1/../../../../arm-none-eabi/lib/armv7e-m/fpu\libnosys_s.a(lseek.o)
 .ARM.attributes
                0x00000d4a       0x34 c:/program files (x86)/embitz/1.11/share/em_armgcc/bin/../lib/gcc/arm-none-eabi/5.4.1/../../../../arm-none-eabi/lib/armv7e-m/fpu\libnosys_s.a(read.o)
 .ARM.attributes
                0x00000d7e       0x34 c:/program files (x86)/embitz/1.11/share/em_armgcc/bin/../lib/gcc/arm-none-eabi/5.4.1/../../../../arm-none-eabi/lib/armv7e-m/fpu\libnosys_s.a(sbrk.o)
 .ARM.attributes
                0x00000db2       0x34 c:/program files (x86)/embitz/1.11/share/em_armgcc/bin/../lib/gcc/arm-none-eabi/5.4.1/../../../../arm-none-eabi/lib/armv7e-m/fpu\libnosys_s.a(_exit.o)
 .ARM.attributes
                0x00000de6       0x34 c:/program files (x86)/embitz/1.11/share/em_armgcc/bin/../lib/gcc/arm-none-eabi/5.4.1/armv7e-m/fpu/crtend.o
 .ARM.attributes
                0x00000e1a       0x22 c:/program files (x86)/embitz/1.11/share/em_armgcc/bin/../lib/gcc/arm-none-eabi/5.4.1/armv7e-m/fpu/crtn.o

.comment        0x00000000       0x6e
 .comment       0x00000000       0x6e obj\release\bsp\src\bsp_led.o
                                 0x6f (size before relaxing)
 .comment       0x0000006e       0x6f obj\release\bsp\src\bsp_uart.o
 .comment       0x0000006e       0x6f obj\release\common\src\queue.o
 .comment       0x0000006e       0x6f obj\release\spl\src\misc.o
 .comment       0x0000006e       0x6f obj\release\spl\src\stm32f4xx_dma.o
 .comment       0x0000006e       0x6f obj\release\spl\src\stm32f4xx_gpio.o
 .comment       0x0000006e       0x6f obj\release\spl\src\stm32f4xx_rcc.o
 .comment       0x0000006e       0x6f obj\release\spl\src\stm32f4xx_usart.o
 .comment       0x0000006e       0x6f obj\release\src\main.o
 .comment       0x0000006e       0x6f obj\release\src\system_stm32f4xx.o
 .comment       0x0000006e       0x6f obj\release\ucosii\ports\os_cpu_c.o
 .comment       0x0000006e       0x6f obj\release\ucosii\source\os_core.o
 .comment       0x0000006e       0x6f obj\release\ucosii\source\os_flag.o
 .comment       0x0000006e       0x6f obj\release\ucosii\source\os_mem.o
 .comment       0x0000006e       0x6f obj\release\ucosii\source\os_q.o
 .comment       0x0000006e       0x6f obj\release\ucosii\source\os_sem.o
 .comment       0x0000006e       0x6f obj\release\ucosii\source\os_task.o
 .comment       0x0000006e       0x6f obj\release\ucosii\source\os_time.o
 .comment       0x0000006e       0x6f obj\release\ucosii\source\os_tmr.o

.debug_info     0x00000000     0xca6b
 .debug_info    0x00000000      0x388 obj\release\bsp\src\bsp_led.o
 .debug_info    0x00000388     0x13b6 obj\release\bsp\src\bsp_uart.o
 .debug_info    0x0000173e      0x4e0 obj\release\common\src\queue.o
 .debug_info    0x00001c1e      0x560 obj\release\spl\src\misc.o
 .debug_info    0x0000217e      0x700 obj\release\spl\src\stm32f4xx_dma.o
 .debug_info    0x0000287e      0x7df obj\release\spl\src\stm32f4xx_gpio.o
 .debug_info    0x0000305d      0xd11 obj\release\spl\src\stm32f4xx_rcc.o
 .debug_info    0x00003d6e      0xb31 obj\release\spl\src\stm32f4xx_usart.o
 .debug_info    0x0000489f      0x885 obj\release\src\main.o
 .debug_info    0x00005124       0x6e obj\release\src\startup_stm32f4xx.o
 .debug_info    0x00005192      0x5ea obj\release\src\system_stm32f4xx.o
 .debug_info    0x0000577c       0x6e obj\release\ucosii\ports\os_cpu_a.o
 .debug_info    0x000057ea      0xbcd obj\release\ucosii\ports\os_cpu_c.o
 .debug_info    0x000063b7     0x1a32 obj\release\ucosii\source\os_core.o
 .debug_info    0x00007de9      0xd11 obj\release\ucosii\source\os_flag.o
 .debug_info    0x00008afa      0x517 obj\release\ucosii\source\os_mem.o
 .debug_info    0x00009011      0xcd5 obj\release\ucosii\source\os_q.o
 .debug_info    0x00009ce6      0x927 obj\release\ucosii\source\os_sem.o
 .debug_info    0x0000a60d     0x10dc obj\release\ucosii\source\os_task.o
 .debug_info    0x0000b6e9      0x5fa obj\release\ucosii\source\os_time.o
 .debug_info    0x0000bce3      0xd88 obj\release\ucosii\source\os_tmr.o

.debug_abbrev   0x00000000     0x2788
 .debug_abbrev  0x00000000      0x18c obj\release\bsp\src\bsp_led.o
 .debug_abbrev  0x0000018c      0x2a9 obj\release\bsp\src\bsp_uart.o
 .debug_abbrev  0x00000435      0x170 obj\release\common\src\queue.o
 .debug_abbrev  0x000005a5      0x158 obj\release\spl\src\misc.o
 .debug_abbrev  0x000006fd      0x177 obj\release\spl\src\stm32f4xx_dma.o
 .debug_abbrev  0x00000874      0x1f5 obj\release\spl\src\stm32f4xx_gpio.o
 .debug_abbrev  0x00000a69      0x299 obj\release\spl\src\stm32f4xx_rcc.o
 .debug_abbrev  0x00000d02      0x1d9 obj\release\spl\src\stm32f4xx_usart.o
 .debug_abbrev  0x00000edb      0x25f obj\release\src\main.o
 .debug_abbrev  0x0000113a       0x14 obj\release\src\startup_stm32f4xx.o
 .debug_abbrev  0x0000114e      0x161 obj\release\src\system_stm32f4xx.o
 .debug_abbrev  0x000012af       0x14 obj\release\ucosii\ports\os_cpu_a.o
 .debug_abbrev  0x000012c3      0x2d4 obj\release\ucosii\ports\os_cpu_c.o
 .debug_abbrev  0x00001597      0x372 obj\release\ucosii\source\os_core.o
 .debug_abbrev  0x00001909      0x25d obj\release\ucosii\source\os_flag.o
 .debug_abbrev  0x00001b66      0x192 obj\release\ucosii\source\os_mem.o
 .debug_abbrev  0x00001cf8      0x1bd obj\release\ucosii\source\os_q.o
 .debug_abbrev  0x00001eb5      0x1be obj\release\ucosii\source\os_sem.o
 .debug_abbrev  0x00002073      0x281 obj\release\ucosii\source\os_task.o
 .debug_abbrev  0x000022f4      0x1af obj\release\ucosii\source\os_time.o
 .debug_abbrev  0x000024a3      0x2e5 obj\release\ucosii\source\os_tmr.o

.debug_loc      0x00000000     0x9630
 .debug_loc     0x00000000       0x42 obj\release\bsp\src\bsp_led.o
 .debug_loc     0x00000042      0x376 obj\release\bsp\src\bsp_uart.o
 .debug_loc     0x000003b8      0xa7a obj\release\common\src\queue.o
 .debug_loc     0x00000e32      0x186 obj\release\spl\src\misc.o
 .debug_loc     0x00000fb8      0x41a obj\release\spl\src\stm32f4xx_dma.o
 .debug_loc     0x000013d2      0x369 obj\release\spl\src\stm32f4xx_gpio.o
 .debug_loc     0x0000173b      0xb54 obj\release\spl\src\stm32f4xx_rcc.o
 .debug_loc     0x0000228f      0x931 obj\release\spl\src\stm32f4xx_usart.o
 .debug_loc     0x00002bc0      0x153 obj\release\src\main.o
 .debug_loc     0x00002d13      0x13b obj\release\src\system_stm32f4xx.o
 .debug_loc     0x00002e4e      0x238 obj\release\ucosii\ports\os_cpu_c.o
 .debug_loc     0x00003086     0x1480 obj\release\ucosii\source\os_core.o
 .debug_loc     0x00004506     0x11da obj\release\ucosii\source\os_flag.o
 .debug_loc     0x000056e0      0x67c obj\release\ucosii\source\os_mem.o
 .debug_loc     0x00005d5c      0xe45 obj\release\ucosii\source\os_q.o
 .debug_loc     0x00006ba1      0x8f5 obj\release\ucosii\source\os_sem.o
 .debug_loc     0x00007496     0x1504 obj\release\ucosii\source\os_task.o
 .debug_loc     0x0000899a      0x2ce obj\release\ucosii\source\os_time.o
 .debug_loc     0x00008c68      0x9c8 obj\release\ucosii\source\os_tmr.o

.debug_aranges  0x00000000      0x9c8
 .debug_aranges
                0x00000000       0x38 obj\release\bsp\src\bsp_led.o
 .debug_aranges
                0x00000038       0x68 obj\release\bsp\src\bsp_uart.o
 .debug_aranges
                0x000000a0       0x58 obj\release\common\src\queue.o
 .debug_aranges
                0x000000f8       0x40 obj\release\spl\src\misc.o
 .debug_aranges
                0x00000138       0xa8 obj\release\spl\src\stm32f4xx_dma.o
 .debug_aranges
                0x000001e0       0x88 obj\release\spl\src\stm32f4xx_gpio.o
 .debug_aranges
                0x00000268      0x178 obj\release\spl\src\stm32f4xx_rcc.o
 .debug_aranges
                0x000003e0      0x100 obj\release\spl\src\stm32f4xx_usart.o
 .debug_aranges
                0x000004e0       0x58 obj\release\src\main.o
 .debug_aranges
                0x00000538       0x20 obj\release\src\startup_stm32f4xx.o
 .debug_aranges
                0x00000558       0x28 obj\release\src\system_stm32f4xx.o
 .debug_aranges
                0x00000580       0x20 obj\release\ucosii\ports\os_cpu_a.o
 .debug_aranges
                0x000005a0       0x50 obj\release\ucosii\ports\os_cpu_c.o
 .debug_aranges
                0x000005f0       0xf0 obj\release\ucosii\source\os_core.o
 .debug_aranges
                0x000006e0       0x80 obj\release\ucosii\source\os_flag.o
 .debug_aranges
                0x00000760       0x50 obj\release\ucosii\source\os_mem.o
 .debug_aranges
                0x000007b0       0x70 obj\release\ucosii\source\os_q.o
 .debug_aranges
                0x00000820       0x58 obj\release\ucosii\source\os_sem.o
 .debug_aranges
                0x00000878       0x98 obj\release\ucosii\source\os_task.o
 .debug_aranges
                0x00000910       0x40 obj\release\ucosii\source\os_time.o
 .debug_aranges
                0x00000950       0x78 obj\release\ucosii\source\os_tmr.o

.debug_ranges   0x00000000      0xab8
 .debug_ranges  0x00000000       0x28 obj\release\bsp\src\bsp_led.o
 .debug_ranges  0x00000028       0x70 obj\release\bsp\src\bsp_uart.o
 .debug_ranges  0x00000098       0x48 obj\release\common\src\queue.o
 .debug_ranges  0x000000e0       0x30 obj\release\spl\src\misc.o
 .debug_ranges  0x00000110       0x98 obj\release\spl\src\stm32f4xx_dma.o
 .debug_ranges  0x000001a8       0x78 obj\release\spl\src\stm32f4xx_gpio.o
 .debug_ranges  0x00000220      0x188 obj\release\spl\src\stm32f4xx_rcc.o
 .debug_ranges  0x000003a8       0xf0 obj\release\spl\src\stm32f4xx_usart.o
 .debug_ranges  0x00000498       0x48 obj\release\src\main.o
 .debug_ranges  0x000004e0       0x30 obj\release\src\system_stm32f4xx.o
 .debug_ranges  0x00000510       0x60 obj\release\ucosii\ports\os_cpu_c.o
 .debug_ranges  0x00000570      0x1f0 obj\release\ucosii\source\os_core.o
 .debug_ranges  0x00000760       0xa8 obj\release\ucosii\source\os_flag.o
 .debug_ranges  0x00000808       0x40 obj\release\ucosii\source\os_mem.o
 .debug_ranges  0x00000848       0x60 obj\release\ucosii\source\os_q.o
 .debug_ranges  0x000008a8       0x48 obj\release\ucosii\source\os_sem.o
 .debug_ranges  0x000008f0       0xb8 obj\release\ucosii\source\os_task.o
 .debug_ranges  0x000009a8       0x48 obj\release\ucosii\source\os_time.o
 .debug_ranges  0x000009f0       0xc8 obj\release\ucosii\source\os_tmr.o

.debug_line     0x00000000     0x3b8f
 .debug_line    0x00000000      0x19c obj\release\bsp\src\bsp_led.o
 .debug_line    0x0000019c      0x306 obj\release\bsp\src\bsp_uart.o
 .debug_line    0x000004a2      0x2d7 obj\release\common\src\queue.o
 .debug_line    0x00000779      0x1ac obj\release\spl\src\misc.o
 .debug_line    0x00000925      0x35a obj\release\spl\src\stm32f4xx_dma.o
 .debug_line    0x00000c7f      0x2df obj\release\spl\src\stm32f4xx_gpio.o
 .debug_line    0x00000f5e      0x4ed obj\release\spl\src\stm32f4xx_rcc.o
 .debug_line    0x0000144b      0x464 obj\release\spl\src\stm32f4xx_usart.o
 .debug_line    0x000018af      0x324 obj\release\src\main.o
 .debug_line    0x00001bd3       0xcc obj\release\src\startup_stm32f4xx.o
 .debug_line    0x00001c9f      0x19c obj\release\src\system_stm32f4xx.o
 .debug_line    0x00001e3b       0x9e obj\release\ucosii\ports\os_cpu_a.o
 .debug_line    0x00001ed9      0x277 obj\release\ucosii\ports\os_cpu_c.o
 .debug_line    0x00002150      0x658 obj\release\ucosii\source\os_core.o
 .debug_line    0x000027a8      0x3c8 obj\release\ucosii\source\os_flag.o
 .debug_line    0x00002b70      0x1b6 obj\release\ucosii\source\os_mem.o
 .debug_line    0x00002d26      0x31a obj\release\ucosii\source\os_q.o
 .debug_line    0x00003040      0x23f obj\release\ucosii\source\os_sem.o
 .debug_line    0x0000327f      0x41a obj\release\ucosii\source\os_task.o
 .debug_line    0x00003699      0x12b obj\release\ucosii\source\os_time.o
 .debug_line    0x000037c4      0x3cb obj\release\ucosii\source\os_tmr.o

.debug_str      0x00000000     0x2fc1
 .debug_str     0x00000000      0x394 obj\release\bsp\src\bsp_led.o
                                0x3ef (size before relaxing)
 .debug_str     0x00000394      0x6d1 obj\release\bsp\src\bsp_uart.o
                                0xa9b (size before relaxing)
 .debug_str     0x00000a65       0xae obj\release\common\src\queue.o
                                0x300 (size before relaxing)
 .debug_str     0x00000b13      0x183 obj\release\spl\src\misc.o
                                0x414 (size before relaxing)
 .debug_str     0x00000c96      0x1c2 obj\release\spl\src\stm32f4xx_dma.o
                                0x57a (size before relaxing)
 .debug_str     0x00000e58      0x16e obj\release\spl\src\stm32f4xx_gpio.o
                                0x500 (size before relaxing)
 .debug_str     0x00000fc6      0x5bf obj\release\spl\src\stm32f4xx_rcc.o
                                0x896 (size before relaxing)
 .debug_str     0x00001585      0x2da obj\release\spl\src\stm32f4xx_usart.o
                                0x715 (size before relaxing)
 .debug_str     0x0000185f      0x16e obj\release\src\main.o
                                0x436 (size before relaxing)
 .debug_str     0x000019cd       0x95 obj\release\src\system_stm32f4xx.o
                                0x3f2 (size before relaxing)
 .debug_str     0x00001a62      0x897 obj\release\ucosii\ports\os_cpu_c.o
                                0xb93 (size before relaxing)
 .debug_str     0x000022f9      0x6df obj\release\ucosii\source\os_core.o
                                0xb72 (size before relaxing)
 .debug_str     0x000029d8      0x13a obj\release\ucosii\source\os_flag.o
                                0x616 (size before relaxing)
 .debug_str     0x00002b12       0xda obj\release\ucosii\source\os_mem.o
                                0x300 (size before relaxing)
 .debug_str     0x00002bec       0xc0 obj\release\ucosii\source\os_q.o
                                0x5d8 (size before relaxing)
 .debug_str     0x00002cac       0x98 obj\release\ucosii\source\os_sem.o
                                0x54f (size before relaxing)
 .debug_str     0x00002d44      0x11d obj\release\ucosii\source\os_task.o
                                0x6c6 (size before relaxing)
 .debug_str     0x00002e61       0x60 obj\release\ucosii\source\os_time.o
                                0x4b1 (size before relaxing)
 .debug_str     0x00002ec1      0x100 obj\release\ucosii\source\os_tmr.o
                                0x6bc (size before relaxing)

.debug_frame    0x00000000     0x2834
 .debug_frame   0x00000000       0x60 obj\release\bsp\src\bsp_led.o
 .debug_frame   0x00000060      0x128 obj\release\bsp\src\bsp_uart.o
 .debug_frame   0x00000188      0x138 obj\release\common\src\queue.o
 .debug_frame   0x000002c0       0x74 obj\release\spl\src\misc.o
 .debug_frame   0x00000334      0x1a8 obj\release\spl\src\stm32f4xx_dma.o
 .debug_frame   0x000004dc      0x160 obj\release\spl\src\stm32f4xx_gpio.o
 .debug_frame   0x0000063c      0x2f0 obj\release\spl\src\stm32f4xx_rcc.o
 .debug_frame   0x0000092c      0x260 obj\release\spl\src\stm32f4xx_usart.o
 .debug_frame   0x00000b8c      0x100 obj\release\src\main.o
 .debug_frame   0x00000c8c       0x3c obj\release\src\system_stm32f4xx.o
 .debug_frame   0x00000cc8      0x108 obj\release\ucosii\ports\os_cpu_c.o
 .debug_frame   0x00000dd0      0x324 obj\release\ucosii\source\os_core.o
 .debug_frame   0x000010f4      0x1e4 obj\release\ucosii\source\os_flag.o
 .debug_frame   0x000012d8      0x120 obj\release\ucosii\source\os_mem.o
 .debug_frame   0x000013f8      0x190 obj\release\ucosii\source\os_q.o
 .debug_frame   0x00001588      0x14c obj\release\ucosii\source\os_sem.o
 .debug_frame   0x000016d4      0x22c obj\release\ucosii\source\os_task.o
 .debug_frame   0x00001900       0xa8 obj\release\ucosii\source\os_time.o
 .debug_frame   0x000019a8      0x20c obj\release\ucosii\source\os_tmr.o
 .debug_frame   0x00001bb4       0x28 c:/program files (x86)/embitz/1.11/share/em_armgcc/bin/../lib/gcc/arm-none-eabi/5.4.1/../../../../arm-none-eabi/lib/armv7e-m/fpu\libg_n.a(lib_a-exit.o)
 .debug_frame   0x00001bdc       0x2c c:/program files (x86)/embitz/1.11/share/em_armgcc/bin/../lib/gcc/arm-none-eabi/5.4.1/../../../../arm-none-eabi/lib/armv7e-m/fpu\libg_n.a(lib_a-init.o)
 .debug_frame   0x00001c08       0x28 c:/program files (x86)/embitz/1.11/share/em_armgcc/bin/../lib/gcc/arm-none-eabi/5.4.1/../../../../arm-none-eabi/lib/armv7e-m/fpu\libg_n.a(lib_a-memcpy-stub.o)
 .debug_frame   0x00001c30       0x20 c:/program files (x86)/embitz/1.11/share/em_armgcc/bin/../lib/gcc/arm-none-eabi/5.4.1/../../../../arm-none-eabi/lib/armv7e-m/fpu\libg_n.a(lib_a-memset.o)
 .debug_frame   0x00001c50       0x88 c:/program files (x86)/embitz/1.11/share/em_armgcc/bin/../lib/gcc/arm-none-eabi/5.4.1/../../../../arm-none-eabi/lib/armv7e-m/fpu\libg_n.a(lib_a-nano-vfprintf_float.o)
 .debug_frame   0x00001cd8       0x60 c:/program files (x86)/embitz/1.11/share/em_armgcc/bin/../lib/gcc/arm-none-eabi/5.4.1/../../../../arm-none-eabi/lib/armv7e-m/fpu\libg_n.a(lib_a-nano-vfprintf_i.o)
 .debug_frame   0x00001d38       0x74 c:/program files (x86)/embitz/1.11/share/em_armgcc/bin/../lib/gcc/arm-none-eabi/5.4.1/../../../../arm-none-eabi/lib/armv7e-m/fpu\libg_n.a(lib_a-printf.o)
 .debug_frame   0x00001dac       0x20 c:/program files (x86)/embitz/1.11/share/em_armgcc/bin/../lib/gcc/arm-none-eabi/5.4.1/../../../../arm-none-eabi/lib/armv7e-m/fpu\libg_n.a(lib_a-strcmp.o)
 .debug_frame   0x00001dcc       0x6c c:/program files (x86)/embitz/1.11/share/em_armgcc/bin/../lib/gcc/arm-none-eabi/5.4.1/../../../../arm-none-eabi/lib/armv7e-m/fpu\libg_n.a(lib_a-dtoa.o)
 .debug_frame   0x00001e38      0x11c c:/program files (x86)/embitz/1.11/share/em_armgcc/bin/../lib/gcc/arm-none-eabi/5.4.1/../../../../arm-none-eabi/lib/armv7e-m/fpu\libg_n.a(lib_a-findfp.o)
 .debug_frame   0x00001f54       0x54 c:/program files (x86)/embitz/1.11/share/em_armgcc/bin/../lib/gcc/arm-none-eabi/5.4.1/../../../../arm-none-eabi/lib/armv7e-m/fpu\libg_n.a(lib_a-fwalk.o)
 .debug_frame   0x00001fa8       0x98 c:/program files (x86)/embitz/1.11/share/em_armgcc/bin/../lib/gcc/arm-none-eabi/5.4.1/../../../../arm-none-eabi/lib/armv7e-m/fpu\libg_n.a(lib_a-locale.o)
 .debug_frame   0x00002040       0x30 c:/program files (x86)/embitz/1.11/share/em_armgcc/bin/../lib/gcc/arm-none-eabi/5.4.1/../../../../arm-none-eabi/lib/armv7e-m/fpu\libg_n.a(lib_a-malloc.o)
 .debug_frame   0x00002070      0x238 c:/program files (x86)/embitz/1.11/share/em_armgcc/bin/../lib/gcc/arm-none-eabi/5.4.1/../../../../arm-none-eabi/lib/armv7e-m/fpu\libg_n.a(lib_a-mprec.o)
 .debug_frame   0x000022a8       0x2c c:/program files (x86)/embitz/1.11/share/em_armgcc/bin/../lib/gcc/arm-none-eabi/5.4.1/../../../../arm-none-eabi/lib/armv7e-m/fpu\libg_n.a(lib_a-nano-callocr.o)
 .debug_frame   0x000022d4       0x38 c:/program files (x86)/embitz/1.11/share/em_armgcc/bin/../lib/gcc/arm-none-eabi/5.4.1/../../../../arm-none-eabi/lib/armv7e-m/fpu\libg_n.a(lib_a-nano-freer.o)
 .debug_frame   0x0000230c       0x2c c:/program files (x86)/embitz/1.11/share/em_armgcc/bin/../lib/gcc/arm-none-eabi/5.4.1/../../../../arm-none-eabi/lib/armv7e-m/fpu\libg_n.a(lib_a-nano-mallocr.o)
 .debug_frame   0x00002338       0xac c:/program files (x86)/embitz/1.11/share/em_armgcc/bin/../lib/gcc/arm-none-eabi/5.4.1/../../../../arm-none-eabi/lib/armv7e-m/fpu\libg_n.a(lib_a-nano-vfprintf.o)
 .debug_frame   0x000023e4       0x2c c:/program files (x86)/embitz/1.11/share/em_armgcc/bin/../lib/gcc/arm-none-eabi/5.4.1/../../../../arm-none-eabi/lib/armv7e-m/fpu\libg_n.a(lib_a-sbrkr.o)
 .debug_frame   0x00002410       0x88 c:/program files (x86)/embitz/1.11/share/em_armgcc/bin/../lib/gcc/arm-none-eabi/5.4.1/../../../../arm-none-eabi/lib/armv7e-m/fpu\libg_n.a(lib_a-stdio.o)
 .debug_frame   0x00002498       0x40 c:/program files (x86)/embitz/1.11/share/em_armgcc/bin/../lib/gcc/arm-none-eabi/5.4.1/../../../../arm-none-eabi/lib/armv7e-m/fpu\libg_n.a(lib_a-wbuf.o)
 .debug_frame   0x000024d8       0x2c c:/program files (x86)/embitz/1.11/share/em_armgcc/bin/../lib/gcc/arm-none-eabi/5.4.1/../../../../arm-none-eabi/lib/armv7e-m/fpu\libg_n.a(lib_a-writer.o)
 .debug_frame   0x00002504       0x2c c:/program files (x86)/embitz/1.11/share/em_armgcc/bin/../lib/gcc/arm-none-eabi/5.4.1/../../../../arm-none-eabi/lib/armv7e-m/fpu\libg_n.a(lib_a-wsetup.o)
 .debug_frame   0x00002530       0x2c c:/program files (x86)/embitz/1.11/share/em_armgcc/bin/../lib/gcc/arm-none-eabi/5.4.1/../../../../arm-none-eabi/lib/armv7e-m/fpu\libg_n.a(lib_a-closer.o)
 .debug_frame   0x0000255c       0x68 c:/program files (x86)/embitz/1.11/share/em_armgcc/bin/../lib/gcc/arm-none-eabi/5.4.1/../../../../arm-none-eabi/lib/armv7e-m/fpu\libg_n.a(lib_a-fflush.o)
 .debug_frame   0x000025c4       0x2c c:/program files (x86)/embitz/1.11/share/em_armgcc/bin/../lib/gcc/arm-none-eabi/5.4.1/../../../../arm-none-eabi/lib/armv7e-m/fpu\libg_n.a(lib_a-lseekr.o)
 .debug_frame   0x000025f0       0x54 c:/program files (x86)/embitz/1.11/share/em_armgcc/bin/../lib/gcc/arm-none-eabi/5.4.1/../../../../arm-none-eabi/lib/armv7e-m/fpu\libg_n.a(lib_a-makebuf.o)
 .debug_frame   0x00002644       0x30 c:/program files (x86)/embitz/1.11/share/em_armgcc/bin/../lib/gcc/arm-none-eabi/5.4.1/../../../../arm-none-eabi/lib/armv7e-m/fpu\libg_n.a(lib_a-mlock.o)
 .debug_frame   0x00002674       0x2c c:/program files (x86)/embitz/1.11/share/em_armgcc/bin/../lib/gcc/arm-none-eabi/5.4.1/../../../../arm-none-eabi/lib/armv7e-m/fpu\libg_n.a(lib_a-readr.o)
 .debug_frame   0x000026a0       0x5c c:/program files (x86)/embitz/1.11/share/em_armgcc/bin/../lib/gcc/arm-none-eabi/5.4.1/../../../../arm-none-eabi/lib/armv7e-m/fpu\libg_n.a(lib_a-reent.o)
 .debug_frame   0x000026fc       0x2c c:/program files (x86)/embitz/1.11/share/em_armgcc/bin/../lib/gcc/arm-none-eabi/5.4.1/../../../../arm-none-eabi/lib/armv7e-m/fpu\libg_n.a(lib_a-fstatr.o)
 .debug_frame   0x00002728       0x2c c:/program files (x86)/embitz/1.11/share/em_armgcc/bin/../lib/gcc/arm-none-eabi/5.4.1/../../../../arm-none-eabi/lib/armv7e-m/fpu\libg_n.a(lib_a-isattyr.o)
 .debug_frame   0x00002754       0x20 c:/program files (x86)/embitz/1.11/share/em_armgcc/bin/../lib/gcc/arm-none-eabi/5.4.1/../../../../arm-none-eabi/lib/armv7e-m/fpu\libnosys_s.a(close.o)
 .debug_frame   0x00002774       0x20 c:/program files (x86)/embitz/1.11/share/em_armgcc/bin/../lib/gcc/arm-none-eabi/5.4.1/../../../../arm-none-eabi/lib/armv7e-m/fpu\libnosys_s.a(fstat.o)
 .debug_frame   0x00002794       0x20 c:/program files (x86)/embitz/1.11/share/em_armgcc/bin/../lib/gcc/arm-none-eabi/5.4.1/../../../../arm-none-eabi/lib/armv7e-m/fpu\libnosys_s.a(isatty.o)
 .debug_frame   0x000027b4       0x20 c:/program files (x86)/embitz/1.11/share/em_armgcc/bin/../lib/gcc/arm-none-eabi/5.4.1/../../../../arm-none-eabi/lib/armv7e-m/fpu\libnosys_s.a(lseek.o)
 .debug_frame   0x000027d4       0x20 c:/program files (x86)/embitz/1.11/share/em_armgcc/bin/../lib/gcc/arm-none-eabi/5.4.1/../../../../arm-none-eabi/lib/armv7e-m/fpu\libnosys_s.a(read.o)