Archive member included to satisfy reference by file (symbol)

c:/program files (x86)/embitz/1.11/share/em_armgcc/bin/../lib/gcc/arm-none-eabi/5.4.1/../../../../arm-none-eabi/lib/armv7e-m/fpu\libg_n.a(lib_a-exit.o)
                              c:/program files (x86)/embitz/1.11/share/em_armgcc/bin/../lib/gcc/arm-none-eabi/5.4.1/../../../../arm-none-eabi/lib/armv7e-m/fpu/crt0.o (exit)
c:/program files (x86)/embitz/1.11/share/em_armgcc/bin/../lib/gcc/arm-none-eabi/5.4.1/../../../../arm-none-eabi/lib/armv7e-m/fpu\libg_n.a(lib_a-impure.o)
                              c:/program files (x86)/embitz/1.11/share/em_armgcc/bin/../lib/gcc/arm-none-eabi/5.4.1/../../../../arm-none-eabi/lib/armv7e-m/fpu\libg_n.a(lib_a-exit.o) (_global_impure_ptr)
c:/program files (x86)/embitz/1.11/share/em_armgcc/bin/../lib/gcc/arm-none-eabi/5.4.1/../../../../arm-none-eabi/lib/armv7e-m/fpu\libg_n.a(lib_a-init.o)
                              c:/program files (x86)/embitz/1.11/share/em_armgcc/bin/../lib/gcc/arm-none-eabi/5.4.1/../../../../arm-none-eabi/lib/armv7e-m/fpu/crt0.o (__libc_init_array)
c:/program files (x86)/embitz/1.11/share/em_armgcc/bin/../lib/gcc/arm-none-eabi/5.4.1/../../../../arm-none-eabi/lib/armv7e-m/fpu\libg_n.a(lib_a-memcpy-stub.o)
                              obj\release\bsp\src\bsp_uart.o (memcpy)
c:/program files (x86)/embitz/1.11/share/em_armgcc/bin/../lib/gcc/arm-none-eabi/5.4.1/../../../../arm-none-eabi/lib/armv7e-m/fpu\libg_n.a(lib_a-memset.o)
                              c:/program files (x86)/embitz/1.11/share/em_armgcc/bin/../lib/gcc/arm-none-eabi/5.4.1/../../../../arm-none-eabi/lib/armv7e-m/fpu/crt0.o (memset)
c:/program files (x86)/embitz/1.11/share/em_armgcc/bin/../lib/gcc/arm-none-eabi/5.4.1/../../../../arm-none-eabi/lib/armv7e-m/fpu\libg_n.a(lib_a-nano-vfprintf_float.o)
                              (_printf_float)
c:/program files (x86)/embitz/1.11/share/em_armgcc/bin/../lib/gcc/arm-none-eabi/5.4.1/../../../../arm-none-eabi/lib/armv7e-m/fpu\libg_n.a(lib_a-nano-vfprintf_i.o)
                              c:/program files (x86)/embitz/1.11/share/em_armgcc/bin/../lib/gcc/arm-none-eabi/5.4.1/../../../../arm-none-eabi/lib/armv7e-m/fpu\libg_n.a(lib_a-nano-vfprintf_float.o) (_printf_common)
c:/program files (x86)/embitz/1.11/share/em_armgcc/bin/../lib/gcc/arm-none-eabi/5.4.1/../../../../arm-none-eabi/lib/armv7e-m/fpu\libg_n.a(lib_a-printf.o)
                              obj\release\bsp\src\bsp_i2c.o (printf)
c:/program files (x86)/embitz/1.11/share/em_armgcc/bin/../lib/gcc/arm-none-eabi/5.4.1/../../../../arm-none-eabi/lib/armv7e-m/fpu\libg_n.a(lib_a-putchar.o)
                              obj\release\src\main.o (putchar)
c:/program files (x86)/embitz/1.11/share/em_armgcc/bin/../lib/gcc/arm-none-eabi/5.4.1/../../../../arm-none-eabi/lib/armv7e-m/fpu\libg_n.a(lib_a-strcmp.o)
                              obj\release\src\main.o (strcmp)
c:/program files (x86)/embitz/1.11/share/em_armgcc/bin/../lib/gcc/arm-none-eabi/5.4.1/../../../../arm-none-eabi/lib/armv7e-m/fpu\libg_n.a(lib_a-strlen.o)
                              c:/program files (x86)/embitz/1.11/share/em_armgcc/bin/../lib/gcc/arm-none-eabi/5.4.1/../../../../arm-none-eabi/lib/armv7e-m/fpu\libg_n.a(lib_a-nano-vfprintf_float.o) (strlen)
c:/program files (x86)/embitz/1.11/share/em_armgcc/bin/../lib/gcc/arm-none-eabi/5.4.1/../../../../arm-none-eabi/lib/armv7e-m/fpu\libg_n.a(lib_a-dtoa.o)
                              c:/program files (x86)/embitz/1.11/share/em_armgcc/bin/../lib/gcc/arm-none-eabi/5.4.1/../../../../arm-none-eabi/lib/armv7e-m/fpu\libg_n.a(lib_a-nano-vfprintf_float.o) (_dtoa_r)
c:/program files (x86)/embitz/1.11/share/em_armgcc/bin/../lib/gcc/arm-none-eabi/5.4.1/../../../../arm-none-eabi/lib/armv7e-m/fpu\libg_n.a(lib_a-findfp.o)
                              c:/program files (x86)/embitz/1.11/share/em_armgcc/bin/../lib/gcc/arm-none-eabi/5.4.1/../../../../arm-none-eabi/lib/armv7e-m/fpu\libg_n.a(lib_a-printf.o) (__sinit)
c:/program files (x86)/embitz/1.11/share/em_armgcc/bin/../lib/gcc/arm-none-eabi/5.4.1/../../../../arm-none-eabi/lib/armv7e-m/fpu\libg_n.a(lib_a-fwalk.o)
                              c:/program files (x86)/embitz/1.11/share/em_armgcc/bin/../lib/gcc/arm-none-eabi/5.4.1/../../../../arm-none-eabi/lib/armv7e-m/fpu\libg_n.a(lib_a-findfp.o) (_fwalk)
c:/program files (x86)/embitz/1.11/share/em_armgcc/bin/../lib/gcc/arm-none-eabi/5.4.1/../../../../arm-none-eabi/lib/armv7e-m/fpu\libg_n.a(lib_a-locale.o)
                              c:/program files (x86)/embitz/1.11/share/em_armgcc/bin/../lib/gcc/arm-none-eabi/5.4.1/../../../../arm-none-eabi/lib/armv7e-m/fpu\libg_n.a(lib_a-nano-vfprintf_float.o) (_localeconv_r)
c:/program files (x86)/embitz/1.11/share/em_armgcc/bin/../lib/gcc/arm-none-eabi/5.4.1/../../../../arm-none-eabi/lib/armv7e-m/fpu\libg_n.a(lib_a-malloc.o)
[...]
Memory Configuration

Name             Origin             Length             Attributes
ROM              0x08000000         0x00080000         xr
RAM              0x20000000         0x00020000         xrw
CCRAM            0x10000000         0x00010000         xrw
*default*        0x00000000         0xffffffff

Linker script and memory map

LOAD c:/program files (x86)/embitz/1.11/share/em_armgcc/bin/../lib/gcc/arm-none-eabi/5.4.1/armv7e-m/fpu/crti.o
LOAD c:/program files (x86)/embitz/1.11/share/em_armgcc/bin/../lib/gcc/arm-none-eabi/5.4.1/armv7e-m/fpu/crtbegin.o
LOAD c:/program files (x86)/embitz/1.11/share/em_armgcc/bin/../lib/gcc/arm-none-eabi/5.4.1/../../../../arm-none-eabi/lib/armv7e-m/fpu/crt0.o
                0x00000000                __HEAP_SIZE = 0x0
                0x00000100                __STACK_SIZE = 0x100

.text           0x08000000     0x63f0
 *(.isr_vector)
 .isr_vector    0x08000000      0x188 obj\release\src\startup_stm32f4xx.o
                0x08000000                __isr_vector
 *(.text*)
 .text          0x08000188       0x5c c:/program files (x86)/embitz/1.11/share/em_armgcc/bin/../lib/gcc/arm-none-eabi/5.4.1/armv7e-m/fpu/crtbegin.o
 .text          0x080001e4       0x74 c:/program files (x86)/embitz/1.11/share/em_armgcc/bin/../lib/gcc/arm-none-eabi/5.4.1/../../../../arm-none-eabi/lib/armv7e-m/fpu/crt0.o
                0x080001e4                _start
                0x080001e4                _mainCRTStartup
 .text.BSP_Init
                0x08000258       0x20 obj\release\bsp\src\bsp.o
                0x08000258                BSP_Init
 .text.BSP_CPU_ClkFreq
                0x08000278       0x10 obj\release\bsp\src\bsp.o
                0x08000278                BSP_CPU_ClkFreq
 .text._I2cTxIRQ
                0x08000288       0xcc obj\release\bsp\src\bsp_i2c.o
 .text._I2cRxIRQ
                0x08000354       0x98 obj\release\bsp\src\bsp_i2c.o
 .text.BSP_I2cOpen
                0x080003ec      0x108 obj\release\bsp\src\bsp_i2c.o
                0x080003ec                BSP_I2cOpen
 .text.BSP_I2cWrite
                0x080004f4       0x70 obj\release\bsp\src\bsp_i2c.o
                0x080004f4                BSP_I2cWrite
 .text.BSP_I2cRead
                0x08000564       0xa0 obj\release\bsp\src\bsp_i2c.o
                0x08000564                BSP_I2cRead
 .text.BSP_I2cIdleState
                0x08000604       0x28 obj\release\bsp\src\bsp_i2c.o
                0x08000604                BSP_I2cIdleState
 .text.I2C1_EV_IRQHandler
                0x0800062c       0x14 obj\release\bsp\src\bsp_i2c.o
                0x0800062c                I2C1_EV_IRQHandler
 .text.BSP_LED_Init
                0x08000640       0x38 obj\release\bsp\src\bsp_led.o
                0x08000640                BSP_LED_Init
 .text.BSP_OS_TimeDlyMs
                0x08000678       0x2c obj\release\bsp\src\bsp_os.o
                0x08000678                BSP_OS_TimeDlyMs
 .text.OS_CPU_SysTickClkFreq
                0x080006a4        0x4 obj\release\bsp\src\bsp_os.o
                0x080006a4                OS_CPU_SysTickClkFreq
 .text.BSP_UartOpen
                0x080006a8      0x190 obj\release\bsp\src\bsp_uart.o
                0x080006a8                BSP_UartOpen
 .text._IRQHandler
                0x08000838       0x3c obj\release\bsp\src\bsp_uart.o
                0x08000838                _IRQHandler
 .text.USART1_IRQHandler
                0x08000874       0x24 obj\release\bsp\src\bsp_uart.o
                0x08000874                USART1_IRQHandler
 .text._write   0x08000898       0x14 obj\release\bsp\src\bsp_uart.o
                0x08000898                _write
 .text.send_uart1
                0x080008ac       0x70 obj\release\bsp\src\bsp_uart.o
                0x080008ac                send_uart1
 .text.uart1_read
                0x0800091c       0x54 obj\release\bsp\src\bsp_uart.o
                0x0800091c                uart1_read
 .text.QUEUE_PacketCreate
                0x08000970       0x18 obj\release\common\src\queue.o
                0x08000970                QUEUE_PacketCreate
 .text.QUEUE_PacketIn
                0x08000988       0x58 obj\release\common\src\queue.o
                0x08000988                QUEUE_PacketIn
 .text.QUEUE_PacketOut
                0x080009e0       0x50 obj\release\common\src\queue.o
                0x080009e0                QUEUE_PacketOut
 .text.QUEUE_PacketCharSplit
                0x08000a30       0xcc obj\release\common\src\queue.o
                0x08000a30                QUEUE_PacketCharSplit
 .text.QUEUE_PacketDoubleCharSplit
                0x08000afc       0xe4 obj\release\common\src\queue.o
                0x08000afc                QUEUE_PacketDoubleCharSplit
 .text.NVIC_Init
                0x08000be0       0x70 obj\release\spl\src\misc.o
                0x08000be0                NVIC_Init
 .text.DMA_DeInit
                0x08000c50      0x130 obj\release\spl\src\stm32f4xx_dma.o
                0x08000c50                DMA_DeInit
 .text.DMA_Init
                0x08000d80       0x58 obj\release\spl\src\stm32f4xx_dma.o
                0x08000d80                DMA_Init
 .text.DMA_StructInit
                0x08000dd8       0x24 obj\release\spl\src\stm32f4xx_dma.o
                0x08000dd8                DMA_StructInit
 .text.DMA_Cmd  0x08000dfc       0x14 obj\release\spl\src\stm32f4xx_dma.o
                0x08000dfc                DMA_Cmd
 .text.DMA_FlowControllerConfig
                0x08000e10       0x14 obj\release\spl\src\stm32f4xx_dma.o
                0x08000e10                DMA_FlowControllerConfig
 .text.DMA_SetCurrDataCounter
                0x08000e24        0x4 obj\release\spl\src\stm32f4xx_dma.o
                0x08000e24                DMA_SetCurrDataCounter
 .text.DMA_GetCurrDataCounter
                0x08000e28        0x8 obj\release\spl\src\stm32f4xx_dma.o
                0x08000e28                DMA_GetCurrDataCounter
 .text.DMA_GetFIFOStatus
                0x08000e30        0x8 obj\release\spl\src\stm32f4xx_dma.o
                0x08000e30                DMA_GetFIFOStatus
 .text.DMA_ClearITPendingBit
                0x08000e38       0x34 obj\release\spl\src\stm32f4xx_dma.o
                0x08000e38                DMA_ClearITPendingBit
 .text.DMA_ClearFlag
                0x08000e6c        0x4 obj\release\spl\src\stm32f4xx_dma.o
                0x08000e6c                DMA_ClearFlag
 .text.GPIO_Init
                0x08000e70       0xa8 obj\release\spl\src\stm32f4xx_gpio.o
                0x08000e70                GPIO_Init
 .text.GPIO_PinAFConfig
                0x08000f18       0x2c obj\release\spl\src\stm32f4xx_gpio.o
                0x08000f18                GPIO_PinAFConfig
 .text.I2C_DeInit
                0x08000f44       0x6c obj\release\spl\src\stm32f4xx_i2c.o
                0x08000f44                I2C_DeInit
 .text.I2C_Init
                0x08000fb0       0xe4 obj\release\spl\src\stm32f4xx_i2c.o
                0x08000fb0                I2C_Init
 .text.I2C_Cmd  0x08001094       0x1c obj\release\spl\src\stm32f4xx_i2c.o
                0x08001094                I2C_Cmd
 .text.I2C_GenerateSTART
                0x080010b0       0x1c obj\release\spl\src\stm32f4xx_i2c.o
                0x080010b0                I2C_GenerateSTART
 .text.I2C_GenerateSTOP
                0x080010cc       0x1c obj\release\spl\src\stm32f4xx_i2c.o
                0x080010cc                I2C_GenerateSTOP
 .text.I2C_Send7bitAddress
                0x080010e8       0x18 obj\release\spl\src\stm32f4xx_i2c.o
                0x080010e8                I2C_Send7bitAddress
 .text.I2C_AcknowledgeConfig
                0x08001100       0x1c obj\release\spl\src\stm32f4xx_i2c.o
                0x08001100                I2C_AcknowledgeConfig
 .text.I2C_SendData
                0x0800111c        0x4 obj\release\spl\src\stm32f4xx_i2c.o
                0x0800111c                I2C_SendData
 .text.I2C_ReceiveData
                0x08001120        0x8 obj\release\spl\src\stm32f4xx_i2c.o
                0x08001120                I2C_ReceiveData
 .text.I2C_ITConfig
                0x08001128       0x14 obj\release\spl\src\stm32f4xx_i2c.o
                0x08001128                I2C_ITConfig
 .text.I2C_GetLastEvent
                0x0800113c       0x10 obj\release\spl\src\stm32f4xx_i2c.o
                0x0800113c                I2C_GetLastEvent
 .text.I2C_GetFlagStatus
                0x0800114c       0x38 obj\release\spl\src\stm32f4xx_i2c.o
                0x0800114c                I2C_GetFlagStatus
 .text.RCC_GetClocksFreq
                0x08001184       0x98 obj\release\spl\src\stm32f4xx_rcc.o
                0x08001184                RCC_GetClocksFreq
 .text.RCC_AHB1PeriphClockCmd
                0x0800121c       0x1c obj\release\spl\src\stm32f4xx_rcc.o
                0x0800121c                RCC_AHB1PeriphClockCmd
 .text.RCC_APB1PeriphClockCmd
                0x08001238       0x1c obj\release\spl\src\stm32f4xx_rcc.o
                0x08001238                RCC_APB1PeriphClockCmd
 .text.RCC_APB2PeriphClockCmd
                0x08001254       0x1c obj\release\spl\src\stm32f4xx_rcc.o
                0x08001254                RCC_APB2PeriphClockCmd
 .text.RCC_APB1PeriphResetCmd
                0x08001270       0x1c obj\release\spl\src\stm32f4xx_rcc.o
                0x08001270                RCC_APB1PeriphResetCmd
 .text.RCC_APB2PeriphResetCmd
                0x0800128c       0x1c obj\release\spl\src\stm32f4xx_rcc.o
                0x0800128c                RCC_APB2PeriphResetCmd
 .text.USART_DeInit
                0x080012a8       0xc8 obj\release\spl\src\stm32f4xx_usart.o
                0x080012a8                USART_DeInit
 .text.USART_Init
                0x08001370       0xc4 obj\release\spl\src\stm32f4xx_usart.o
                0x08001370                USART_Init
 .text.USART_StructInit
                0x08001434       0x18 obj\release\spl\src\stm32f4xx_usart.o
                0x08001434                USART_StructInit
 .text.USART_Cmd
                0x0800144c       0x1c obj\release\spl\src\stm32f4xx_usart.o
                0x0800144c                USART_Cmd
 .text.USART_SendData
                0x08001468        0x8 obj\release\spl\src\stm32f4xx_usart.o
                0x08001468                USART_SendData
 .text.USART_ReceiveData
                0x08001470        0x8 obj\release\spl\src\stm32f4xx_usart.o
                0x08001470                USART_ReceiveData
 .text.USART_DMACmd
                0x08001478       0x14 obj\release\spl\src\stm32f4xx_usart.o
                0x08001478                USART_DMACmd
 .text.USART_ITConfig
                0x0800148c       0x3c obj\release\spl\src\stm32f4xx_usart.o
                0x0800148c                USART_ITConfig
 .text.USART_ClearFlag
                0x080014c8        0x8 obj\release\spl\src\stm32f4xx_usart.o
                0x080014c8                USART_ClearFlag
 .text.USART_GetITStatus
                0x080014d0       0x4c obj\release\spl\src\stm32f4xx_usart.o
                0x080014d0                USART_GetITStatus
 .text.App_TaskStart
                0x0800151c       0x64 obj\release\src\main.o
 .text.print_Task
                0x08001580       0x10 obj\release\src\main.o
 .text.tty_Task
                0x08001590       0x70 obj\release\src\main.o
 .text.App_Task1
                0x08001600       0x2c obj\release\src\main.o
 .text.startup.main
                0x0800162c       0x28 obj\release\src\main.o
                0x0800162c                main
 .text.print_charbuf
                0x08001654       0x30 obj\release\src\main.o
                0x08001654                print_charbuf
 .text.I2C_Task
                0x08001684       0x70 obj\release\src\main.o
 .text          0x080016f4      0x108 obj\release\src\startup_stm32f4xx.o
                0x080016f4                Reset_Handler
                0x0800173a                NMI_Handler
                0x0800173c                HardFault_Handler
                0x0800173e                MemManage_Handler
                0x08001740                BusFault_Handler
                0x08001742                UsageFault_Handler
                0x08001744                SVC_Handler
                0x08001746                DebugMon_Handler
                0x08001748                PendSV_Handler
                0x0800174a                SysTick_Handler
                0x0800174c                Default_Handler
                0x0800174e                WWDG_IRQHandler
                0x08001750                PVD_IRQHandler
                0x08001752                TAMP_STAMP_IRQHandler
                0x08001754                RTC_WKUP_IRQHandler
                0x08001756                FLASH_IRQHandler
                0x08001758                RCC_IRQHandler
                0x0800175a                EXTI0_IRQHandler
                0x0800175c                EXTI1_IRQHandler
                0x0800175e                EXTI2_IRQHandler
                0x08001760                EXTI3_IRQHandler
                0x08001762                EXTI4_IRQHandler
                0x08001764                DMA1_Stream0_IRQHandler
                0x08001766                DMA1_Stream1_IRQHandler
                0x08001768                DMA1_Stream2_IRQHandler
                0x0800176a                DMA1_Stream3_IRQHandler
                0x0800176c                DMA1_Stream4_IRQHandler
                0x0800176e                DMA1_Stream5_IRQHandler
                0x08001770                DMA1_Stream6_IRQHandler
                0x08001772                ADC_IRQHandler
                0x08001774                CAN1_TX_IRQHandler
                0x08001776                CAN1_RX0_IRQHandler
                0x08001778                CAN1_RX1_IRQHandler
                0x0800177a                CAN1_SCE_IRQHandler
                0x0800177c                EXTI9_5_IRQHandler
                0x0800177e                TIM1_BRK_TIM9_IRQHandler
                0x08001780                TIM1_UP_TIM10_IRQHandler
                0x08001782                TIM1_TRG_COM_TIM11_IRQHandler
                0x08001784                TIM1_CC_IRQHandler
                0x08001786                TIM2_IRQHandler
                0x08001788                TIM3_IRQHandler
                0x0800178a                TIM4_IRQHandler
                0x0800178e                I2C1_ER_IRQHandler
                0x08001790                I2C2_EV_IRQHandler
                0x08001792                I2C2_ER_IRQHandler
                0x08001794                SPI1_IRQHandler
                0x08001796                SPI2_IRQHandler
                0x0800179a                USART2_IRQHandler
                0x0800179c                USART3_IRQHandler
                0x0800179e                EXTI15_10_IRQHandler
                0x080017a0                RTC_Alarm_IRQHandler
                0x080017a2                OTG_FS_WKUP_IRQHandler
                0x080017a4                TIM8_BRK_TIM12_IRQHandler
                0x080017a6                TIM8_UP_TIM13_IRQHandler
                0x080017a8                TIM8_TRG_COM_TIM14_IRQHandler
                0x080017aa                TIM8_CC_IRQHandler
                0x080017ac                DMA1_Stream7_IRQHandler
                0x080017ae                FSMC_IRQHandler
                0x080017b0                SDIO_IRQHandler
                0x080017b2                TIM5_IRQHandler
                0x080017b4                SPI3_IRQHandler
                0x080017b6                UART4_IRQHandler
                0x080017b8                UART5_IRQHandler
                0x080017ba                TIM6_DAC_IRQHandler
                0x080017bc                TIM7_IRQHandler
                0x080017be                DMA2_Stream0_IRQHandler
                0x080017c0                DMA2_Stream1_IRQHandler
                0x080017c2                DMA2_Stream2_IRQHandler
                0x080017c4                DMA2_Stream3_IRQHandler
                0x080017c6                DMA2_Stream4_IRQHandler
                0x080017c8                ETH_IRQHandler
                0x080017ca                ETH_WKUP_IRQHandler
                0x080017cc                CAN2_TX_IRQHandler
                0x080017ce                CAN2_RX0_IRQHandler
                0x080017d0                CAN2_RX1_IRQHandler
                0x080017d2                CAN2_SCE_IRQHandler
                0x080017d4                OTG_FS_IRQHandler
                0x080017d6                DMA2_Stream5_IRQHandler
                0x080017d8                DMA2_Stream6_IRQHandler
                0x080017da                DMA2_Stream7_IRQHandler
                0x080017dc                USART6_IRQHandler
                0x080017de                I2C3_EV_IRQHandler
                0x080017e0                I2C3_ER_IRQHandler
                0x080017e2                OTG_HS_EP1_OUT_IRQHandler
                0x080017e4                OTG_HS_EP1_IN_IRQHandler
                0x080017e6                OTG_HS_WKUP_IRQHandler
                0x080017e8                OTG_HS_IRQHandler
                0x080017ea                DCMI_IRQHandler
                0x080017ec                CRYP_IRQHandler
                0x080017ee                HASH_RNG_IRQHandler
                0x080017f0                FPU_IRQHandler
 .text.SystemInit
                0x080017fc      0x100 obj\release\src\system_stm32f4xx.o
                0x080017fc                SystemInit
 .text.SystemCoreClockUpdate
                0x080018fc       0x78 obj\release\src\system_stm32f4xx.o
                0x080018fc                SystemCoreClockUpdate
 .text          0x08001974       0xcc obj\release\ucosii\ports\os_cpu_a.o
                0x08001974                OS_CPU_SR_Save
                0x0800197c                OS_CPU_SR_Restore
                0x08001982                OSStartHighRdy
                0x080019a8                OSCtxSw
                0x080019b2                OSIntCtxSw
                0x080019bc                OS_CPU_PendSVHandler
 .text.OSInitHookBegin
                0x08001a40       0x2c obj\release\ucosii\ports\os_cpu_c.o
                0x08001a40                OSInitHookBegin
 .text.OSInitHookEnd
                0x08001a6c        0x4 obj\release\ucosii\ports\os_cpu_c.o
                0x08001a6c                OSInitHookEnd
 .text.OSTaskCreateHook
                0x08001a70        0x4 obj\release\ucosii\ports\os_cpu_c.o
                0x08001a70                OSTaskCreateHook
 .text.OSTaskDelHook
                0x08001a74        0x4 obj\release\ucosii\ports\os_cpu_c.o
                0x08001a74                OSTaskDelHook
 .text.OSTaskIdleHook
                0x08001a78        0x4 obj\release\ucosii\ports\os_cpu_c.o
                0x08001a78                OSTaskIdleHook
 .text.OSTaskReturnHook
                0x08001a7c        0x4 obj\release\ucosii\ports\os_cpu_c.o
                0x08001a7c                OSTaskReturnHook
 .text.OSTaskStatHook
                0x08001a80        0x4 obj\release\ucosii\ports\os_cpu_c.o
                0x08001a80                OSTaskStatHook
 .text.OSTaskStkInit
                0x08001a84      0x170 obj\release\ucosii\ports\os_cpu_c.o
                0x08001a84                OSTaskStkInit
 .text.OSTaskSwHook
                0x08001bf4        0x4 obj\release\ucosii\ports\os_cpu_c.o
                0x08001bf4                OSTaskSwHook
 .text.OSTCBInitHook
                0x08001bf8        0x4 obj\release\ucosii\ports\os_cpu_c.o
                0x08001bf8                OSTCBInitHook
 .text.OSTimeTickHook
                0x08001bfc       0x1c obj\release\ucosii\ports\os_cpu_c.o
                0x08001bfc                OSTimeTickHook
 .text.OS_CPU_SysTickHandler
                0x08001c18       0x24 obj\release\ucosii\ports\os_cpu_c.o
                0x08001c18                OS_CPU_SysTickHandler
 .text.OS_CPU_SysTickInit
                0x08001c3c       0x38 obj\release\ucosii\ports\os_cpu_c.o
                0x08001c3c                OS_CPU_SysTickInit
 .text.OS_TaskIdle
                0x08001c74       0x1c obj\release\ucosii\source\os_core.o
                0x08001c74                OS_TaskIdle
 .text.OSEventNameSet
                0x08001c90       0x44 obj\release\ucosii\source\os_core.o
                0x08001c90                OSEventNameSet
 .text.OSInit   0x08001cd4      0x1c4 obj\release\ucosii\source\os_core.o
                0x08001cd4                OSInit
 .text.OSIntExit
                0x08001e98       0xa0 obj\release\ucosii\source\os_core.o
                0x08001e98                OSIntExit
 .text.OSSchedLock
                0x08001f38       0x38 obj\release\ucosii\source\os_core.o
                0x08001f38                OSSchedLock
 .text.OSStart  0x08001f70       0x60 obj\release\ucosii\source\os_core.o
                0x08001f70                OSStart
 .text.OSStatInit
                0x08001fd0       0x40 obj\release\ucosii\source\os_core.o
                0x08001fd0                OSStatInit
 .text.OSTimeTick
                0x08002010       0xb8 obj\release\ucosii\source\os_core.o
                0x08002010                OSTimeTick
 .text.OS_Dummy
                0x080020c8        0x4 obj\release\ucosii\source\os_core.o
                0x080020c8                OS_Dummy
 .text.OS_EventTaskRdy
                0x080020cc       0xcc obj\release\ucosii\source\os_core.o
                0x080020cc                OS_EventTaskRdy
 .text.OS_EventTaskWait
                0x08002198       0x54 obj\release\ucosii\source\os_core.o
                0x08002198                OS_EventTaskWait
 .text.OS_EventTaskRemove
                0x080021ec       0x28 obj\release\ucosii\source\os_core.o
                0x080021ec                OS_EventTaskRemove
 .text.OS_EventTaskRemoveMulti
                0x08002214       0x34 obj\release\ucosii\source\os_core.o
                0x08002214                OS_EventTaskRemoveMulti
 .text.OS_EventWaitListInit
                0x08002248        0xc obj\release\ucosii\source\os_core.o
                0x08002248                OS_EventWaitListInit
 .text.OS_MemClr
                0x08002254       0x18 obj\release\ucosii\source\os_core.o
                0x08002254                OS_MemClr
 .text.OS_Sched
                0x0800226c       0x88 obj\release\ucosii\source\os_core.o
                0x0800226c                OS_Sched
 .text.OSSchedUnlock
                0x080022f4       0x44 obj\release\ucosii\source\os_core.o
                0x080022f4                OSSchedUnlock
 .text.OS_TaskStatStkChk
                0x08002338       0x38 obj\release\ucosii\source\os_core.o
                0x08002338                OS_TaskStatStkChk
 .text.OS_TaskStat
                0x08002370       0x80 obj\release\ucosii\source\os_core.o
                0x08002370                OS_TaskStat
 .text.OS_TCBInit
                0x080023f0      0x104 obj\release\ucosii\source\os_core.o
                0x080023f0                OS_TCBInit
 .text.OS_FlagInit
                0x080024f4       0x4c obj\release\ucosii\source\os_flag.o
                0x080024f4                OS_FlagInit
 .text.OS_FlagUnlink
                0x08002540       0x20 obj\release\ucosii\source\os_flag.o
                0x08002540                OS_FlagUnlink
 .text.OS_MemInit
                0x08002560       0x48 obj\release\ucosii\source\os_mem.o
                0x08002560                OS_MemInit
 .text.OS_QInit
                0x080025a8       0x30 obj\release\ucosii\source\os_q.o
                0x080025a8                OS_QInit
 .text.OSSemCreate
                0x080025d8       0x4c obj\release\ucosii\source\os_sem.o
                0x080025d8                OSSemCreate
 .text.OSSemPend
                0x08002624       0xc4 obj\release\ucosii\source\os_sem.o
                0x08002624                OSSemPend
 .text.OSSemPost
                0x080026e8       0x58 obj\release\ucosii\source\os_sem.o
                0x080026e8                OSSemPost
 .text.OSTaskDel.part.0
                0x08002740      0x14c obj\release\ucosii\source\os_task.o
 .text.OSTaskCreate
                0x0800288c       0x98 obj\release\ucosii\source\os_task.o
                0x0800288c                OSTaskCreate
 .text.OSTaskCreateExt
                0x08002924       0xc4 obj\release\ucosii\source\os_task.o
                0x08002924                OSTaskCreateExt
 .text.OSTaskNameSet
                0x080029e8       0x6c obj\release\ucosii\source\os_task.o
                0x080029e8                OSTaskNameSet
 .text.OSTaskStkChk
                0x08002a54       0x90 obj\release\ucosii\source\os_task.o
                0x08002a54                OSTaskStkChk
 .text.OSTaskSuspend
                0x08002ae4       0xa8 obj\release\ucosii\source\os_task.o
                0x08002ae4                OSTaskSuspend
 .text.OS_TaskReturn
                0x08002b8c       0x24 obj\release\ucosii\source\os_task.o
                0x08002b8c                OS_TaskReturn
 .text.OSTimeDly
                0x08002bb0       0x60 obj\release\ucosii\source\os_time.o
                0x08002bb0                OSTimeDly
 .text.OSTimeDlyHMSM
                0x08002c10       0x7c obj\release\ucosii\source\os_time.o
                0x08002c10                OSTimeDlyHMSM
 .text.OSTmr_Unlink
                0x08002c8c       0x4c obj\release\ucosii\source\os_tmr.o
 .text.OSTmr_Task
                0x08002cd8       0xcc obj\release\ucosii\source\os_tmr.o
 .text.OSTmrSignal
                0x08002da4        0xc obj\release\ucosii\source\os_tmr.o
                0x08002da4                OSTmrSignal
 .text.OSTmr_Init
                0x08002db0      0x104 obj\release\ucosii\source\os_tmr.o
                0x08002db0                OSTmr_Init
 .text.exit     0x08002eb4       0x28 c:/program files (x86)/embitz/1.11/share/em_armgcc/bin/../lib/gcc/arm-none-eabi/5.4.1/../../../../arm-none-eabi/lib/armv7e-m/fpu\libg_n.a(lib_a-exit.o)
                0x08002eb4                exit
 .text.__libc_init_array
                0x08002edc       0x4c c:/program files (x86)/embitz/1.11/share/em_armgcc/bin/../lib/gcc/arm-none-eabi/5.4.1/../../../../arm-none-eabi/lib/armv7e-m/fpu\libg_n.a(lib_a-init.o)
                0x08002edc                __libc_init_array
 .text.memcpy   0x08002f28       0x16 c:/program files (x86)/embitz/1.11/share/em_armgcc/bin/../lib/gcc/arm-none-eabi/5.4.1/../../../../arm-none-eabi/lib/armv7e-m/fpu\libg_n.a(lib_a-memcpy-stub.o)
                0x08002f28                memcpy
 .text.memset   0x08002f3e       0x10 c:/program files (x86)/embitz/1.11/share/em_armgcc/bin/../lib/gcc/arm-none-eabi/5.4.1/../../../../arm-none-eabi/lib/armv7e-m/fpu\libg_n.a(lib_a-memset.o)
                0x08002f3e                memset
 .text.__cvt    0x08002f4e       0xc8 c:/program files (x86)/embitz/1.11/share/em_armgcc/bin/../lib/gcc/arm-none-eabi/5.4.1/../../../../arm-none-eabi/lib/armv7e-m/fpu\libg_n.a(lib_a-nano-vfprintf_float.o)
                0x08002f4e                __cvt
 .text.__exponent
                0x08003016       0x60 c:/program files (x86)/embitz/1.11/share/em_armgcc/bin/../lib/gcc/arm-none-eabi/5.4.1/../../../../arm-none-eabi/lib/armv7e-m/fpu\libg_n.a(lib_a-nano-vfprintf_float.o)
                0x08003016                __exponent
 *fill*         0x08003076        0x2 
 .text._printf_float
                0x08003078      0x47c c:/program files (x86)/embitz/1.11/share/em_armgcc/bin/../lib/gcc/arm-none-eabi/5.4.1/../../../../arm-none-eabi/lib/armv7e-m/fpu\libg_n.a(lib_a-nano-vfprintf_float.o)
                0x08003078                _printf_float
 .text._printf_common
                0x080034f4       0xec c:/program files (x86)/embitz/1.11/share/em_armgcc/bin/../lib/gcc/arm-none-eabi/5.4.1/../../../../arm-none-eabi/lib/armv7e-m/fpu\libg_n.a(lib_a-nano-vfprintf_i.o)
                0x080034f4                _printf_common
 .text._printf_i
                0x080035e0      0x24c c:/program files (x86)/embitz/1.11/share/em_armgcc/bin/../lib/gcc/arm-none-eabi/5.4.1/../../../../arm-none-eabi/lib/armv7e-m/fpu\libg_n.a(lib_a-nano-vfprintf_i.o)
                0x080035e0                _printf_i
 .text.printf   0x0800382c       0x30 c:/program files (x86)/embitz/1.11/share/em_armgcc/bin/../lib/gcc/arm-none-eabi/5.4.1/../../../../arm-none-eabi/lib/armv7e-m/fpu\libg_n.a(lib_a-printf.o)
                0x0800382c                iprintf
                0x0800382c                printf
 .text.putchar  0x0800385c       0x28 c:/program files (x86)/embitz/1.11/share/em_armgcc/bin/../lib/gcc/arm-none-eabi/5.4.1/../../../../arm-none-eabi/lib/armv7e-m/fpu\libg_n.a(lib_a-putchar.o)
                0x0800385c                putchar
 .text          0x08003884       0x14 c:/program files (x86)/embitz/1.11/share/em_armgcc/bin/../lib/gcc/arm-none-eabi/5.4.1/../../../../arm-none-eabi/lib/armv7e-m/fpu\libg_n.a(lib_a-strcmp.o)
                0x08003884                strcmp
 .text          0x08003898       0x10 c:/program files (x86)/embitz/1.11/share/em_armgcc/bin/../lib/gcc/arm-none-eabi/5.4.1/../../../../arm-none-eabi/lib/armv7e-m/fpu\libg_n.a(lib_a-strlen.o)
                0x08003898                strlen
 .text.quorem   0x080038a8      0x11e c:/program files (x86)/embitz/1.11/share/em_armgcc/bin/../lib/gcc/arm-none-eabi/5.4.1/../../../../arm-none-eabi/lib/armv7e-m/fpu\libg_n.a(lib_a-dtoa.o)
 *fill*         0x080039c6        0x2 
 .text._dtoa_r  0x080039c8      0xb40 c:/program files (x86)/embitz/1.11/share/em_armgcc/bin/../lib/gcc/arm-none-eabi/5.4.1/../../../../arm-none-eabi/lib/armv7e-m/fpu\libg_n.a(lib_a-dtoa.o)
                0x080039c8                _dtoa_r
 .text._cleanup_r
                0x08004508        0xc c:/program files (x86)/embitz/1.11/share/em_armgcc/bin/../lib/gcc/arm-none-eabi/5.4.1/../../../../arm-none-eabi/lib/armv7e-m/fpu\libg_n.a(lib_a-findfp.o)
                0x08004508                _cleanup_r
 .text.std.isra.0
                0x08004514       0x48 c:/program files (x86)/embitz/1.11/share/em_armgcc/bin/../lib/gcc/arm-none-eabi/5.4.1/../../../../arm-none-eabi/lib/armv7e-m/fpu\libg_n.a(lib_a-findfp.o)
 .text.__sfmoreglue
                0x0800455c       0x2c c:/program files (x86)/embitz/1.11/share/em_armgcc/bin/../lib/gcc/arm-none-eabi/5.4.1/../../../../arm-none-eabi/lib/armv7e-m/fpu\libg_n.a(lib_a-findfp.o)
                0x0800455c                __sfmoreglue
 .text.__sinit  0x08004588       0x60 c:/program files (x86)/embitz/1.11/share/em_armgcc/bin/../lib/gcc/arm-none-eabi/5.4.1/../../../../arm-none-eabi/lib/armv7e-m/fpu\libg_n.a(lib_a-findfp.o)
                0x08004588                __sinit
 .text.__sfp    0x080045e8       0x78 c:/program files (x86)/embitz/1.11/share/em_armgcc/bin/../lib/gcc/arm-none-eabi/5.4.1/../../../../arm-none-eabi/lib/armv7e-m/fpu\libg_n.a(lib_a-findfp.o)
                0x080045e8                __sfp
 .text._fwalk_reent
                0x08004660       0x3c c:/program files (x86)/embitz/1.11/share/em_armgcc/bin/../lib/gcc/arm-none-eabi/5.4.1/../../../../arm-none-eabi/lib/armv7e-m/fpu\libg_n.a(lib_a-fwalk.o)
                0x08004660                _fwalk_reent
 .text._localeconv_r
                0x0800469c        0x8 c:/program files (x86)/embitz/1.11/share/em_armgcc/bin/../lib/gcc/arm-none-eabi/5.4.1/../../../../arm-none-eabi/lib/armv7e-m/fpu\libg_n.a(lib_a-locale.o)
                0x0800469c                _localeconv_r
 .text.malloc   0x080046a4       0x10 c:/program files (x86)/embitz/1.11/share/em_armgcc/bin/../lib/gcc/arm-none-eabi/5.4.1/../../../../arm-none-eabi/lib/armv7e-m/fpu\libg_n.a(lib_a-malloc.o)
                0x080046a4                malloc
 *fill*         0x080046b4        0xc 
 .text          0x080046c0       0xa0 c:/program files (x86)/embitz/1.11/share/em_armgcc/bin/../lib/gcc/arm-none-eabi/5.4.1/../../../../arm-none-eabi/lib/armv7e-m/fpu\libg_n.a(lib_a-memchr.o)
                0x080046c0                memchr
 .text._Balloc  0x08004760       0x6a c:/program files (x86)/embitz/1.11/share/em_armgcc/bin/../lib/gcc/arm-none-eabi/5.4.1/../../../../arm-none-eabi/lib/armv7e-m/fpu\libg_n.a(lib_a-mprec.o)
                0x08004760                _Balloc
 .text._Bfree   0x080047ca       0x2e c:/program files (x86)/embitz/1.11/share/em_armgcc/bin/../lib/gcc/arm-none-eabi/5.4.1/../../../../arm-none-eabi/lib/armv7e-m/fpu\libg_n.a(lib_a-mprec.o)
                0x080047ca                _Bfree
 .text.__multadd
                0x080047f8       0x76 c:/program files (x86)/embitz/1.11/share/em_armgcc/bin/../lib/gcc/arm-none-eabi/5.4.1/../../../../arm-none-eabi/lib/armv7e-m/fpu\libg_n.a(lib_a-mprec.o)
                0x080047f8                __multadd
 .text.__hi0bits
                0x0800486e       0x40 c:/program files (x86)/embitz/1.11/share/em_armgcc/bin/../lib/gcc/arm-none-eabi/5.4.1/../../../../arm-none-eabi/lib/armv7e-m/fpu\libg_n.a(lib_a-mprec.o)
                0x0800486e                __hi0bits
 .text.__lo0bits
                0x080048ae       0x5a c:/program files (x86)/embitz/1.11/share/em_armgcc/bin/../lib/gcc/arm-none-eabi/5.4.1/../../../../arm-none-eabi/lib/armv7e-m/fpu\libg_n.a(lib_a-mprec.o)
                0x080048ae                __lo0bits
 .text.__i2b    0x08004908       0x12 c:/program files (x86)/embitz/1.11/share/em_armgcc/bin/../lib/gcc/arm-none-eabi/5.4.1/../../../../arm-none-eabi/lib/armv7e-m/fpu\libg_n.a(lib_a-mprec.o)
                0x08004908                __i2b
 .text.__multiply
                0x0800491a      0x122 c:/program files (x86)/embitz/1.11/share/em_armgcc/bin/../lib/gcc/arm-none-eabi/5.4.1/../../../../arm-none-eabi/lib/armv7e-m/fpu\libg_n.a(lib_a-mprec.o)
                0x0800491a                __multiply
 .text.__pow5mult
                0x08004a3c       0x9c c:/program files (x86)/embitz/1.11/share/em_armgcc/bin/../lib/gcc/arm-none-eabi/5.4.1/../../../../arm-none-eabi/lib/armv7e-m/fpu\libg_n.a(lib_a-mprec.o)
                0x08004a3c                __pow5mult
 .text.__lshift
                0x08004ad8       0xa2 c:/program files (x86)/embitz/1.11/share/em_armgcc/bin/../lib/gcc/arm-none-eabi/5.4.1/../../../../arm-none-eabi/lib/armv7e-m/fpu\libg_n.a(lib_a-mprec.o)
                0x08004ad8                __lshift
 .text.__mcmp   0x08004b7a       0x38 c:/program files (x86)/embitz/1.11/share/em_armgcc/bin/../lib/gcc/arm-none-eabi/5.4.1/../../../../arm-none-eabi/lib/armv7e-m/fpu\libg_n.a(lib_a-mprec.o)
                0x08004b7a                __mcmp
 .text.__mdiff  0x08004bb2       0xbe c:/program files (x86)/embitz/1.11/share/em_armgcc/bin/../lib/gcc/arm-none-eabi/5.4.1/../../../../arm-none-eabi/lib/armv7e-m/fpu\libg_n.a(lib_a-mprec.o)
                0x08004bb2                __mdiff
 .text.__d2b    0x08004c70       0x9c c:/program files (x86)/embitz/1.11/share/em_armgcc/bin/../lib/gcc/arm-none-eabi/5.4.1/../../../../arm-none-eabi/lib/armv7e-m/fpu\libg_n.a(lib_a-mprec.o)
                0x08004c70                __d2b
 .text._calloc_r
                0x08004d0c       0x1c c:/program files (x86)/embitz/1.11/share/em_armgcc/bin/../lib/gcc/arm-none-eabi/5.4.1/../../../../arm-none-eabi/lib/armv7e-m/fpu\libg_n.a(lib_a-nano-callocr.o)
                0x08004d0c                _calloc_r
 .text._free_r  0x08004d28       0x9c c:/program files (x86)/embitz/1.11/share/em_armgcc/bin/../lib/gcc/arm-none-eabi/5.4.1/../../../../arm-none-eabi/lib/armv7e-m/fpu\libg_n.a(lib_a-nano-freer.o)
                0x08004d28                _free_r
 .text._malloc_r
                0x08004dc4       0xbc c:/program files (x86)/embitz/1.11/share/em_armgcc/bin/../lib/gcc/arm-none-eabi/5.4.1/../../../../arm-none-eabi/lib/armv7e-m/fpu\libg_n.a(lib_a-nano-mallocr.o)
                0x08004dc4                _malloc_r
 .text.__sfputc_r
                0x08004e80       0x30 c:/program files (x86)/embitz/1.11/share/em_armgcc/bin/../lib/gcc/arm-none-eabi/5.4.1/../../../../arm-none-eabi/lib/armv7e-m/fpu\libg_n.a(lib_a-nano-vfprintf.o)
 .text.__sfputs_r
                0x08004eb0       0x24 c:/program files (x86)/embitz/1.11/share/em_armgcc/bin/../lib/gcc/arm-none-eabi/5.4.1/../../../../arm-none-eabi/lib/armv7e-m/fpu\libg_n.a(lib_a-nano-vfprintf.o)
                0x08004eb0                __sfputs_r
 .text._vfprintf_r
                0x08004ed4      0x238 c:/program files (x86)/embitz/1.11/share/em_armgcc/bin/../lib/gcc/arm-none-eabi/5.4.1/../../../../arm-none-eabi/lib/armv7e-m/fpu\libg_n.a(lib_a-nano-vfprintf.o)
                0x08004ed4                _vfprintf_r
                0x08004ed4                _vfiprintf_r
 .text._putc_r  0x0800510c       0x6c c:/program files (x86)/embitz/1.11/share/em_armgcc/bin/../lib/gcc/arm-none-eabi/5.4.1/../../../../arm-none-eabi/lib/armv7e-m/fpu\libg_n.a(lib_a-putc.o)
                0x0800510c                _putc_r
 .text._sbrk_r  0x08005178       0x20 c:/program files (x86)/embitz/1.11/share/em_armgcc/bin/../lib/gcc/arm-none-eabi/5.4.1/../../../../arm-none-eabi/lib/armv7e-m/fpu\libg_n.a(lib_a-sbrkr.o)
                0x08005178                _sbrk_r
 .text.__sread  0x08005198       0x22 c:/program files (x86)/embitz/1.11/share/em_armgcc/bin/../lib/gcc/arm-none-eabi/5.4.1/../../../../arm-none-eabi/lib/armv7e-m/fpu\libg_n.a(lib_a-stdio.o)
                0x08005198                __sread
 .text.__swrite
                0x080051ba       0x38 c:/program files (x86)/embitz/1.11/share/em_armgcc/bin/../lib/gcc/arm-none-eabi/5.4.1/../../../../arm-none-eabi/lib/armv7e-m/fpu\libg_n.a(lib_a-stdio.o)
                0x080051ba                __swrite
 .text.__sseek  0x080051f2       0x24 c:/program files (x86)/embitz/1.11/share/em_armgcc/bin/../lib/gcc/arm-none-eabi/5.4.1/../../../../arm-none-eabi/lib/armv7e-m/fpu\libg_n.a(lib_a-stdio.o)
                0x080051f2                __sseek
 .text.__sclose
                0x08005216        0x8 c:/program files (x86)/embitz/1.11/share/em_armgcc/bin/../lib/gcc/arm-none-eabi/5.4.1/../../../../arm-none-eabi/lib/armv7e-m/fpu\libg_n.a(lib_a-stdio.o)
                0x08005216                __sclose
 *fill*         0x0800521e        0x2 
 .text.__swbuf_r
                0x08005220       0xa8 c:/program files (x86)/embitz/1.11/share/em_armgcc/bin/../lib/gcc/arm-none-eabi/5.4.1/../../../../arm-none-eabi/lib/armv7e-m/fpu\libg_n.a(lib_a-wbuf.o)
                0x08005220                __swbuf_r
 .text._write_r
                0x080052c8       0x24 c:/program files (x86)/embitz/1.11/share/em_armgcc/bin/../lib/gcc/arm-none-eabi/5.4.1/../../../../arm-none-eabi/lib/armv7e-m/fpu\libg_n.a(lib_a-writer.o)
                0x080052c8                _write_r
 .text.__swsetup_r
                0x080052ec       0xdc c:/program files (x86)/embitz/1.11/share/em_armgcc/bin/../lib/gcc/arm-none-eabi/5.4.1/../../../../arm-none-eabi/lib/armv7e-m/fpu\libg_n.a(lib_a-wsetup.o)
                0x080052ec                __swsetup_r
 .text._close_r
                0x080053c8       0x20 c:/program files (x86)/embitz/1.11/share/em_armgcc/bin/../lib/gcc/arm-none-eabi/5.4.1/../../../../arm-none-eabi/lib/armv7e-m/fpu\libg_n.a(lib_a-closer.o)
                0x080053c8                _close_r
 .text.__sflush_r
                0x080053e8      0x110 c:/program files (x86)/embitz/1.11/share/em_armgcc/bin/../lib/gcc/arm-none-eabi/5.4.1/../../../../arm-none-eabi/lib/armv7e-m/fpu\libg_n.a(lib_a-fflush.o)
                0x080053e8                __sflush_r
 .text._fflush_r
                0x080054f8       0x54 c:/program files (x86)/embitz/1.11/share/em_armgcc/bin/../lib/gcc/arm-none-eabi/5.4.1/../../../../arm-none-eabi/lib/armv7e-m/fpu\libg_n.a(lib_a-fflush.o)
                0x080054f8                _fflush_r
 .text._lseek_r
                0x0800554c       0x24 c:/program files (x86)/embitz/1.11/share/em_armgcc/bin/../lib/gcc/arm-none-eabi/5.4.1/../../../../arm-none-eabi/lib/armv7e-m/fpu\libg_n.a(lib_a-lseekr.o)
                0x0800554c                _lseek_r
 .text.__swhatbuf_r
                0x08005570       0x46 c:/program files (x86)/embitz/1.11/share/em_armgcc/bin/../lib/gcc/arm-none-eabi/5.4.1/../../../../arm-none-eabi/lib/armv7e-m/fpu\libg_n.a(lib_a-makebuf.o)
                0x08005570                __swhatbuf_r
 *fill*         0x080055b6        0x2 
 .text.__smakebuf_r
                0x080055b8       0x78 c:/program files (x86)/embitz/1.11/share/em_armgcc/bin/../lib/gcc/arm-none-eabi/5.4.1/../../../../arm-none-eabi/lib/armv7e-m/fpu\libg_n.a(lib_a-makebuf.o)
                0x080055b8                __smakebuf_r
 .text.__malloc_lock
                0x08005630        0x2 c:/program files (x86)/embitz/1.11/share/em_armgcc/bin/../lib/gcc/arm-none-eabi/5.4.1/../../../../arm-none-eabi/lib/armv7e-m/fpu\libg_n.a(lib_a-mlock.o)
                0x08005630                __malloc_lock
 .text.__malloc_unlock
                0x08005632        0x2 c:/program files (x86)/embitz/1.11/share/em_armgcc/bin/../lib/gcc/arm-none-eabi/5.4.1/../../../../arm-none-eabi/lib/armv7e-m/fpu\libg_n.a(lib_a-mlock.o)
                0x08005632                __malloc_unlock
 .text._read_r  0x08005634       0x24 c:/program files (x86)/embitz/1.11/share/em_armgcc/bin/../lib/gcc/arm-none-eabi/5.4.1/../../../../arm-none-eabi/lib/armv7e-m/fpu\libg_n.a(lib_a-readr.o)
                0x08005634                _read_r
 .text._fstat_r
                0x08005658       0x24 c:/program files (x86)/embitz/1.11/share/em_armgcc/bin/../lib/gcc/arm-none-eabi/5.4.1/../../../../arm-none-eabi/lib/armv7e-m/fpu\libg_n.a(lib_a-fstatr.o)
                0x08005658                _fstat_r
 .text._isatty_r
                0x0800567c       0x20 c:/program files (x86)/embitz/1.11/share/em_armgcc/bin/../lib/gcc/arm-none-eabi/5.4.1/../../../../arm-none-eabi/lib/armv7e-m/fpu\libg_n.a(lib_a-isattyr.o)
                0x0800567c                _isatty_r
 .text          0x0800569c      0x370 c:/program files (x86)/embitz/1.11/share/em_armgcc/bin/../lib/gcc/arm-none-eabi/5.4.1/armv7e-m/fpu\libgcc.a(_arm_addsubdf3.o)
                0x0800569c                __aeabi_drsub
                0x080056a4                __aeabi_dsub
                0x080056a4                __subdf3
                0x080056a8                __aeabi_dadd
                0x080056a8                __adddf3
                0x08005920                __floatunsidf
                0x08005920                __aeabi_ui2d
                0x08005940                __floatsidf
                0x08005940                __aeabi_i2d
                0x08005964                __aeabi_f2d
                0x08005964                __extendsfdf2
                0x080059a0                __floatundidf
                0x080059a0                __aeabi_ul2d
                0x080059b0                __floatdidf
                0x080059b0                __aeabi_l2d
 .text          0x08005a0c      0x424 c:/program files (x86)/embitz/1.11/share/em_armgcc/bin/../lib/gcc/arm-none-eabi/5.4.1/armv7e-m/fpu\libgcc.a(_arm_muldivdf3.o)
                0x08005a0c                __aeabi_dmul
                0x08005a0c                __muldf3
                0x08005c60                __divdf3
                0x08005c60                __aeabi_ddiv
 .text          0x08005e30      0x110 c:/program files (x86)/embitz/1.11/share/em_armgcc/bin/../lib/gcc/arm-none-eabi/5.4.1/armv7e-m/fpu\libgcc.a(_arm_cmpdf2.o)
                0x08005e30                __gtdf2
                0x08005e30                __gedf2
                0x08005e38                __ltdf2
                0x08005e38                __ledf2
                0x08005e40                __nedf2
                0x08005e40                __eqdf2
                0x08005e40                __cmpdf2
                0x08005ebc                __aeabi_cdrcmple
                0x08005ecc                __aeabi_cdcmpeq
                0x08005ecc                __aeabi_cdcmple
                0x08005edc                __aeabi_dcmpeq
                0x08005ef0                __aeabi_dcmplt
                0x08005f04                __aeabi_dcmple
                0x08005f18                __aeabi_dcmpge
                0x08005f2c                __aeabi_dcmpgt
 .text          0x08005f40       0x2c c:/program files (x86)/embitz/1.11/share/em_armgcc/bin/../lib/gcc/arm-none-eabi/5.4.1/armv7e-m/fpu\libgcc.a(_arm_unorddf2.o)
                0x08005f40                __unorddf2
                0x08005f40                __aeabi_dcmpun
 .text          0x08005f6c       0x50 c:/program files (x86)/embitz/1.11/share/em_armgcc/bin/../lib/gcc/arm-none-eabi/5.4.1/armv7e-m/fpu\libgcc.a(_arm_fixdfsi.o)
                0x08005f6c                __aeabi_d2iz
                0x08005f6c                __fixdfsi
 .text._close   0x08005fbc       0x10 c:/program files (x86)/embitz/1.11/share/em_armgcc/bin/../lib/gcc/arm-none-eabi/5.4.1/../../../../arm-none-eabi/lib/armv7e-m/fpu\libnosys_s.a(close.o)
                0x08005fbc                _close
 .text._fstat   0x08005fcc       0x10 c:/program files (x86)/embitz/1.11/share/em_armgcc/bin/../lib/gcc/arm-none-eabi/5.4.1/../../../../arm-none-eabi/lib/armv7e-m/fpu\libnosys_s.a(fstat.o)
                0x08005fcc                _fstat
 .text._isatty  0x08005fdc       0x10 c:/program files (x86)/embitz/1.11/share/em_armgcc/bin/../lib/gcc/arm-none-eabi/5.4.1/../../../../arm-none-eabi/lib/armv7e-m/fpu\libnosys_s.a(isatty.o)
                0x08005fdc                _isatty
 .text._lseek   0x08005fec       0x10 c:/program files (x86)/embitz/1.11/share/em_armgcc/bin/../lib/gcc/arm-none-eabi/5.4.1/../../../../arm-none-eabi/lib/armv7e-m/fpu\libnosys_s.a(lseek.o)
                0x08005fec                _lseek
 .text._read    0x08005ffc       0x10 c:/program files (x86)/embitz/1.11/share/em_armgcc/bin/../lib/gcc/arm-none-eabi/5.4.1/../../../../arm-none-eabi/lib/armv7e-m/fpu\libnosys_s.a(read.o)
                0x08005ffc                _read
 .text._sbrk    0x0800600c       0x1c c:/program files (x86)/embitz/1.11/share/em_armgcc/bin/../lib/gcc/arm-none-eabi/5.4.1/../../../../arm-none-eabi/lib/armv7e-m/fpu\libnosys_s.a(sbrk.o)
                0x0800600c                _sbrk
 .text._exit    0x08006028        0x2 c:/program files (x86)/embitz/1.11/share/em_armgcc/bin/../lib/gcc/arm-none-eabi/5.4.1/../../../../arm-none-eabi/lib/armv7e-m/fpu\libnosys_s.a(_exit.o)
                0x08006028                _exit
 *(.init)
 *fill*         0x0800602a        0x2 
 .init          0x0800602c        0x4 c:/program files (x86)/embitz/1.11/share/em_armgcc/bin/../lib/gcc/arm-none-eabi/5.4.1/armv7e-m/fpu/crti.o
                0x0800602c                _init
 .init          0x08006030        0x8 c:/program files (x86)/embitz/1.11/share/em_armgcc/bin/../lib/gcc/arm-none-eabi/5.4.1/armv7e-m/fpu/crtn.o
 *(.fini)
 .fini          0x08006038        0x4 c:/program files (x86)/embitz/1.11/share/em_armgcc/bin/../lib/gcc/arm-none-eabi/5.4.1/armv7e-m/fpu/crti.o
                0x08006038                _fini
 .fini          0x0800603c        0x8 c:/program files (x86)/embitz/1.11/share/em_armgcc/bin/../lib/gcc/arm-none-eabi/5.4.1/armv7e-m/fpu/crtn.o
 *crtbegin.o(.ctors)
 *crtbegin?.o(.ctors)
 *(EXCLUDE_FILE(*crtend.o *crtend?.o) .ctors)
 *(SORT(.ctors.*))
 *(.ctors)
 *crtbegin.o(.dtors)
 *crtbegin?.o(.dtors)
 *(EXCLUDE_FILE(*crtend.o *crtend?.o) .dtors)
 *(SORT(.dtors.*))
 *(.dtors)
 *(.rodata*)
 .rodata.str1.4
                0x08006044        0x7 obj\release\bsp\src\bsp_i2c.o
 *fill*         0x0800604b        0x1 
 .rodata.__FUNCTION__.9430
                0x0800604c        0xc obj\release\bsp\src\bsp_i2c.o
 .rodata.parityArr
                0x08006058        0x6 obj\release\bsp\src\bsp_uart.o
 *fill*         0x0800605e        0x2 
 .rodata.str1.4
                0x08006060       0x6c obj\release\src\main.o
                                 0x74 (size before relaxing)
 .rodata.OSUnMapTbl
                0x080060cc      0x100 obj\release\ucosii\source\os_core.o
                0x080060cc                OSUnMapTbl
 .rodata.str1.4
                0x080061cc       0x22 obj\release\ucosii\source\os_core.o
 .rodata.str1.4
                0x080061ee        0x2 obj\release\ucosii\source\os_flag.o
 .rodata.str1.4
                0x080061ee        0x2 obj\release\ucosii\source\os_mem.o
 .rodata.str1.4
                0x080061ee        0x2 obj\release\ucosii\source\os_sem.o
 .rodata.str1.4
                0x080061ee        0x2 obj\release\ucosii\source\os_task.o
 *fill*         0x080061ee        0x2 
 .rodata.str1.4
                0x080061f0       0x38 obj\release\ucosii\source\os_tmr.o
                                 0x39 (size before relaxing)
 .rodata.str1.1
                0x08006228        0x2 c:/program files (x86)/embitz/1.11/share/em_armgcc/bin/../lib/gcc/arm-none-eabi/5.4.1/../../../../arm-none-eabi/lib/armv7e-m/fpu\libg_n.a(lib_a-impure.o)
 *fill*         0x0800622a        0x2 
 .rodata._global_impure_ptr
                0x0800622c        0x4 c:/program files (x86)/embitz/1.11/share/em_armgcc/bin/../lib/gcc/arm-none-eabi/5.4.1/../../../../arm-none-eabi/lib/armv7e-m/fpu\libg_n.a(lib_a-impure.o)
                0x0800622c                _global_impure_ptr
 .rodata.str1.1
                0x08006230       0x12 c:/program files (x86)/embitz/1.11/share/em_armgcc/bin/../lib/gcc/arm-none-eabi/5.4.1/../../../../arm-none-eabi/lib/armv7e-m/fpu\libg_n.a(lib_a-nano-vfprintf_float.o)
 .rodata.str1.1
                0x08006242       0x22 c:/program files (x86)/embitz/1.11/share/em_armgcc/bin/../lib/gcc/arm-none-eabi/5.4.1/../../../../arm-none-eabi/lib/armv7e-m/fpu\libg_n.a(lib_a-nano-vfprintf_i.o)
 .rodata.str1.1
                0x08006264        0xd c:/program files (x86)/embitz/1.11/share/em_armgcc/bin/../lib/gcc/arm-none-eabi/5.4.1/../../../../arm-none-eabi/lib/armv7e-m/fpu\libg_n.a(lib_a-dtoa.o)
                                  0xf (size before relaxing)
 *fill*         0x08006271        0x3 
 .rodata.__sf_fake_stdin
                0x08006274       0x20 c:/program files (x86)/embitz/1.11/share/em_armgcc/bin/../lib/gcc/arm-none-eabi/5.4.1/../../../../arm-none-eabi/lib/armv7e-m/fpu\libg_n.a(lib_a-findfp.o)
                0x08006274                __sf_fake_stdin
 .rodata.__sf_fake_stdout
                0x08006294       0x20 c:/program files (x86)/embitz/1.11/share/em_armgcc/bin/../lib/gcc/arm-none-eabi/5.4.1/../../../../arm-none-eabi/lib/armv7e-m/fpu\libg_n.a(lib_a-findfp.o)
                0x08006294                __sf_fake_stdout
 .rodata.__sf_fake_stderr
                0x080062b4       0x20 c:/program files (x86)/embitz/1.11/share/em_armgcc/bin/../lib/gcc/arm-none-eabi/5.4.1/../../../../arm-none-eabi/lib/armv7e-m/fpu\libg_n.a(lib_a-findfp.o)
                0x080062b4                __sf_fake_stderr
 .rodata.str1.1
                0x080062d4        0x8 c:/program files (x86)/embitz/1.11/share/em_armgcc/bin/../lib/gcc/arm-none-eabi/5.4.1/../../../../arm-none-eabi/lib/armv7e-m/fpu\libg_n.a(lib_a-locale.o)
                                  0xb (size before relaxing)
 .rodata.p05.5410
                0x080062dc        0xc c:/program files (x86)/embitz/1.11/share/em_armgcc/bin/../lib/gcc/arm-none-eabi/5.4.1/../../../../arm-none-eabi/lib/armv7e-m/fpu\libg_n.a(lib_a-mprec.o)
 .rodata.__mprec_bigtens
                0x080062e8       0x28 c:/program files (x86)/embitz/1.11/share/em_armgcc/bin/../lib/gcc/arm-none-eabi/5.4.1/../../../../arm-none-eabi/lib/armv7e-m/fpu\libg_n.a(lib_a-mprec.o)
                0x080062e8                __mprec_bigtens
 .rodata.__mprec_tens
                0x08006310       0xc8 c:/program files (x86)/embitz/1.11/share/em_armgcc/bin/../lib/gcc/arm-none-eabi/5.4.1/../../../../arm-none-eabi/lib/armv7e-m/fpu\libg_n.a(lib_a-mprec.o)
                0x08006310                __mprec_tens
 .rodata.str1.1
                0x080063d8       0x11 c:/program files (x86)/embitz/1.11/share/em_armgcc/bin/../lib/gcc/arm-none-eabi/5.4.1/../../../../arm-none-eabi/lib/armv7e-m/fpu\libg_n.a(lib_a-nano-vfprintf.o)
 *(.eh_frame*)
 *fill*         0x080063e9        0x3 
 .eh_frame      0x080063ec        0x0 c:/program files (x86)/embitz/1.11/share/em_armgcc/bin/../lib/gcc/arm-none-eabi/5.4.1/armv7e-m/fpu/crtbegin.o
 .eh_frame      0x080063ec        0x4 c:/program files (x86)/embitz/1.11/share/em_armgcc/bin/../lib/gcc/arm-none-eabi/5.4.1/armv7e-m/fpu/crtend.o

.glue_7         0x080063f0        0x0
 .glue_7        0x080063f0        0x0 linker stubs

.glue_7t        0x080063f0        0x0
 .glue_7t       0x080063f0        0x0 linker stubs

.vfp11_veneer   0x080063f0        0x0
 .vfp11_veneer  0x080063f0        0x0 linker stubs

.v4_bx          0x080063f0        0x0
 .v4_bx         0x080063f0        0x0 linker stubs

.iplt           0x080063f0        0x0
 .iplt          0x080063f0        0x0 c:/program files (x86)/embitz/1.11/share/em_armgcc/bin/../lib/gcc/arm-none-eabi/5.4.1/armv7e-m/fpu/crtbegin.o

.ARM.extab
 *(.ARM.extab* .gnu.linkonce.armextab.*)
                0x080063f0                __exidx_start = .

.ARM.exidx      0x080063f0        0x8
 *(.ARM.exidx* .gnu.linkonce.armexidx.*)
 .ARM.exidx     0x080063f0        0x8 c:/program files (x86)/embitz/1.11/share/em_armgcc/bin/../lib/gcc/arm-none-eabi/5.4.1/../../../../arm-none-eabi/lib/armv7e-m/fpu/crt0.o
                0x080063f8                __exidx_end = .
                0x080063f8                __etext = .

.rel.dyn        0x080063f8        0x0
 .rel.iplt      0x080063f8        0x0 c:/program files (x86)/embitz/1.11/share/em_armgcc/bin/../lib/gcc/arm-none-eabi/5.4.1/armv7e-m/fpu/crtbegin.o

.data           0x20000000       0xc8 load address 0x080063f8
                0x20000000                __data_start__ = .
 *(vtable)
 *(.data*)
 .data.APBAHBPrescTable
                0x20000000       0x10 obj\release\spl\src\stm32f4xx_rcc.o
 .data.AHBPrescTable
                0x20000010       0x10 obj\release\src\system_stm32f4xx.o
                0x20000010                AHBPrescTable
 .data.SystemCoreClock
                0x20000020        0x4 obj\release\src\system_stm32f4xx.o
                0x20000020                SystemCoreClock
 .data.impure_data
                0x20000024       0x60 c:/program files (x86)/embitz/1.11/share/em_armgcc/bin/../lib/gcc/arm-none-eabi/5.4.1/../../../../arm-none-eabi/lib/armv7e-m/fpu\libg_n.a(lib_a-impure.o)
 .data._impure_ptr
                0x20000084        0x4 c:/program files (x86)/embitz/1.11/share/em_armgcc/bin/../lib/gcc/arm-none-eabi/5.4.1/../../../../arm-none-eabi/lib/armv7e-m/fpu\libg_n.a(lib_a-impure.o)
                0x20000084                _impure_ptr
 .data.lconv    0x20000088       0x38 c:/program files (x86)/embitz/1.11/share/em_armgcc/bin/../lib/gcc/arm-none-eabi/5.4.1/../../../../arm-none-eabi/lib/armv7e-m/fpu\libg_n.a(lib_a-locale.o)
                0x200000c0                . = ALIGN (0x4)
                0x200000c0                PROVIDE (__preinit_array_start, .)
 *(.preinit_array)
                0x200000c0                PROVIDE (__preinit_array_end, .)
                0x200000c0                . = ALIGN (0x4)
                0x200000c0                PROVIDE (__init_array_start, .)
 *(SORT(.init_array.*))
 *(.init_array)
 .init_array    0x200000c0        0x4 c:/program files (x86)/embitz/1.11/share/em_armgcc/bin/../lib/gcc/arm-none-eabi/5.4.1/armv7e-m/fpu/crtbegin.o
                0x200000c4                PROVIDE (__init_array_end, .)
                0x200000c4                . = ALIGN (0x4)
                [!provide]                PROVIDE (__fini_array_start, .)
 *(SORT(.fini_array.*))
 *(.fini_array)
 .fini_array    0x200000c4        0x4 c:/program files (x86)/embitz/1.11/share/em_armgcc/bin/../lib/gcc/arm-none-eabi/5.4.1/armv7e-m/fpu/crtbegin.o
                [!provide]                PROVIDE (__fini_array_end, .)
                0x200000c8                . = ALIGN (0x4)
                0x200000c8                __data_end__ = .

.jcr            0x200000c8        0x0 load address 0x080064c0
 .jcr           0x200000c8        0x0 c:/program files (x86)/embitz/1.11/share/em_armgcc/bin/../lib/gcc/arm-none-eabi/5.4.1/armv7e-m/fpu/crtbegin.o

.igot.plt       0x200000c8        0x0 load address 0x080064c0
 .igot.plt      0x200000c8        0x0 c:/program files (x86)/embitz/1.11/share/em_armgcc/bin/../lib/gcc/arm-none-eabi/5.4.1/armv7e-m/fpu/crtbegin.o

.bss            0x200000c8     0x3744 load address 0x080064c0
                0x200000c8                __bss_start__ = .
 *(.bss*)
 .bss           0x200000c8       0x1c c:/program files (x86)/embitz/1.11/share/em_armgcc/bin/../lib/gcc/arm-none-eabi/5.4.1/armv7e-m/fpu/crtbegin.o
 .bss.I2C_PARAM
                0x200000e4       0x10 obj\release\bsp\src\bsp_i2c.o
 .bss.COM1_RX_QUEUE
                0x200000f4       0x10 obj\release\bsp\src\bsp_uart.o
 .bss.TX_QUEUE  0x20000104       0x10 obj\release\bsp\src\bsp_uart.o
 .bss.COM1_TX_BUFF
                0x20000114      0x600 obj\release\bsp\src\bsp_uart.o
 .bss.TX_BUFF   0x20000714      0x600 obj\release\bsp\src\bsp_uart.o
 .bss.COM1_RX_BUFF
                0x20000d14      0x600 obj\release\bsp\src\bsp_uart.o
 .bss.Print_TaskStk
                0x20001314      0x400 obj\release\src\main.o
 .bss.App_Task1Stk
                0x20001714      0x200 obj\release\src\main.o
 .bss.App_TaskStartStk
                0x20001914      0x200 obj\release\src\main.o
 .bss.Led2_TaskStk
                0x20001b14      0x200 obj\release\src\main.o
 .bss.Tty_TaskStk
                0x20001d14      0x800 obj\release\src\main.o
 .bss.OSTmrCtr  0x20002514        0x2 obj\release\ucosii\ports\os_cpu_c.o
 *fill*         0x20002516        0x2 
 .bss.__malloc_sbrk_start
                0x20002518        0x4 c:/program files (x86)/embitz/1.11/share/em_armgcc/bin/../lib/gcc/arm-none-eabi/5.4.1/../../../../arm-none-eabi/lib/armv7e-m/fpu\libg_n.a(lib_a-nano-mallocr.o)
                0x20002518                __malloc_sbrk_start
 .bss.__malloc_free_list
                0x2000251c        0x4 c:/program files (x86)/embitz/1.11/share/em_armgcc/bin/../lib/gcc/arm-none-eabi/5.4.1/../../../../arm-none-eabi/lib/armv7e-m/fpu\libg_n.a(lib_a-nano-mallocr.o)
                0x2000251c                __malloc_free_list
 .bss.heap_end.4169
                0x20002520        0x4 c:/program files (x86)/embitz/1.11/share/em_armgcc/bin/../lib/gcc/arm-none-eabi/5.4.1/../../../../arm-none-eabi/lib/armv7e-m/fpu\libnosys_s.a(sbrk.o)
 *(COMMON)
 COMMON         0x20002524      0x204 obj\release\ucosii\ports\os_cpu_c.o
                0x20002524                OS_CPU_ExceptStkBase
                0x20002528                OS_CPU_ExceptStk
 COMMON         0x20002728     0x10e0 obj\release\ucosii\source\os_core.o
                0x20002728                OSTmrFreeList
                0x2000272c                OSTmrWheelTbl
                0x2000276c                OSLockNesting
                0x20002770                OSTmrSemSignal
                0x20002774                OSRunning
                0x20002778                OSIdleCtr
                0x2000277c                OSTmrUsed
                0x2000277e                OSPrioHighRdy
                0x20002780                OSFlagTbl
                0x200027d0                OSTmrTbl
                0x20002a50                OSPrioCur
                0x20002a54                OSTCBList
                0x20002a58                OSMemTbl
                0x20002ad0                OSTickStepState
                0x20002ad4                OSTaskStatStk
                0x20002cd4                OSCtxSwCtr
                0x20002cd8                OSTmrFree
                0x20002cdc                OSIdleCtrMax
                0x20002ce0                OSTCBFreeList
                0x20002ce4                OSCPUUsage
                0x20002ce5                OSTaskCtr
                0x20002ce8                OSMemFreeList
                0x20002cec                OSQTbl
                0x20002d4c                OSTCBHighRdy
                0x20002d50                OSQFreeList
                0x20002d54                OSRdyGrp
                0x20002d58                OSRdyTbl
                0x20002d5c                OSTmrTaskStk
                0x20002f5c                OSEventFreeList
                0x20002f60                OSIntNesting
                0x20002f64                OSTCBCur
                0x20002f68                OSTmrTime
                0x20002f6c                OSTime
                0x20002f70                OSTmrSem
                0x20002f74                OSTaskIdleStk
                0x20003174                OSEventTbl
                0x2000323c                OSTCBTbl
                0x200037bc                OSFlagFreeList
                0x200037c0                OSStatRdy
                0x200037c4                OSTCBPrioTbl
                0x20003804                OSIdleCtrRun
 COMMON         0x20003808        0x4 c:/program files (x86)/embitz/1.11/share/em_armgcc/bin/../lib/gcc/arm-none-eabi/5.4.1/../../../../arm-none-eabi/lib/armv7e-m/fpu\libg_n.a(lib_a-reent.o)
                0x20003808                errno
                0x2000380c                __bss_end__ = .

.heap           0x20003810        0x0
                0x20003810                __end__ = .
                0x20003810                end = __end__
 *(.heap*)
 .heap          0x20003810        0x0 obj\release\src\startup_stm32f4xx.o
                0x20003810                __HeapLimit = .

.stack_dummy    0x20003810      0x100
 *(.stack)
 .stack         0x20003810      0x100 obj\release\src\startup_stm32f4xx.o
                0x20020000                __StackTop = (ORIGIN (RAM) + LENGTH (RAM))
                0x2001ff00                __StackLimit = (__StackTop - SIZEOF (.stack_dummy))
                0x20020000                PROVIDE (__stack, __StackTop)
                0x00000001                ASSERT ((__StackLimit >= __HeapLimit), region RAM overflowed with stack)
LOAD obj\release\bsp\src\bsp.o
LOAD obj\release\bsp\src\bsp_i2c.o
LOAD obj\release\bsp\src\bsp_led.o
LOAD obj\release\bsp\src\bsp_os.o
LOAD obj\release\bsp\src\bsp_periph.o
LOAD obj\release\bsp\src\bsp_uart.o
LOAD obj\release\common\src\queue.o
LOAD obj\release\spl\src\misc.o
LOAD obj\release\spl\src\stm32f4xx_adc.o
LOAD obj\release\spl\src\stm32f4xx_can.o
LOAD obj\release\spl\src\stm32f4xx_crc.o
LOAD obj\release\spl\src\stm32f4xx_cryp.o
LOAD obj\release\spl\src\stm32f4xx_cryp_aes.o
LOAD obj\release\spl\src\stm32f4xx_cryp_des.o
LOAD obj\release\spl\src\stm32f4xx_cryp_tdes.o
LOAD obj\release\spl\src\stm32f4xx_dac.o
LOAD obj\release\spl\src\stm32f4xx_dbgmcu.o
LOAD obj\release\spl\src\stm32f4xx_dcmi.o
LOAD obj\release\spl\src\stm32f4xx_dma.o
LOAD obj\release\spl\src\stm32f4xx_exti.o
LOAD obj\release\spl\src\stm32f4xx_flash.o
LOAD obj\release\spl\src\stm32f4xx_fsmc.o
LOAD obj\release\spl\src\stm32f4xx_gpio.o
LOAD obj\release\spl\src\stm32f4xx_hash.o
LOAD obj\release\spl\src\stm32f4xx_hash_md5.o
LOAD obj\release\spl\src\stm32f4xx_hash_sha1.o
LOAD obj\release\spl\src\stm32f4xx_i2c.o
LOAD obj\release\spl\src\stm32f4xx_iwdg.o
LOAD obj\release\spl\src\stm32f4xx_pwr.o
LOAD obj\release\spl\src\stm32f4xx_rcc.o
LOAD obj\release\spl\src\stm32f4xx_rng.o
LOAD obj\release\spl\src\stm32f4xx_rtc.o
LOAD obj\release\spl\src\stm32f4xx_sdio.o
LOAD obj\release\spl\src\stm32f4xx_spi.o
LOAD obj\release\spl\src\stm32f4xx_syscfg.o
LOAD obj\release\spl\src\stm32f4xx_tim.o
LOAD obj\release\spl\src\stm32f4xx_usart.o
LOAD obj\release\spl\src\stm32f4xx_wwdg.o
LOAD obj\release\src\main.o
LOAD obj\release\src\startup_stm32f4xx.o
LOAD obj\release\src\system_stm32f4xx.o
LOAD obj\release\ucosii\ports\os_cpu_a.o
LOAD obj\release\ucosii\ports\os_cpu_c.o
LOAD obj\release\ucosii\ports\os_dbg.o
LOAD obj\release\ucosii\source\os_core.o
LOAD obj\release\ucosii\source\os_flag.o
LOAD obj\release\ucosii\source\os_mbox.o
LOAD obj\release\ucosii\source\os_mem.o
LOAD obj\release\ucosii\source\os_mutex.o
LOAD obj\release\ucosii\source\os_q.o
LOAD obj\release\ucosii\source\os_sem.o
LOAD obj\release\ucosii\source\os_task.o
LOAD obj\release\ucosii\source\os_time.o
LOAD obj\release\ucosii\source\os_tmr.o
START GROUP
LOAD c:/program files (x86)/embitz/1.11/share/em_armgcc/bin/../lib/gcc/arm-none-eabi/5.4.1/armv7e-m/fpu\libgcc.a
LOAD c:/program files (x86)/embitz/1.11/share/em_armgcc/bin/../lib/gcc/arm-none-eabi/5.4.1/../../../../arm-none-eabi/lib/armv7e-m/fpu\libg_n.a
LOAD c:/program files (x86)/embitz/1.11/share/em_armgcc/bin/../lib/gcc/arm-none-eabi/5.4.1/../../../../arm-none-eabi/lib/armv7e-m/fpu\libc_n.a
END GROUP
START GROUP
LOAD c:/program files (x86)/embitz/1.11/share/em_armgcc/bin/../lib/gcc/arm-none-eabi/5.4.1/armv7e-m/fpu\libgcc.a
LOAD c:/program files (x86)/embitz/1.11/share/em_armgcc/bin/../lib/gcc/arm-none-eabi/5.4.1/../../../../arm-none-eabi/lib/armv7e-m/fpu\libc_n.a
LOAD c:/program files (x86)/embitz/1.11/share/em_armgcc/bin/../lib/gcc/arm-none-eabi/5.4.1/../../../../arm-none-eabi/lib/armv7e-m/fpu\libnosys_s.a
END GROUP
LOAD c:/program files (x86)/embitz/1.11/share/em_armgcc/bin/../lib/gcc/arm-none-eabi/5.4.1/armv7e-m/fpu/crtend.o
LOAD c:/program files (x86)/embitz/1.11/share/em_armgcc/bin/../lib/gcc/arm-none-eabi/5.4.1/armv7e-m/fpu/crtn.o
OUTPUT(bin\Release\ucos-20190121-lib.elf elf32-littlearm)

.ARM.attributes
                0x00000000       0x30
 .ARM.attributes
                0x00000000       0x22 c:/program files (x86)/embitz/1.11/share/em_armgcc/bin/../lib/gcc/arm-none-eabi/5.4.1/armv7e-m/fpu/crti.o
 .ARM.attributes
                0x00000022       0x34 c:/program files (x86)/embitz/1.11/share/em_armgcc/bin/../lib/gcc/arm-none-eabi/5.4.1/armv7e-m/fpu/crtbegin.o
 .ARM.attributes
                0x00000056       0x20 c:/program files (x86)/embitz/1.11/share/em_armgcc/bin/../lib/gcc/arm-none-eabi/5.4.1/../../../../arm-none-eabi/lib/armv7e-m/fpu/crt0.o
 .ARM.attributes
                0x00000076       0x39 obj\release\bsp\src\bsp.o
 .ARM.attributes
                0x000000af       0x39 obj\release\bsp\src\bsp_i2c.o
 .ARM.attributes
                0x000000e8       0x39 obj\release\bsp\src\bsp_led.o
 .ARM.attributes
                0x00000121       0x39 obj\release\bsp\src\bsp_os.o
 .ARM.attributes
                0x0000015a       0x39 obj\release\bsp\src\bsp_uart.o
 .ARM.attributes
                0x00000193       0x39 obj\release\common\src\queue.o
 .ARM.attributes
                0x000001cc       0x39 obj\release\spl\src\misc.o
 .ARM.attributes
                0x00000205       0x39 obj\release\spl\src\stm32f4xx_dma.o
 .ARM.attributes
                0x0000023e       0x39 obj\release\spl\src\stm32f4xx_gpio.o
 .ARM.attributes
                0x00000277       0x39 obj\release\spl\src\stm32f4xx_i2c.o
 .ARM.attributes
                0x000002b0       0x39 obj\release\spl\src\stm32f4xx_rcc.o
 .ARM.attributes
                0x000002e9       0x39 obj\release\spl\src\stm32f4xx_usart.o
 .ARM.attributes
                0x00000322       0x39 obj\release\src\main.o
 .ARM.attributes
                0x0000035b       0x1f obj\release\src\startup_stm32f4xx.o
 .ARM.attributes
                0x0000037a       0x39 obj\release\src\system_stm32f4xx.o
 .ARM.attributes
                0x000003b3       0x25 obj\release\ucosii\ports\os_cpu_a.o
 .ARM.attributes
                0x000003d8       0x39 obj\release\ucosii\ports\os_cpu_c.o
 .ARM.attributes
                0x00000411       0x39 obj\release\ucosii\source\os_core.o
 .ARM.attributes
                0x0000044a       0x39 obj\release\ucosii\source\os_flag.o
 .ARM.attributes
                0x00000483       0x39 obj\release\ucosii\source\os_mem.o
 .ARM.attributes
                0x000004bc       0x39 obj\release\ucosii\source\os_q.o
 .ARM.attributes
                0x000004f5       0x39 obj\release\ucosii\source\os_sem.o
 .ARM.attributes
                0x0000052e       0x39 obj\release\ucosii\source\os_task.o
 .ARM.attributes
                0x00000567       0x39 obj\release\ucosii\source\os_time.o
 .ARM.attributes
                0x000005a0       0x39 obj\release\ucosii\source\os_tmr.o
 .ARM.attributes
                0x000005d9       0x34 c:/program files (x86)/embitz/1.11/share/em_armgcc/bin/../lib/gcc/arm-none-eabi/5.4.1/../../../../arm-none-eabi/lib/armv7e-m/fpu\libg_n.a(lib_a-exit.o)
 .ARM.attributes
                0x0000060d       0x34 c:/program files (x86)/embitz/1.11/share/em_armgcc/bin/../lib/gcc/arm-none-eabi/5.4.1/../../../../arm-none-eabi/lib/armv7e-m/fpu\libg_n.a(lib_a-impure.o)
 .ARM.attributes
                0x00000641       0x34 c:/program files (x86)/embitz/1.11/share/em_armgcc/bin/../lib/gcc/arm-none-eabi/5.4.1/../../../../arm-none-eabi/lib/armv7e-m/fpu\libg_n.a(lib_a-init.o)
 .ARM.attributes
                0x00000675       0x34 c:/program files (x86)/embitz/1.11/share/em_armgcc/bin/../lib/gcc/arm-none-eabi/5.4.1/../../../../arm-none-eabi/lib/armv7e-m/fpu\libg_n.a(lib_a-memcpy-stub.o)
 .ARM.attributes
                0x000006a9       0x34 c:/program files (x86)/embitz/1.11/share/em_armgcc/bin/../lib/gcc/arm-none-eabi/5.4.1/../../../../arm-none-eabi/lib/armv7e-m/fpu\libg_n.a(lib_a-memset.o)
 .ARM.attributes
                0x000006dd       0x34 c:/program files (x86)/embitz/1.11/share/em_armgcc/bin/../lib/gcc/arm-none-eabi/5.4.1/../../../../arm-none-eabi/lib/armv7e-m/fpu\libg_n.a(lib_a-nano-vfprintf_float.o)
 .ARM.attributes
                0x00000711       0x34 c:/program files (x86)/embitz/1.11/share/em_armgcc/bin/../lib/gcc/arm-none-eabi/5.4.1/../../../../arm-none-eabi/lib/armv7e-m/fpu\libg_n.a(lib_a-nano-vfprintf_i.o)
 .ARM.attributes
                0x00000745       0x34 c:/program files (x86)/embitz/1.11/share/em_armgcc/bin/../lib/gcc/arm-none-eabi/5.4.1/../../../../arm-none-eabi/lib/armv7e-m/fpu\libg_n.a(lib_a-printf.o)
 .ARM.attributes
                0x00000779       0x34 c:/program files (x86)/embitz/1.11/share/em_armgcc/bin/../lib/gcc/arm-none-eabi/5.4.1/../../../../arm-none-eabi/lib/armv7e-m/fpu\libg_n.a(lib_a-putchar.o)
 .ARM.attributes
                0x000007ad       0x20 c:/program files (x86)/embitz/1.11/share/em_armgcc/bin/../lib/gcc/arm-none-eabi/5.4.1/../../../../arm-none-eabi/lib/armv7e-m/fpu\libg_n.a(lib_a-strcmp.o)
 .ARM.attributes
                0x000007cd       0x1b c:/program files (x86)/embitz/1.11/share/em_armgcc/bin/../lib/gcc/arm-none-eabi/5.4.1/../../../../arm-none-eabi/lib/armv7e-m/fpu\libg_n.a(lib_a-strlen.o)
 .ARM.attributes
                0x000007e8       0x34 c:/program files (x86)/embitz/1.11/share/em_armgcc/bin/../lib/gcc/arm-none-eabi/5.4.1/../../../../arm-none-eabi/lib/armv7e-m/fpu\libg_n.a(lib_a-dtoa.o)
 .ARM.attributes
                0x0000081c       0x34 c:/program files (x86)/embitz/1.11/share/em_armgcc/bin/../lib/gcc/arm-none-eabi/5.4.1/../../../../arm-none-eabi/lib/armv7e-m/fpu\libg_n.a(lib_a-findfp.o)
 .ARM.attributes
                0x00000850       0x34 c:/program files (x86)/embitz/1.11/share/em_armgcc/bin/../lib/gcc/arm-none-eabi/5.4.1/../../../../arm-none-eabi/lib/armv7e-m/fpu\libg_n.a(lib_a-fwalk.o)
 .ARM.attributes
                0x00000884       0x34 c:/program files (x86)/embitz/1.11/share/em_armgcc/bin/../lib/gcc/arm-none-eabi/5.4.1/../../../../arm-none-eabi/lib/armv7e-m/fpu\libg_n.a(lib_a-locale.o)
 .ARM.attributes
                0x000008b8       0x34 c:/program files (x86)/embitz/1.11/share/em_armgcc/bin/../lib/gcc/arm-none-eabi/5.4.1/../../../../arm-none-eabi/lib/armv7e-m/fpu\libg_n.a(lib_a-malloc.o)
 .ARM.attributes
                0x000008ec       0x20 c:/program files (x86)/embitz/1.11/share/em_armgcc/bin/../lib/gcc/arm-none-eabi/5.4.1/../../../../arm-none-eabi/lib/armv7e-m/fpu\libg_n.a(lib_a-memchr.o)
 .ARM.attributes
                0x0000090c       0x34 c:/program files (x86)/embitz/1.11/share/em_armgcc/bin/../lib/gcc/arm-none-eabi/5.4.1/../../../../arm-none-eabi/lib/armv7e-m/fpu\libg_n.a(lib_a-mprec.o)
 .ARM.attributes
                0x00000940       0x34 c:/program files (x86)/embitz/1.11/share/em_armgcc/bin/../lib/gcc/arm-none-eabi/5.4.1/../../../../arm-none-eabi/lib/armv7e-m/fpu\libg_n.a(lib_a-nano-callocr.o)
 .ARM.attributes
                0x00000974       0x34 c:/program files (x86)/embitz/1.11/share/em_armgcc/bin/../lib/gcc/arm-none-eabi/5.4.1/../../../../arm-none-eabi/lib/armv7e-m/fpu\libg_n.a(lib_a-nano-freer.o)
 .ARM.attributes
                0x000009a8       0x34 c:/program files (x86)/embitz/1.11/share/em_armgcc/bin/../lib/gcc/arm-none-eabi/5.4.1/../../../../arm-none-eabi/lib/armv7e-m/fpu\libg_n.a(lib_a-nano-mallocr.o)
 .ARM.attributes
                0x000009dc       0x34 c:/program files (x86)/embitz/1.11/share/em_armgcc/bin/../lib/gcc/arm-none-eabi/5.4.1/../../../../arm-none-eabi/lib/armv7e-m/fpu\libg_n.a(lib_a-nano-vfprintf.o)
 .ARM.attributes
                0x00000a10       0x34 c:/program files (x86)/embitz/1.11/share/em_armgcc/bin/../lib/gcc/arm-none-eabi/5.4.1/../../../../arm-none-eabi/lib/armv7e-m/fpu\libg_n.a(lib_a-putc.o)
 .ARM.attributes
                0x00000a44       0x34 c:/program files (x86)/embitz/1.11/share/em_armgcc/bin/../lib/gcc/arm-none-eabi/5.4.1/../../../../arm-none-eabi/lib/armv7e-m/fpu\libg_n.a(lib_a-sbrkr.o)
 .ARM.attributes
                0x00000a78       0x34 c:/program files (x86)/embitz/1.11/share/em_armgcc/bin/../lib/gcc/arm-none-eabi/5.4.1/../../../../arm-none-eabi/lib/armv7e-m/fpu\libg_n.a(lib_a-stdio.o)
 .ARM.attributes
                0x00000aac       0x34 c:/program files (x86)/embitz/1.11/share/em_armgcc/bin/../lib/gcc/arm-none-eabi/5.4.1/../../../../arm-none-eabi/lib/armv7e-m/fpu\libg_n.a(lib_a-wbuf.o)
 .ARM.attributes
                0x00000ae0       0x34 c:/program files (x86)/embitz/1.11/share/em_armgcc/bin/../lib/gcc/arm-none-eabi/5.4.1/../../../../arm-none-eabi/lib/armv7e-m/fpu\libg_n.a(lib_a-writer.o)
 .ARM.attributes
                0x00000b14       0x34 c:/program files (x86)/embitz/1.11/share/em_armgcc/bin/../lib/gcc/arm-none-eabi/5.4.1/../../../../arm-none-eabi/lib/armv7e-m/fpu\libg_n.a(lib_a-wsetup.o)
 .ARM.attributes
                0x00000b48       0x34 c:/program files (x86)/embitz/1.11/share/em_armgcc/bin/../lib/gcc/arm-none-eabi/5.4.1/../../../../arm-none-eabi/lib/armv7e-m/fpu\libg_n.a(lib_a-closer.o)
 .ARM.attributes
                0x00000b7c       0x34 c:/program files (x86)/embitz/1.11/share/em_armgcc/bin/../lib/gcc/arm-none-eabi/5.4.1/../../../../arm-none-eabi/lib/armv7e-m/fpu\libg_n.a(lib_a-fflush.o)
 .ARM.attributes
                0x00000bb0       0x34 c:/program files (x86)/embitz/1.11/share/em_armgcc/bin/../lib/gcc/arm-none-eabi/5.4.1/../../../../arm-none-eabi/lib/armv7e-m/fpu\libg_n.a(lib_a-lseekr.o)
 .ARM.attributes
                0x00000be4       0x34 c:/program files (x86)/embitz/1.11/share/em_armgcc/bin/../lib/gcc/arm-none-eabi/5.4.1/../../../../arm-none-eabi/lib/armv7e-m/fpu\libg_n.a(lib_a-makebuf.o)
 .ARM.attributes
                0x00000c18       0x34 c:/program files (x86)/embitz/1.11/share/em_armgcc/bin/../lib/gcc/arm-none-eabi/5.4.1/../../../../arm-none-eabi/lib/armv7e-m/fpu\libg_n.a(lib_a-mlock.o)
 .ARM.attributes
                0x00000c4c       0x34 c:/program files (x86)/embitz/1.11/share/em_armgcc/bin/../lib/gcc/arm-none-eabi/5.4.1/../../../../arm-none-eabi/lib/armv7e-m/fpu\libg_n.a(lib_a-readr.o)
 .ARM.attributes
                0x00000c80       0x34 c:/program files (x86)/embitz/1.11/share/em_armgcc/bin/../lib/gcc/arm-none-eabi/5.4.1/../../../../arm-none-eabi/lib/armv7e-m/fpu\libg_n.a(lib_a-reent.o)
 .ARM.attributes
                0x00000cb4       0x34 c:/program files (x86)/embitz/1.11/share/em_armgcc/bin/../lib/gcc/arm-none-eabi/5.4.1/../../../../arm-none-eabi/lib/armv7e-m/fpu\libg_n.a(lib_a-fstatr.o)
 .ARM.attributes
                0x00000ce8       0x34 c:/program files (x86)/embitz/1.11/share/em_armgcc/bin/../lib/gcc/arm-none-eabi/5.4.1/../../../../arm-none-eabi/lib/armv7e-m/fpu\libg_n.a(lib_a-isattyr.o)
 .ARM.attributes
                0x00000d1c       0x22 c:/program files (x86)/embitz/1.11/share/em_armgcc/bin/../lib/gcc/arm-none-eabi/5.4.1/armv7e-m/fpu\libgcc.a(_arm_addsubdf3.o)
 .ARM.attributes
                0x00000d3e       0x22 c:/program files (x86)/embitz/1.11/share/em_armgcc/bin/../lib/gcc/arm-none-eabi/5.4.1/armv7e-m/fpu\libgcc.a(_arm_muldivdf3.o)
 .ARM.attributes
                0x00000d60       0x22 c:/program files (x86)/embitz/1.11/share/em_armgcc/bin/../lib/gcc/arm-none-eabi/5.4.1/armv7e-m/fpu\libgcc.a(_arm_cmpdf2.o)
 .ARM.attributes
                0x00000d82       0x22 c:/program files (x86)/embitz/1.11/share/em_armgcc/bin/../lib/gcc/arm-none-eabi/5.4.1/armv7e-m/fpu\libgcc.a(_arm_unorddf2.o)
 .ARM.attributes
                0x00000da4       0x22 c:/program files (x86)/embitz/1.11/share/em_armgcc/bin/../lib/gcc/arm-none-eabi/5.4.1/armv7e-m/fpu\libgcc.a(_arm_fixdfsi.o)
 .ARM.attributes
                0x00000dc6       0x34 c:/program files (x86)/embitz/1.11/share/em_armgcc/bin/../lib/gcc/arm-none-eabi/5.4.1/../../../../arm-none-eabi/lib/armv7e-m/fpu\libnosys_s.a(close.o)
 .ARM.attributes
                0x00000dfa       0x34 c:/program files (x86)/embitz/1.11/share/em_armgcc/bin/../lib/gcc/arm-none-eabi/5.4.1/../../../../arm-none-eabi/lib/armv7e-m/fpu\libnosys_s.a(fstat.o)
 .ARM.attributes
                0x00000e2e       0x34 c:/program files (x86)/embitz/1.11/share/em_armgcc/bin/../lib/gcc/arm-none-eabi/5.4.1/../../../../arm-none-eabi/lib/armv7e-m/fpu\libnosys_s.a(isatty.o)
 .ARM.attributes
                0x00000e62       0x34 c:/program files (x86)/embitz/1.11/share/em_armgcc/bin/../lib/gcc/arm-none-eabi/5.4.1/../../../../arm-none-eabi/lib/armv7e-m/fpu\libnosys_s.a(lseek.o)
 .ARM.attributes
                0x00000e96       0x34 c:/program files (x86)/embitz/1.11/share/em_armgcc/bin/../lib/gcc/arm-none-eabi/5.4.1/../../../../arm-none-eabi/lib/armv7e-m/fpu\libnosys_s.a(read.o)
 .ARM.attributes
                0x00000eca       0x34 c:/program files (x86)/embitz/1.11/share/em_armgcc/bin/../lib/gcc/arm-none-eabi/5.4.1/../../../../arm-none-eabi/lib/armv7e-m/fpu\libnosys_s.a(sbrk.o)
 .ARM.attributes
                0x00000efe       0x34 c:/program files (x86)/embitz/1.11/share/em_armgcc/bin/../lib/gcc/arm-none-eabi/5.4.1/../../../../arm-none-eabi/lib/armv7e-m/fpu\libnosys_s.a(_exit.o)
 .ARM.attributes
                0x00000f32       0x34 c:/program files (x86)/embitz/1.11/share/em_armgcc/bin/../lib/gcc/arm-none-eabi/5.4.1/armv7e-m/fpu/crtend.o
 .ARM.attributes
                0x00000f66       0x22 c:/program files (x86)/embitz/1.11/share/em_armgcc/bin/../lib/gcc/arm-none-eabi/5.4.1/armv7e-m/fpu/crtn.o

.comment        0x00000000       0x6e
 .comment       0x00000000       0x6e obj\release\bsp\src\bsp.o
                                 0x6f (size before relaxing)
 .comment       0x0000006e       0x6f obj\release\bsp\src\bsp_i2c.o
 .comment       0x0000006e       0x6f obj\release\bsp\src\bsp_led.o
 .comment       0x0000006e       0x6f obj\release\bsp\src\bsp_os.o
 .comment       0x0000006e       0x6f obj\release\bsp\src\bsp_uart.o
 .comment       0x0000006e       0x6f obj\release\common\src\queue.o
 .comment       0x0000006e       0x6f obj\release\spl\src\misc.o
 .comment       0x0000006e       0x6f obj\release\spl\src\stm32f4xx_dma.o
 .comment       0x0000006e       0x6f obj\release\spl\src\stm32f4xx_gpio.o
 .comment       0x0000006e       0x6f obj\release\spl\src\stm32f4xx_i2c.o
 .comment       0x0000006e       0x6f obj\release\spl\src\stm32f4xx_rcc.o
 .comment       0x0000006e       0x6f obj\release\spl\src\stm32f4xx_usart.o
 .comment       0x0000006e       0x6f obj\release\src\main.o
 .comment       0x0000006e       0x6f obj\release\src\system_stm32f4xx.o
 .comment       0x0000006e       0x6f obj\release\ucosii\ports\os_cpu_c.o
 .comment       0x0000006e       0x6f obj\release\ucosii\source\os_core.o
 .comment       0x0000006e       0x6f obj\release\ucosii\source\os_flag.o
 .comment       0x0000006e       0x6f obj\release\ucosii\source\os_mem.o
 .comment       0x0000006e       0x6f obj\release\ucosii\source\os_q.o
 .comment       0x0000006e       0x6f obj\release\ucosii\source\os_sem.o
 .comment       0x0000006e       0x6f obj\release\ucosii\source\os_task.o
 .comment       0x0000006e       0x6f obj\release\ucosii\source\os_time.o
 .comment       0x0000006e       0x6f obj\release\ucosii\source\os_tmr.o

.debug_info     0x00000000     0xee03
 .debug_info    0x00000000      0x198 obj\release\bsp\src\bsp.o
 .debug_info    0x00000198     0x1025 obj\release\bsp\src\bsp_i2c.o
 .debug_info    0x000011bd      0x428 obj\release\bsp\src\bsp_led.o
 .debug_info    0x000015e5      0x485 obj\release\bsp\src\bsp_os.o
 .debug_info    0x00001a6a     0x1433 obj\release\bsp\src\bsp_uart.o
 .debug_info    0x00002e9d      0x4e0 obj\release\common\src\queue.o
 .debug_info    0x0000337d      0x560 obj\release\spl\src\misc.o
 .debug_info    0x000038dd      0x700 obj\release\spl\src\stm32f4xx_dma.o
 .debug_info    0x00003fdd      0x7df obj\release\spl\src\stm32f4xx_gpio.o
 .debug_info    0x000047bc      0xb5c obj\release\spl\src\stm32f4xx_i2c.o
 .debug_info    0x00005318      0xd11 obj\release\spl\src\stm32f4xx_rcc.o
 .debug_info    0x00006029      0xb31 obj\release\spl\src\stm32f4xx_usart.o
 .debug_info    0x00006b5a      0x813 obj\release\src\main.o
 .debug_info    0x0000736d       0x6e obj\release\src\startup_stm32f4xx.o
 .debug_info    0x000073db      0x5ea obj\release\src\system_stm32f4xx.o
 .debug_info    0x000079c5       0x6e obj\release\ucosii\ports\os_cpu_a.o
 .debug_info    0x00007a33      0xbdb obj\release\ucosii\ports\os_cpu_c.o
 .debug_info    0x0000860e     0x1a4f obj\release\ucosii\source\os_core.o
 .debug_info    0x0000a05d      0xd3b obj\release\ucosii\source\os_flag.o
 .debug_info    0x0000ad98      0x541 obj\release\ucosii\source\os_mem.o
 .debug_info    0x0000b2d9      0xcff obj\release\ucosii\source\os_q.o
 .debug_info    0x0000bfd8      0x951 obj\release\ucosii\source\os_sem.o
 .debug_info    0x0000c929     0x1106 obj\release\ucosii\source\os_task.o
 .debug_info    0x0000da2f      0x624 obj\release\ucosii\source\os_time.o
 .debug_info    0x0000e053      0xdb0 obj\release\ucosii\source\os_tmr.o

.debug_abbrev   0x00000000     0x2f53
 .debug_abbrev  0x00000000      0x10a obj\release\bsp\src\bsp.o
 .debug_abbrev  0x0000010a      0x2d8 obj\release\bsp\src\bsp_i2c.o
 .debug_abbrev  0x000003e2      0x16b obj\release\bsp\src\bsp_led.o
 .debug_abbrev  0x0000054d      0x1a4 obj\release\bsp\src\bsp_os.o
 .debug_abbrev  0x000006f1      0x2c2 obj\release\bsp\src\bsp_uart.o
 .debug_abbrev  0x000009b3      0x170 obj\release\common\src\queue.o
 .debug_abbrev  0x00000b23      0x158 obj\release\spl\src\misc.o
 .debug_abbrev  0x00000c7b      0x177 obj\release\spl\src\stm32f4xx_dma.o
 .debug_abbrev  0x00000df2      0x1f5 obj\release\spl\src\stm32f4xx_gpio.o
 .debug_abbrev  0x00000fe7      0x242 obj\release\spl\src\stm32f4xx_i2c.o
 .debug_abbrev  0x00001229      0x299 obj\release\spl\src\stm32f4xx_rcc.o
 .debug_abbrev  0x000014c2      0x1d9 obj\release\spl\src\stm32f4xx_usart.o
 .debug_abbrev  0x0000169b      0x25b obj\release\src\main.o
 .debug_abbrev  0x000018f6       0x14 obj\release\src\startup_stm32f4xx.o
 .debug_abbrev  0x0000190a      0x161 obj\release\src\system_stm32f4xx.o
 .debug_abbrev  0x00001a6b       0x14 obj\release\ucosii\ports\os_cpu_a.o
 .debug_abbrev  0x00001a7f      0x2d4 obj\release\ucosii\ports\os_cpu_c.o
 .debug_abbrev  0x00001d53      0x381 obj\release\ucosii\source\os_core.o
 .debug_abbrev  0x000020d4      0x25d obj\release\ucosii\source\os_flag.o
 .debug_abbrev  0x00002331      0x192 obj\release\ucosii\source\os_mem.o
 .debug_abbrev  0x000024c3      0x1bd obj\release\ucosii\source\os_q.o
 .debug_abbrev  0x00002680      0x1be obj\release\ucosii\source\os_sem.o
 .debug_abbrev  0x0000283e      0x281 obj\release\ucosii\source\os_task.o
 .debug_abbrev  0x00002abf      0x1af obj\release\ucosii\source\os_time.o
 .debug_abbrev  0x00002c6e      0x2e5 obj\release\ucosii\source\os_tmr.o

.debug_aranges  0x00000000      0xba8
 .debug_aranges
                0x00000000       0x30 obj\release\bsp\src\bsp.o
 .debug_aranges
                0x00000030       0x60 obj\release\bsp\src\bsp_i2c.o
 .debug_aranges
                0x00000090       0x38 obj\release\bsp\src\bsp_led.o
 .debug_aranges
                0x000000c8       0x48 obj\release\bsp\src\bsp_os.o
 .debug_aranges
                0x00000110       0x68 obj\release\bsp\src\bsp_uart.o
 .debug_aranges
                0x00000178       0x58 obj\release\common\src\queue.o
 .debug_aranges
                0x000001d0       0x40 obj\release\spl\src\misc.o
 .debug_aranges
                0x00000210       0xa8 obj\release\spl\src\stm32f4xx_dma.o
 .debug_aranges
                0x000002b8       0x88 obj\release\spl\src\stm32f4xx_gpio.o
 .debug_aranges
                0x00000340      0x110 obj\release\spl\src\stm32f4xx_i2c.o
 .debug_aranges
                0x00000450      0x178 obj\release\spl\src\stm32f4xx_rcc.o
 .debug_aranges
                0x000005c8      0x100 obj\release\spl\src\stm32f4xx_usart.o
 .debug_aranges
                0x000006c8       0x50 obj\release\src\main.o
 .debug_aranges
                0x00000718       0x20 obj\release\src\startup_stm32f4xx.o
 .debug_aranges
                0x00000738       0x28 obj\release\src\system_stm32f4xx.o
 .debug_aranges
                0x00000760       0x20 obj\release\ucosii\ports\os_cpu_a.o
 .debug_aranges
                0x00000780       0x50 obj\release\ucosii\ports\os_cpu_c.o
 .debug_aranges
                0x000007d0       0xf0 obj\release\ucosii\source\os_core.o
 .debug_aranges
                0x000008c0       0x80 obj\release\ucosii\source\os_flag.o
 .debug_aranges
                0x00000940       0x50 obj\release\ucosii\source\os_mem.o
 .debug_aranges
                0x00000990       0x70 obj\release\ucosii\source\os_q.o
 .debug_aranges
                0x00000a00       0x58 obj\release\ucosii\source\os_sem.o
 .debug_aranges
                0x00000a58       0x98 obj\release\ucosii\source\os_task.o
 .debug_aranges
                0x00000af0       0x40 obj\release\ucosii\source\os_time.o
 .debug_aranges
                0x00000b30       0x78 obj\release\ucosii\source\os_tmr.o

.debug_ranges   0x00000000      0xc90
 .debug_ranges  0x00000000       0x20 obj\release\bsp\src\bsp.o
 .debug_ranges  0x00000020       0x50 obj\release\bsp\src\bsp_i2c.o
 .debug_ranges  0x00000070       0x28 obj\release\bsp\src\bsp_led.o
 .debug_ranges  0x00000098       0x38 obj\release\bsp\src\bsp_os.o
 .debug_ranges  0x000000d0       0x70 obj\release\bsp\src\bsp_uart.o
 .debug_ranges  0x00000140       0x48 obj\release\common\src\queue.o
 .debug_ranges  0x00000188       0x30 obj\release\spl\src\misc.o
 .debug_ranges  0x000001b8       0x98 obj\release\spl\src\stm32f4xx_dma.o
 .debug_ranges  0x00000250       0x78 obj\release\spl\src\stm32f4xx_gpio.o
 .debug_ranges  0x000002c8      0x100 obj\release\spl\src\stm32f4xx_i2c.o
 .debug_ranges  0x000003c8      0x188 obj\release\spl\src\stm32f4xx_rcc.o
 .debug_ranges  0x00000550       0xf0 obj\release\spl\src\stm32f4xx_usart.o
 .debug_ranges  0x00000640       0x40 obj\release\src\main.o
 .debug_ranges  0x00000680       0x30 obj\release\src\system_stm32f4xx.o
 .debug_ranges  0x000006b0       0x60 obj\release\ucosii\ports\os_cpu_c.o
 .debug_ranges  0x00000710      0x228 obj\release\ucosii\source\os_core.o
 .debug_ranges  0x00000938       0xa8 obj\release\ucosii\source\os_flag.o
 .debug_ranges  0x000009e0       0x40 obj\release\ucosii\source\os_mem.o
 .debug_ranges  0x00000a20       0x60 obj\release\ucosii\source\os_q.o
 .debug_ranges  0x00000a80       0x48 obj\release\ucosii\source\os_sem.o
 .debug_ranges  0x00000ac8       0xb8 obj\release\ucosii\source\os_task.o
 .debug_ranges  0x00000b80       0x48 obj\release\ucosii\source\os_time.o
 .debug_ranges  0x00000bc8       0xc8 obj\release\ucosii\source\os_tmr.o

.debug_line     0x00000000     0x470f
 .debug_line    0x00000000      0x197 obj\release\bsp\src\bsp.o
 .debug_line    0x00000197      0x3a1 obj\release\bsp\src\bsp_i2c.o
 .debug_line    0x00000538      0x1c3 obj\release\bsp\src\bsp_led.o
 .debug_line    0x000006fb      0x1d5 obj\release\bsp\src\bsp_os.o
 .debug_line    0x000008d0      0x343 obj\release\bsp\src\bsp_uart.o
 .debug_line    0x00000c13      0x2d7 obj\release\common\src\queue.o
 .debug_line    0x00000eea      0x1ac obj\release\spl\src\misc.o
 .debug_line    0x00001096      0x35a obj\release\spl\src\stm32f4xx_dma.o
 .debug_line    0x000013f0      0x2df obj\release\spl\src\stm32f4xx_gpio.o
 .debug_line    0x000016cf      0x43f obj\release\spl\src\stm32f4xx_i2c.o
 .debug_line    0x00001b0e      0x4ed obj\release\spl\src\stm32f4xx_rcc.o
 .debug_line    0x00001ffb      0x464 obj\release\spl\src\stm32f4xx_usart.o
 .debug_line    0x0000245f      0x2e9 obj\release\src\main.o
 .debug_line    0x00002748       0xcc obj\release\src\startup_stm32f4xx.o
 .debug_line    0x00002814      0x19c obj\release\src\system_stm32f4xx.o
 .debug_line    0x000029b0       0x9e obj\release\ucosii\ports\os_cpu_a.o
 .debug_line    0x00002a4e      0x283 obj\release\ucosii\ports\os_cpu_c.o
 .debug_line    0x00002cd1      0x661 obj\release\ucosii\source\os_core.o
 .debug_line    0x00003332      0x3c8 obj\release\ucosii\source\os_flag.o
 .debug_line    0x000036fa      0x1b6 obj\release\ucosii\source\os_mem.o
 .debug_line    0x000038b0      0x315 obj\release\ucosii\source\os_q.o
 .debug_line    0x00003bc5      0x23a obj\release\ucosii\source\os_sem.o
 .debug_line    0x00003dff      0x41a obj\release\ucosii\source\os_task.o
 .debug_line    0x00004219      0x12b obj\release\ucosii\source\os_time.o
 .debug_line    0x00004344      0x3cb obj\release\ucosii\source\os_tmr.o

.debug_str      0x00000000     0x361e
 .debug_str     0x00000000      0x20a obj\release\bsp\src\bsp.o
                                0x25b (size before relaxing)
 .debug_str     0x0000020a      0x653 obj\release\bsp\src\bsp_i2c.o
                                0x828 (size before relaxing)
 .debug_str     0x0000085d       0x64 obj\release\bsp\src\bsp_led.o
                                0x41d (size before relaxing)
 .debug_str     0x000008c1      0x197 obj\release\bsp\src\bsp_os.o
                                0x371 (size before relaxing)
 .debug_str     0x00000a58      0x5fb obj\release\bsp\src\bsp_uart.o
                                0xaf7 (size before relaxing)
 .debug_str     0x00001053       0xa2 obj\release\common\src\queue.o
                                0x300 (size before relaxing)
 .debug_str     0x000010f5      0x183 obj\release\spl\src\misc.o
                                0x414 (size before relaxing)
 .debug_str     0x00001278      0x1c2 obj\release\spl\src\stm32f4xx_dma.o
                                0x57a (size before relaxing)
 .debug_str     0x0000143a      0x142 obj\release\spl\src\stm32f4xx_gpio.o
                                0x500 (size before relaxing)
 .debug_str     0x0000157c      0x2bf obj\release\spl\src\stm32f4xx_i2c.o
                                0x69e (size before relaxing)
 .debug_str     0x0000183b      0x513 obj\release\spl\src\stm32f4xx_rcc.o
                                0x896 (size before relaxing)
 .debug_str     0x00001d4e      0x2da obj\release\spl\src\stm32f4xx_usart.o
                                0x715 (size before relaxing)
 .debug_str     0x00002028      0x12d obj\release\src\main.o
                                0x3e3 (size before relaxing)
 .debug_str     0x00002155       0x6f obj\release\src\system_stm32f4xx.o
                                0x3f2 (size before relaxing)
 .debug_str     0x000021c4      0x7e3 obj\release\ucosii\ports\os_cpu_c.o
                                0xba4 (size before relaxing)
 .debug_str     0x000029a7      0x6c8 obj\release\ucosii\source\os_core.o
                                0xbc3 (size before relaxing)
 .debug_str     0x0000306f      0x133 obj\release\ucosii\source\os_flag.o
                                0x667 (size before relaxing)
 .debug_str     0x000031a2       0xd5 obj\release\ucosii\source\os_mem.o
                                0x351 (size before relaxing)
 .debug_str     0x00003277       0xc0 obj\release\ucosii\source\os_q.o
                                0x629 (size before relaxing)
 .debug_str     0x00003337       0x78 obj\release\ucosii\source\os_sem.o
                                0x5a0 (size before relaxing)
 .debug_str     0x000033af      0x11d obj\release\ucosii\source\os_task.o
                                0x717 (size before relaxing)
 .debug_str     0x000034cc       0x52 obj\release\ucosii\source\os_time.o
                                0x502 (size before relaxing)
 .debug_str     0x0000351e      0x100 obj\release\ucosii\source\os_tmr.o
                                0x70d (size before relaxing)

.debug_frame    0x00000000     0x2d8c
 .debug_frame   0x00000000       0x54 obj\release\bsp\src\bsp.o
 .debug_frame   0x00000054      0x158 obj\release\bsp\src\bsp_i2c.o
 .debug_frame   0x000001ac       0x60 obj\release\bsp\src\bsp_led.o
 .debug_frame   0x0000020c       0x9c obj\release\bsp\src\bsp_os.o
 .debug_frame   0x000002a8      0x138 obj\release\bsp\src\bsp_uart.o
 .debug_frame   0x000003e0      0x138 obj\release\common\src\queue.o
 .debug_frame   0x00000518       0x74 obj\release\spl\src\misc.o
 .debug_frame   0x0000058c      0x1a8 obj\release\spl\src\stm32f4xx_dma.o
 .debug_frame   0x00000734      0x160 obj\release\spl\src\stm32f4xx_gpio.o
 .debug_frame   0x00000894      0x274 obj\release\spl\src\stm32f4xx_i2c.o
 .debug_frame   0x00000b08      0x2f0 obj\release\spl\src\stm32f4xx_rcc.o
 .debug_frame   0x00000df8      0x260 obj\release\spl\src\stm32f4xx_usart.o
 .debug_frame   0x00001058       0xcc obj\release\src\main.o
 .debug_frame   0x00001124       0x3c obj\release\src\system_stm32f4xx.o
 .debug_frame   0x00001160      0x108 obj\release\ucosii\ports\os_cpu_c.o
 .debug_frame   0x00001268      0x324 obj\release\ucosii\source\os_core.o
 .debug_frame   0x0000158c      0x1e4 obj\release\ucosii\source\os_flag.o
 .debug_frame   0x00001770      0x120 obj\release\ucosii\source\os_mem.o
 .debug_frame   0x00001890      0x1a0 obj\release\ucosii\source\os_q.o
 .debug_frame   0x00001a30      0x15c obj\release\ucosii\source\os_sem.o
 .debug_frame   0x00001b8c      0x22c obj\release\ucosii\source\os_task.o
 .debug_frame   0x00001db8       0xa8 obj\release\ucosii\source\os_time.o
 .debug_frame   0x00001e60      0x20c obj\release\ucosii\source\os_tmr.o
 .debug_frame   0x0000206c       0x28 c:/program files (x86)/embitz/1.11/share/em_armgcc/bin/../lib/gcc/arm-none-eabi/5.4.1/../../../../arm-none-eabi/lib/armv7e-m/fpu\libg_n.a(lib_a-exit.o)
 .debug_frame   0x00002094       0x2c c:/program files (x86)/embitz/1.11/share/em_armgcc/bin/../lib/gcc/arm-none-eabi/5.4.1/../../../../arm-none-eabi/lib/armv7e-m/fpu\libg_n.a(lib_a-init.o)
 .debug_frame   0x000020c0       0x28 c:/program files (x86)/embitz/1.11/share/em_armgcc/bin/../lib/gcc/arm-none-eabi/5.4.1/../../../../arm-none-eabi/lib/armv7e-m/fpu\libg_n.a(lib_a-memcpy-stub.o)