Archive member included to satisfy reference by file (symbol)

c:/program files (x86)/embitz/1.11/share/em_armgcc/bin/../lib/gcc/arm-none-eabi/5.4.1/../../../../arm-none-eabi/lib/armv7e-m/fpu\libg_n.a(lib_a-exit.o)
                              c:/program files (x86)/embitz/1.11/share/em_armgcc/bin/../lib/gcc/arm-none-eabi/5.4.1/../../../../arm-none-eabi/lib/armv7e-m/fpu/crt0.o (exit)
c:/program files (x86)/embitz/1.11/share/em_armgcc/bin/../lib/gcc/arm-none-eabi/5.4.1/../../../../arm-none-eabi/lib/armv7e-m/fpu\libg_n.a(lib_a-impure.o)
                              c:/program files (x86)/embitz/1.11/share/em_armgcc/bin/../lib/gcc/arm-none-eabi/5.4.1/../../../../arm-none-eabi/lib/armv7e-m/fpu\libg_n.a(lib_a-exit.o) (_global_impure_ptr)
c:/program files (x86)/embitz/1.11/share/em_armgcc/bin/../lib/gcc/arm-none-eabi/5.4.1/../../../../arm-none-eabi/lib/armv7e-m/fpu\libg_n.a(lib_a-init.o)
                              c:/program files (x86)/embitz/1.11/share/em_armgcc/bin/../lib/gcc/arm-none-eabi/5.4.1/../../../../arm-none-eabi/lib/armv7e-m/fpu/crt0.o (__libc_init_array)
c:/program files (x86)/embitz/1.11/share/em_armgcc/bin/../lib/gcc/arm-none-eabi/5.4.1/../../../../arm-none-eabi/lib/armv7e-m/fpu\libg_n.a(lib_a-memcpy-stub.o)
                              obj\debug\src\bsp_uart.o (memcpy)
c:/program files (x86)/embitz/1.11/share/em_armgcc/bin/../lib/gcc/arm-none-eabi/5.4.1/../../../../arm-none-eabi/lib/armv7e-m/fpu\libg_n.a(lib_a-memset.o)
                              c:/program files (x86)/embitz/1.11/share/em_armgcc/bin/../lib/gcc/arm-none-eabi/5.4.1/../../../../arm-none-eabi/lib/armv7e-m/fpu/crt0.o (memset)
c:/program files (x86)/embitz/1.11/share/em_armgcc/bin/../lib/gcc/arm-none-eabi/5.4.1/../../../../arm-none-eabi/lib/armv7e-m/fpu\libnosys_s.a(_exit.o)
                              c:/program files (x86)/embitz/1.11/share/em_armgcc/bin/../lib/gcc/arm-none-eabi/5.4.1/../../../../arm-none-eabi/lib/armv7e-m/fpu\libg_n.a(lib_a-exit.o) (_exit)

Discarded input sections

 .text          0x00000000        0x0 c:/program files (x86)/embitz/1.11/share/em_armgcc/bin/../lib/gcc/arm-none-eabi/5.4.1/armv7e-m/fpu/crti.o
 .data          0x00000000        0x0 c:/program files (x86)/embitz/1.11/share/em_armgcc/bin/../lib/gcc/arm-none-eabi/5.4.1/armv7e-m/fpu/crti.o
 .bss           0x00000000        0x0 c:/program files (x86)/embitz/1.11/share/em_armgcc/bin/../lib/gcc/arm-none-eabi/5.4.1/armv7e-m/fpu/crti.o
 .data          0x00000000        0x4 c:/program files (x86)/embitz/1.11/share/em_armgcc/bin/../lib/gcc/arm-none-eabi/5.4.1/armv7e-m/fpu/crtbegin.o
 .data          0x00000000        0x0 c:/program files (x86)/embitz/1.11/share/em_armgcc/bin/../lib/gcc/arm-none-eabi/5.4.1/../../../../arm-none-eabi/lib/armv7e-m/fpu/crt0.o
 .bss           0x00000000        0x0 c:/program files (x86)/embitz/1.11/share/em_armgcc/bin/../lib/gcc/arm-none-eabi/5.4.1/../../../../arm-none-eabi/lib/armv7e-m/fpu/crt0.o
 .ARM.extab     0x00000000        0x0 c:/program files (x86)/embitz/1.11/share/em_armgcc/bin/../lib/gcc/arm-none-eabi/5.4.1/../../../../arm-none-eabi/lib/armv7e-m/fpu/crt0.o
 .group         0x00000000        0x8 obj\debug\spl\src\misc.o
 .group         0x00000000        0x8 obj\debug\spl\src\misc.o
 .group         0x00000000        0x8 obj\debug\spl\src\misc.o
 .group         0x00000000        0x8 obj\debug\spl\src\misc.o
 .group         0x00000000        0x8 obj\debug\spl\src\misc.o
 .group         0x00000000        0x8 obj\debug\spl\src\misc.o
 .group         0x00000000        0x8 obj\debug\spl\src\misc.o
 .group         0x00000000        0x8 obj\debug\spl\src\misc.o
 .group         0x00000000        0x8 obj\debug\spl\src\misc.o
 .group         0x00000000        0x8 obj\debug\spl\src\misc.o
 .group         0x00000000        0x8 obj\debug\spl\src\misc.o
 .group         0x00000000        0x8 obj\debug\spl\src\misc.o
 .group         0x00000000        0x8 obj\debug\spl\src\misc.o
 .group         0x00000000        0x8 obj\debug\spl\src\misc.o
 .group         0x00000000        0x8 obj\debug\spl\src\misc.o
 .group         0x00000000        0x8 obj\debug\spl\src\misc.o
 .group         0x00000000        0x8 obj\debug\spl\src\misc.o
 .group         0x00000000        0x8 obj\debug\spl\src\misc.o
 .group         0x00000000        0x8 obj\debug\spl\src\misc.o
 .group         0x00000000        0x8 obj\debug\spl\src\misc.o
 .group         0x00000000        0x8 obj\debug\spl\src\misc.o
 .group         0x00000000        0x8 obj\debug\spl\src\misc.o
 .group         0x00000000        0x8 obj\debug\spl\src\misc.o
 .group         0x00000000        0x8 obj\debug\spl\src\misc.o
 .group         0x00000000        0x8 obj\debug\spl\src\misc.o
 .group         0x00000000        0x8 obj\debug\spl\src\misc.o
 .group         0x00000000        0x8 obj\debug\spl\src\misc.o
 .group         0x00000000        0x8 obj\debug\spl\src\misc.o
 .group         0x00000000        0x8 obj\debug\spl\src\misc.o
 .group         0x00000000        0x8 obj\debug\spl\src\misc.o
[...]
Memory Configuration

Name             Origin             Length             Attributes
ROM              0x08000000         0x00080000         xr
RAM              0x20000000         0x00020000         xrw
CCRAM            0x10000000         0x00010000         xrw
*default*        0x00000000         0xffffffff

Linker script and memory map

LOAD c:/program files (x86)/embitz/1.11/share/em_armgcc/bin/../lib/gcc/arm-none-eabi/5.4.1/armv7e-m/fpu/crti.o
LOAD c:/program files (x86)/embitz/1.11/share/em_armgcc/bin/../lib/gcc/arm-none-eabi/5.4.1/armv7e-m/fpu/crtbegin.o
LOAD c:/program files (x86)/embitz/1.11/share/em_armgcc/bin/../lib/gcc/arm-none-eabi/5.4.1/../../../../arm-none-eabi/lib/armv7e-m/fpu/crt0.o
                0x00000000                __HEAP_SIZE = 0x0
                0x00000100                __STACK_SIZE = 0x100

.text           0x08000000     0x17b4
 *(.isr_vector)
 .isr_vector    0x08000000      0x188 obj\debug\src\startup_stm32f4xx.o
                0x08000000                __isr_vector
 *(.text*)
 .text          0x08000188       0x5c c:/program files (x86)/embitz/1.11/share/em_armgcc/bin/../lib/gcc/arm-none-eabi/5.4.1/armv7e-m/fpu/crtbegin.o
 .text          0x080001e4       0x74 c:/program files (x86)/embitz/1.11/share/em_armgcc/bin/../lib/gcc/arm-none-eabi/5.4.1/../../../../arm-none-eabi/lib/armv7e-m/fpu/crt0.o
                0x080001e4                _start
                0x080001e4                _mainCRTStartup
 .text.NVIC_Init
                0x08000258       0xc4 obj\debug\spl\src\misc.o
                0x08000258                NVIC_Init
 .text.DMA_DeInit
                0x0800031c      0x1a8 obj\debug\spl\src\stm32f4xx_dma.o
                0x0800031c                DMA_DeInit
 .text.DMA_Init
                0x080004c4       0xb0 obj\debug\spl\src\stm32f4xx_dma.o
                0x080004c4                DMA_Init
 .text.DMA_StructInit
                0x08000574       0x70 obj\debug\spl\src\stm32f4xx_dma.o
                0x08000574                DMA_StructInit
 .text.DMA_Cmd  0x080005e4       0x38 obj\debug\spl\src\stm32f4xx_dma.o
                0x080005e4                DMA_Cmd
 .text.DMA_FlowControllerConfig
                0x0800061c       0x38 obj\debug\spl\src\stm32f4xx_dma.o
                0x0800061c                DMA_FlowControllerConfig
 .text.DMA_SetCurrDataCounter
                0x08000654       0x20 obj\debug\spl\src\stm32f4xx_dma.o
                0x08000654                DMA_SetCurrDataCounter
 .text.DMA_GetCurrDataCounter
                0x08000674       0x1c obj\debug\spl\src\stm32f4xx_dma.o
                0x08000674                DMA_GetCurrDataCounter
 .text.DMA_GetFIFOStatus
                0x08000690       0x24 obj\debug\spl\src\stm32f4xx_dma.o
                0x08000690                DMA_GetFIFOStatus
 .text.DMA_ClearFlag
                0x080006b4       0x5c obj\debug\spl\src\stm32f4xx_dma.o
                0x080006b4                DMA_ClearFlag
 .text.GPIO_Init
                0x08000710      0x11c obj\debug\spl\src\stm32f4xx_gpio.o
                0x08000710                GPIO_Init
 .text.GPIO_PinAFConfig
                0x0800082c       0x94 obj\debug\spl\src\stm32f4xx_gpio.o
                0x0800082c                GPIO_PinAFConfig
 .text.RCC_GetClocksFreq
                0x080008c0      0x154 obj\debug\spl\src\stm32f4xx_rcc.o
                0x080008c0                RCC_GetClocksFreq
 .text.RCC_AHB1PeriphClockCmd
                0x08000a14       0x40 obj\debug\spl\src\stm32f4xx_rcc.o
                0x08000a14                RCC_AHB1PeriphClockCmd
 .text.RCC_APB1PeriphClockCmd
                0x08000a54       0x40 obj\debug\spl\src\stm32f4xx_rcc.o
                0x08000a54                RCC_APB1PeriphClockCmd
 .text.RCC_APB2PeriphClockCmd
                0x08000a94       0x40 obj\debug\spl\src\stm32f4xx_rcc.o
                0x08000a94                RCC_APB2PeriphClockCmd
 .text.RCC_APB1PeriphResetCmd
                0x08000ad4       0x40 obj\debug\spl\src\stm32f4xx_rcc.o
                0x08000ad4                RCC_APB1PeriphResetCmd
 .text.RCC_APB2PeriphResetCmd
                0x08000b14       0x40 obj\debug\spl\src\stm32f4xx_rcc.o
                0x08000b14                RCC_APB2PeriphResetCmd
 .text.USART_DeInit
                0x08000b54       0xd4 obj\debug\spl\src\stm32f4xx_usart.o
                0x08000b54                USART_DeInit
 .text.USART_Init
                0x08000c28      0x174 obj\debug\spl\src\stm32f4xx_usart.o
                0x08000c28                USART_Init
 .text.USART_StructInit
                0x08000d9c       0x3c obj\debug\spl\src\stm32f4xx_usart.o
                0x08000d9c                USART_StructInit
 .text.USART_Cmd
                0x08000dd8       0x40 obj\debug\spl\src\stm32f4xx_usart.o
                0x08000dd8                USART_Cmd
 .text.USART_ReceiveData
                0x08000e18       0x20 obj\debug\spl\src\stm32f4xx_usart.o
                0x08000e18                USART_ReceiveData
 .text.USART_DMACmd
                0x08000e38       0x48 obj\debug\spl\src\stm32f4xx_usart.o
                0x08000e38                USART_DMACmd
 .text.USART_ITConfig
                0x08000e80       0x90 obj\debug\spl\src\stm32f4xx_usart.o
                0x08000e80                USART_ITConfig
 .text.USART_ClearFlag
                0x08000f10       0x24 obj\debug\spl\src\stm32f4xx_usart.o
                0x08000f10                USART_ClearFlag
 .text.USART_GetITStatus
                0x08000f34       0xb8 obj\debug\spl\src\stm32f4xx_usart.o
                0x08000f34                USART_GetITStatus
 .text.BSP_UartOpen
                0x08000fec      0x20c obj\debug\src\bsp_uart.o
                0x08000fec                BSP_UartOpen
 .text.BSP_UartWrite
                0x080011f8       0xb0 obj\debug\src\bsp_uart.o
                0x080011f8                BSP_UartWrite
 .text._IRQHandler
                0x080012a8       0x48 obj\debug\src\bsp_uart.o
                0x080012a8                _IRQHandler
 .text.USART1_IRQHandler
                0x080012f0       0x10 obj\debug\src\bsp_uart.o
                0x080012f0                USART1_IRQHandler
 .text.main     0x08001300       0x28 obj\debug\src\main.o
                0x08001300                main
 .text.QUEUE_PacketCreate
                0x08001328       0x5c obj\debug\src\queue.o
                0x08001328                QUEUE_PacketCreate
 .text.QUEUE_PacketIn
                0x08001384       0xc4 obj\debug\src\queue.o
                0x08001384                QUEUE_PacketIn
 .text.ASSERT_FAILED
                0x08001448       0x20 obj\debug\src\queue.o
                0x08001448                ASSERT_FAILED
 .text          0x08001468      0x108 obj\debug\src\startup_stm32f4xx.o
                0x08001468                Reset_Handler
                0x080014ae                NMI_Handler
                0x080014b0                HardFault_Handler
                0x080014b2                MemManage_Handler
                0x080014b4                BusFault_Handler
                0x080014b6                UsageFault_Handler
                0x080014b8                SVC_Handler
                0x080014ba                DebugMon_Handler
                0x080014bc                PendSV_Handler
                0x080014be                SysTick_Handler
                0x080014c0                Default_Handler
                0x080014c2                WWDG_IRQHandler
                0x080014c4                PVD_IRQHandler
                0x080014c6                TAMP_STAMP_IRQHandler
                0x080014c8                RTC_WKUP_IRQHandler
                0x080014ca                FLASH_IRQHandler
                0x080014cc                RCC_IRQHandler
                0x080014ce                EXTI0_IRQHandler
                0x080014d0                EXTI1_IRQHandler
                0x080014d2                EXTI2_IRQHandler
                0x080014d4                EXTI3_IRQHandler
                0x080014d6                EXTI4_IRQHandler
                0x080014d8                DMA1_Stream0_IRQHandler
                0x080014da                DMA1_Stream1_IRQHandler
                0x080014dc                DMA1_Stream2_IRQHandler
                0x080014de                DMA1_Stream3_IRQHandler
                0x080014e0                DMA1_Stream4_IRQHandler
                0x080014e2                DMA1_Stream5_IRQHandler
                0x080014e4                DMA1_Stream6_IRQHandler
                0x080014e6                ADC_IRQHandler
                0x080014e8                CAN1_TX_IRQHandler
                0x080014ea                CAN1_RX0_IRQHandler
                0x080014ec                CAN1_RX1_IRQHandler
                0x080014ee                CAN1_SCE_IRQHandler
                0x080014f0                EXTI9_5_IRQHandler
                0x080014f2                TIM1_BRK_TIM9_IRQHandler
                0x080014f4                TIM1_UP_TIM10_IRQHandler
                0x080014f6                TIM1_TRG_COM_TIM11_IRQHandler
                0x080014f8                TIM1_CC_IRQHandler
                0x080014fa                TIM2_IRQHandler
                0x080014fc                TIM3_IRQHandler
                0x080014fe                TIM4_IRQHandler
                0x08001500                I2C1_EV_IRQHandler
                0x08001502                I2C1_ER_IRQHandler
                0x08001504                I2C2_EV_IRQHandler
                0x08001506                I2C2_ER_IRQHandler
                0x08001508                SPI1_IRQHandler
                0x0800150a                SPI2_IRQHandler
                0x0800150e                USART2_IRQHandler
                0x08001510                USART3_IRQHandler
                0x08001512                EXTI15_10_IRQHandler
                0x08001514                RTC_Alarm_IRQHandler
                0x08001516                OTG_FS_WKUP_IRQHandler
                0x08001518                TIM8_BRK_TIM12_IRQHandler
                0x0800151a                TIM8_UP_TIM13_IRQHandler
                0x0800151c                TIM8_TRG_COM_TIM14_IRQHandler
                0x0800151e                TIM8_CC_IRQHandler
                0x08001520                DMA1_Stream7_IRQHandler
                0x08001522                FSMC_IRQHandler
                0x08001524                SDIO_IRQHandler
                0x08001526                TIM5_IRQHandler
                0x08001528                SPI3_IRQHandler
                0x0800152a                UART4_IRQHandler
                0x0800152c                UART5_IRQHandler
                0x0800152e                TIM6_DAC_IRQHandler
                0x08001530                TIM7_IRQHandler
                0x08001532                DMA2_Stream0_IRQHandler
                0x08001534                DMA2_Stream1_IRQHandler
                0x08001536                DMA2_Stream2_IRQHandler
                0x08001538                DMA2_Stream3_IRQHandler
                0x0800153a                DMA2_Stream4_IRQHandler
                0x0800153c                ETH_IRQHandler
                0x0800153e                ETH_WKUP_IRQHandler
                0x08001540                CAN2_TX_IRQHandler
                0x08001542                CAN2_RX0_IRQHandler
                0x08001544                CAN2_RX1_IRQHandler
                0x08001546                CAN2_SCE_IRQHandler
                0x08001548                OTG_FS_IRQHandler
                0x0800154a                DMA2_Stream5_IRQHandler
                0x0800154c                DMA2_Stream6_IRQHandler
                0x0800154e                DMA2_Stream7_IRQHandler
                0x08001550                USART6_IRQHandler
                0x08001552                I2C3_EV_IRQHandler
                0x08001554                I2C3_ER_IRQHandler
                0x08001556                OTG_HS_EP1_OUT_IRQHandler
                0x08001558                OTG_HS_EP1_IN_IRQHandler
                0x0800155a                OTG_HS_WKUP_IRQHandler
                0x0800155c                OTG_HS_IRQHandler
                0x0800155e                DCMI_IRQHandler
                0x08001560                CRYP_IRQHandler
                0x08001562                HASH_RNG_IRQHandler
                0x08001564                FPU_IRQHandler
 .text.SystemInit
                0x08001570       0x6c obj\debug\src\system_stm32f4xx.o
                0x08001570                SystemInit
 .text.SetSysClock
                0x080015dc       0xf8 obj\debug\src\system_stm32f4xx.o
 .text.exit     0x080016d4       0x28 c:/program files (x86)/embitz/1.11/share/em_armgcc/bin/../lib/gcc/arm-none-eabi/5.4.1/../../../../arm-none-eabi/lib/armv7e-m/fpu\libg_n.a(lib_a-exit.o)
                0x080016d4                exit
 .text.__libc_init_array
                0x080016fc       0x4c c:/program files (x86)/embitz/1.11/share/em_armgcc/bin/../lib/gcc/arm-none-eabi/5.4.1/../../../../arm-none-eabi/lib/armv7e-m/fpu\libg_n.a(lib_a-init.o)
                0x080016fc                __libc_init_array
 .text.memcpy   0x08001748       0x16 c:/program files (x86)/embitz/1.11/share/em_armgcc/bin/../lib/gcc/arm-none-eabi/5.4.1/../../../../arm-none-eabi/lib/armv7e-m/fpu\libg_n.a(lib_a-memcpy-stub.o)
                0x08001748                memcpy
 .text.memset   0x0800175e       0x10 c:/program files (x86)/embitz/1.11/share/em_armgcc/bin/../lib/gcc/arm-none-eabi/5.4.1/../../../../arm-none-eabi/lib/armv7e-m/fpu\libg_n.a(lib_a-memset.o)
                0x0800175e                memset
 .text._exit    0x0800176e        0x2 c:/program files (x86)/embitz/1.11/share/em_armgcc/bin/../lib/gcc/arm-none-eabi/5.4.1/../../../../arm-none-eabi/lib/armv7e-m/fpu\libnosys_s.a(_exit.o)
                0x0800176e                _exit
 *(.init)
 .init          0x08001770        0x4 c:/program files (x86)/embitz/1.11/share/em_armgcc/bin/../lib/gcc/arm-none-eabi/5.4.1/armv7e-m/fpu/crti.o
                0x08001770                _init
 .init          0x08001774        0x8 c:/program files (x86)/embitz/1.11/share/em_armgcc/bin/../lib/gcc/arm-none-eabi/5.4.1/armv7e-m/fpu/crtn.o
 *(.fini)
 .fini          0x0800177c        0x4 c:/program files (x86)/embitz/1.11/share/em_armgcc/bin/../lib/gcc/arm-none-eabi/5.4.1/armv7e-m/fpu/crti.o
                0x0800177c                _fini
 .fini          0x08001780        0x8 c:/program files (x86)/embitz/1.11/share/em_armgcc/bin/../lib/gcc/arm-none-eabi/5.4.1/armv7e-m/fpu/crtn.o
 *crtbegin.o(.ctors)
 *crtbegin?.o(.ctors)
 *(EXCLUDE_FILE(*crtend.o *crtend?.o) .ctors)
 *(SORT(.ctors.*))
 *(.ctors)
 *crtbegin.o(.dtors)
 *crtbegin?.o(.dtors)
 *(EXCLUDE_FILE(*crtend.o *crtend?.o) .dtors)
 *(SORT(.dtors.*))
 *(.dtors)
 *(.rodata*)
 .rodata.parityArr
                0x08001788        0x6 obj\debug\src\bsp_uart.o
 *fill*         0x0800178e        0x2 
 .rodata        0x08001790        0xa obj\debug\src\main.o
 *fill*         0x0800179a        0x2 
 .rodata        0x0800179c        0xc obj\debug\src\queue.o
 .rodata.str1.1
                0x080017a8        0x2 c:/program files (x86)/embitz/1.11/share/em_armgcc/bin/../lib/gcc/arm-none-eabi/5.4.1/../../../../arm-none-eabi/lib/armv7e-m/fpu\libg_n.a(lib_a-impure.o)
 *fill*         0x080017aa        0x2 
 .rodata._global_impure_ptr
                0x080017ac        0x4 c:/program files (x86)/embitz/1.11/share/em_armgcc/bin/../lib/gcc/arm-none-eabi/5.4.1/../../../../arm-none-eabi/lib/armv7e-m/fpu\libg_n.a(lib_a-impure.o)
                0x080017ac                _global_impure_ptr
 *(.eh_frame*)
 .eh_frame      0x080017b0        0x0 c:/program files (x86)/embitz/1.11/share/em_armgcc/bin/../lib/gcc/arm-none-eabi/5.4.1/armv7e-m/fpu/crtbegin.o
 .eh_frame      0x080017b0        0x4 c:/program files (x86)/embitz/1.11/share/em_armgcc/bin/../lib/gcc/arm-none-eabi/5.4.1/armv7e-m/fpu/crtend.o

.glue_7         0x080017b4        0x0
 .glue_7        0x080017b4        0x0 linker stubs

.glue_7t        0x080017b4        0x0
 .glue_7t       0x080017b4        0x0 linker stubs

.vfp11_veneer   0x080017b4        0x0
 .vfp11_veneer  0x080017b4        0x0 linker stubs

.v4_bx          0x080017b4        0x0
 .v4_bx         0x080017b4        0x0 linker stubs

.iplt           0x080017b4        0x0
 .iplt          0x080017b4        0x0 c:/program files (x86)/embitz/1.11/share/em_armgcc/bin/../lib/gcc/arm-none-eabi/5.4.1/armv7e-m/fpu/crtbegin.o

.ARM.extab
 *(.ARM.extab* .gnu.linkonce.armextab.*)
                0x080017b4                __exidx_start = .

.ARM.exidx      0x080017b4        0x8
 *(.ARM.exidx* .gnu.linkonce.armexidx.*)
 .ARM.exidx     0x080017b4        0x8 c:/program files (x86)/embitz/1.11/share/em_armgcc/bin/../lib/gcc/arm-none-eabi/5.4.1/../../../../arm-none-eabi/lib/armv7e-m/fpu/crt0.o
                0x080017bc                __exidx_end = .
                0x080017bc                __etext = .

.rel.dyn        0x080017bc        0x0
 .rel.iplt      0x080017bc        0x0 c:/program files (x86)/embitz/1.11/share/em_armgcc/bin/../lib/gcc/arm-none-eabi/5.4.1/armv7e-m/fpu/crtbegin.o

.data           0x20000000       0x78 load address 0x080017bc
                0x20000000                __data_start__ = .
 *(vtable)
 *(.data*)
 .data.APBAHBPrescTable
                0x20000000       0x10 obj\debug\spl\src\stm32f4xx_rcc.o
 .data.impure_data
                0x20000010       0x60 c:/program files (x86)/embitz/1.11/share/em_armgcc/bin/../lib/gcc/arm-none-eabi/5.4.1/../../../../arm-none-eabi/lib/armv7e-m/fpu\libg_n.a(lib_a-impure.o)
                0x20000070                . = ALIGN (0x4)
                0x20000070                PROVIDE (__preinit_array_start, .)
 *(.preinit_array)
                0x20000070                PROVIDE (__preinit_array_end, .)
                0x20000070                . = ALIGN (0x4)
                0x20000070                PROVIDE (__init_array_start, .)
 *(SORT(.init_array.*))
 *(.init_array)
 .init_array    0x20000070        0x4 c:/program files (x86)/embitz/1.11/share/em_armgcc/bin/../lib/gcc/arm-none-eabi/5.4.1/armv7e-m/fpu/crtbegin.o
                0x20000074                PROVIDE (__init_array_end, .)
                0x20000074                . = ALIGN (0x4)
                [!provide]                PROVIDE (__fini_array_start, .)
 *(SORT(.fini_array.*))
 *(.fini_array)
 .fini_array    0x20000074        0x4 c:/program files (x86)/embitz/1.11/share/em_armgcc/bin/../lib/gcc/arm-none-eabi/5.4.1/armv7e-m/fpu/crtbegin.o
                [!provide]                PROVIDE (__fini_array_end, .)
                0x20000078                . = ALIGN (0x4)
                0x20000078                __data_end__ = .

.jcr            0x20000078        0x0 load address 0x08001834
 .jcr           0x20000078        0x0 c:/program files (x86)/embitz/1.11/share/em_armgcc/bin/../lib/gcc/arm-none-eabi/5.4.1/armv7e-m/fpu/crtbegin.o

.igot.plt       0x20000078        0x0 load address 0x08001834
 .igot.plt      0x20000078        0x0 c:/program files (x86)/embitz/1.11/share/em_armgcc/bin/../lib/gcc/arm-none-eabi/5.4.1/armv7e-m/fpu/crtbegin.o

.bss            0x20000078      0xc2c load address 0x08001834
                0x20000078                __bss_start__ = .
 *(.bss*)
 .bss           0x20000078       0x1c c:/program files (x86)/embitz/1.11/share/em_armgcc/bin/../lib/gcc/arm-none-eabi/5.4.1/armv7e-m/fpu/crtbegin.o
 .bss.COM1_TX_BUFF
                0x20000094      0x600 obj\debug\src\bsp_uart.o
 .bss.COM1_RX_BUFF
                0x20000694      0x600 obj\debug\src\bsp_uart.o
 .bss.COM1_RX_QUEUE
                0x20000c94       0x10 obj\debug\src\bsp_uart.o
 *(COMMON)
                0x20000ca4                __bss_end__ = .

.heap           0x20000ca8        0x0
                0x20000ca8                __end__ = .
                0x20000ca8                end = __end__
 *(.heap*)
 .heap          0x20000ca8        0x0 obj\debug\src\startup_stm32f4xx.o
                0x20000ca8                __HeapLimit = .

.stack_dummy    0x20000ca8      0x100
 *(.stack)
 .stack         0x20000ca8      0x100 obj\debug\src\startup_stm32f4xx.o
                0x20020000                __StackTop = (ORIGIN (RAM) + LENGTH (RAM))
                0x2001ff00                __StackLimit = (__StackTop - SIZEOF (.stack_dummy))
                0x20020000                PROVIDE (__stack, __StackTop)
                0x00000001                ASSERT ((__StackLimit >= __HeapLimit), region RAM overflowed with stack)
LOAD obj\debug\spl\src\misc.o
LOAD obj\debug\spl\src\stm32f4xx_adc.o
LOAD obj\debug\spl\src\stm32f4xx_can.o
LOAD obj\debug\spl\src\stm32f4xx_crc.o
LOAD obj\debug\spl\src\stm32f4xx_cryp.o
LOAD obj\debug\spl\src\stm32f4xx_cryp_aes.o
LOAD obj\debug\spl\src\stm32f4xx_cryp_des.o
LOAD obj\debug\spl\src\stm32f4xx_cryp_tdes.o
LOAD obj\debug\spl\src\stm32f4xx_dac.o
LOAD obj\debug\spl\src\stm32f4xx_dbgmcu.o
LOAD obj\debug\spl\src\stm32f4xx_dcmi.o
LOAD obj\debug\spl\src\stm32f4xx_dma.o
LOAD obj\debug\spl\src\stm32f4xx_exti.o
LOAD obj\debug\spl\src\stm32f4xx_flash.o
LOAD obj\debug\spl\src\stm32f4xx_fsmc.o
LOAD obj\debug\spl\src\stm32f4xx_gpio.o
LOAD obj\debug\spl\src\stm32f4xx_hash.o
LOAD obj\debug\spl\src\stm32f4xx_hash_md5.o
LOAD obj\debug\spl\src\stm32f4xx_hash_sha1.o
LOAD obj\debug\spl\src\stm32f4xx_i2c.o
LOAD obj\debug\spl\src\stm32f4xx_iwdg.o
LOAD obj\debug\spl\src\stm32f4xx_pwr.o
LOAD obj\debug\spl\src\stm32f4xx_rcc.o
LOAD obj\debug\spl\src\stm32f4xx_rng.o
LOAD obj\debug\spl\src\stm32f4xx_rtc.o
LOAD obj\debug\spl\src\stm32f4xx_sdio.o
LOAD obj\debug\spl\src\stm32f4xx_spi.o
LOAD obj\debug\spl\src\stm32f4xx_syscfg.o
LOAD obj\debug\spl\src\stm32f4xx_tim.o
LOAD obj\debug\spl\src\stm32f4xx_usart.o
LOAD obj\debug\spl\src\stm32f4xx_wwdg.o
LOAD obj\debug\src\bsp_uart.o
LOAD obj\debug\src\main.o
LOAD obj\debug\src\queue.o
LOAD obj\debug\src\startup_stm32f4xx.o
LOAD obj\debug\src\system_stm32f4xx.o
START GROUP
LOAD c:/program files (x86)/embitz/1.11/share/em_armgcc/bin/../lib/gcc/arm-none-eabi/5.4.1/armv7e-m/fpu\libgcc.a
LOAD c:/program files (x86)/embitz/1.11/share/em_armgcc/bin/../lib/gcc/arm-none-eabi/5.4.1/../../../../arm-none-eabi/lib/armv7e-m/fpu\libg_n.a
LOAD c:/program files (x86)/embitz/1.11/share/em_armgcc/bin/../lib/gcc/arm-none-eabi/5.4.1/../../../../arm-none-eabi/lib/armv7e-m/fpu\libc_n.a
END GROUP
START GROUP
LOAD c:/program files (x86)/embitz/1.11/share/em_armgcc/bin/../lib/gcc/arm-none-eabi/5.4.1/armv7e-m/fpu\libgcc.a
LOAD c:/program files (x86)/embitz/1.11/share/em_armgcc/bin/../lib/gcc/arm-none-eabi/5.4.1/../../../../arm-none-eabi/lib/armv7e-m/fpu\libc_n.a
LOAD c:/program files (x86)/embitz/1.11/share/em_armgcc/bin/../lib/gcc/arm-none-eabi/5.4.1/../../../../arm-none-eabi/lib/armv7e-m/fpu\libnosys_s.a
END GROUP
LOAD c:/program files (x86)/embitz/1.11/share/em_armgcc/bin/../lib/gcc/arm-none-eabi/5.4.1/armv7e-m/fpu/crtend.o
LOAD c:/program files (x86)/embitz/1.11/share/em_armgcc/bin/../lib/gcc/arm-none-eabi/5.4.1/armv7e-m/fpu/crtn.o
OUTPUT(bin\Debug\lib_test-0120.elf elf32-littlearm)

.ARM.attributes
                0x00000000       0x30
 .ARM.attributes
                0x00000000       0x22 c:/program files (x86)/embitz/1.11/share/em_armgcc/bin/../lib/gcc/arm-none-eabi/5.4.1/armv7e-m/fpu/crti.o
 .ARM.attributes
                0x00000022       0x34 c:/program files (x86)/embitz/1.11/share/em_armgcc/bin/../lib/gcc/arm-none-eabi/5.4.1/armv7e-m/fpu/crtbegin.o
 .ARM.attributes
                0x00000056       0x20 c:/program files (x86)/embitz/1.11/share/em_armgcc/bin/../lib/gcc/arm-none-eabi/5.4.1/../../../../arm-none-eabi/lib/armv7e-m/fpu/crt0.o
 .ARM.attributes
                0x00000076       0x39 obj\debug\spl\src\misc.o
 .ARM.attributes
                0x000000af       0x39 obj\debug\spl\src\stm32f4xx_dma.o
 .ARM.attributes
                0x000000e8       0x39 obj\debug\spl\src\stm32f4xx_gpio.o
 .ARM.attributes
                0x00000121       0x39 obj\debug\spl\src\stm32f4xx_rcc.o
 .ARM.attributes
                0x0000015a       0x39 obj\debug\spl\src\stm32f4xx_usart.o
 .ARM.attributes
                0x00000193       0x39 obj\debug\src\bsp_uart.o
 .ARM.attributes
                0x000001cc       0x39 obj\debug\src\main.o
 .ARM.attributes
                0x00000205       0x39 obj\debug\src\queue.o
 .ARM.attributes
                0x0000023e       0x1f obj\debug\src\startup_stm32f4xx.o
 .ARM.attributes
                0x0000025d       0x39 obj\debug\src\system_stm32f4xx.o
 .ARM.attributes
                0x00000296       0x34 c:/program files (x86)/embitz/1.11/share/em_armgcc/bin/../lib/gcc/arm-none-eabi/5.4.1/../../../../arm-none-eabi/lib/armv7e-m/fpu\libg_n.a(lib_a-exit.o)
 .ARM.attributes
                0x000002ca       0x34 c:/program files (x86)/embitz/1.11/share/em_armgcc/bin/../lib/gcc/arm-none-eabi/5.4.1/../../../../arm-none-eabi/lib/armv7e-m/fpu\libg_n.a(lib_a-impure.o)
 .ARM.attributes
                0x000002fe       0x34 c:/program files (x86)/embitz/1.11/share/em_armgcc/bin/../lib/gcc/arm-none-eabi/5.4.1/../../../../arm-none-eabi/lib/armv7e-m/fpu\libg_n.a(lib_a-init.o)
 .ARM.attributes
                0x00000332       0x34 c:/program files (x86)/embitz/1.11/share/em_armgcc/bin/../lib/gcc/arm-none-eabi/5.4.1/../../../../arm-none-eabi/lib/armv7e-m/fpu\libg_n.a(lib_a-memcpy-stub.o)
 .ARM.attributes
                0x00000366       0x34 c:/program files (x86)/embitz/1.11/share/em_armgcc/bin/../lib/gcc/arm-none-eabi/5.4.1/../../../../arm-none-eabi/lib/armv7e-m/fpu\libg_n.a(lib_a-memset.o)
 .ARM.attributes
                0x0000039a       0x34 c:/program files (x86)/embitz/1.11/share/em_armgcc/bin/../lib/gcc/arm-none-eabi/5.4.1/../../../../arm-none-eabi/lib/armv7e-m/fpu\libnosys_s.a(_exit.o)
 .ARM.attributes
                0x000003ce       0x34 c:/program files (x86)/embitz/1.11/share/em_armgcc/bin/../lib/gcc/arm-none-eabi/5.4.1/armv7e-m/fpu/crtend.o
 .ARM.attributes
                0x00000402       0x22 c:/program files (x86)/embitz/1.11/share/em_armgcc/bin/../lib/gcc/arm-none-eabi/5.4.1/armv7e-m/fpu/crtn.o

.comment        0x00000000       0x6e
 .comment       0x00000000       0x6e obj\debug\spl\src\misc.o
                                 0x6f (size before relaxing)
 .comment       0x0000006e       0x6f obj\debug\spl\src\stm32f4xx_dma.o
 .comment       0x0000006e       0x6f obj\debug\spl\src\stm32f4xx_gpio.o
 .comment       0x0000006e       0x6f obj\debug\spl\src\stm32f4xx_rcc.o
 .comment       0x0000006e       0x6f obj\debug\spl\src\stm32f4xx_usart.o
 .comment       0x0000006e       0x6f obj\debug\src\bsp_uart.o
 .comment       0x0000006e       0x6f obj\debug\src\main.o
 .comment       0x0000006e       0x6f obj\debug\src\queue.o
 .comment       0x0000006e       0x6f obj\debug\src\system_stm32f4xx.o

.debug_info     0x00000000     0x41f6
 .debug_info    0x00000000      0x55e obj\debug\spl\src\misc.o
 .debug_info    0x0000055e      0x749 obj\debug\spl\src\stm32f4xx_dma.o
 .debug_info    0x00000ca7      0x622 obj\debug\spl\src\stm32f4xx_gpio.o
 .debug_info    0x000012c9      0xc6b obj\debug\spl\src\stm32f4xx_rcc.o
 .debug_info    0x00001f34      0x9d2 obj\debug\spl\src\stm32f4xx_usart.o
 .debug_info    0x00002906      0xd34 obj\debug\src\bsp_uart.o
 .debug_info    0x0000363a       0xcc obj\debug\src\main.o
 .debug_info    0x00003706      0x4af obj\debug\src\queue.o
 .debug_info    0x00003bb5       0x74 obj\debug\src\startup_stm32f4xx.o
 .debug_info    0x00003c29      0x5cd obj\debug\src\system_stm32f4xx.o

.debug_abbrev   0x00000000      0xc58
 .debug_abbrev  0x00000000      0x14c obj\debug\spl\src\misc.o
 .debug_abbrev  0x0000014c      0x15c obj\debug\spl\src\stm32f4xx_dma.o
 .debug_abbrev  0x000002a8      0x1ac obj\debug\spl\src\stm32f4xx_gpio.o
 .debug_abbrev  0x00000454      0x1ea obj\debug\spl\src\stm32f4xx_rcc.o
 .debug_abbrev  0x0000063e      0x15c obj\debug\spl\src\stm32f4xx_usart.o
 .debug_abbrev  0x0000079a      0x1ca obj\debug\src\bsp_uart.o
 .debug_abbrev  0x00000964       0x84 obj\debug\src\main.o
 .debug_abbrev  0x000009e8      0x11f obj\debug\src\queue.o
 .debug_abbrev  0x00000b07       0x14 obj\debug\src\startup_stm32f4xx.o
 .debug_abbrev  0x00000b1b      0x13d obj\debug\src\system_stm32f4xx.o

.debug_aranges  0x00000000      0x508
 .debug_aranges
                0x00000000       0x40 obj\debug\spl\src\misc.o
 .debug_aranges
                0x00000040       0xb0 obj\debug\spl\src\stm32f4xx_dma.o
 .debug_aranges
                0x000000f0       0x88 obj\debug\spl\src\stm32f4xx_gpio.o
 .debug_aranges
                0x00000178      0x178 obj\debug\spl\src\stm32f4xx_rcc.o
 .debug_aranges
                0x000002f0      0x100 obj\debug\spl\src\stm32f4xx_usart.o
 .debug_aranges
                0x000003f0       0x50 obj\debug\src\bsp_uart.o
 .debug_aranges
                0x00000440       0x20 obj\debug\src\main.o
 .debug_aranges
                0x00000460       0x58 obj\debug\src\queue.o
 .debug_aranges
                0x000004b8       0x20 obj\debug\src\startup_stm32f4xx.o
 .debug_aranges
                0x000004d8       0x30 obj\debug\src\system_stm32f4xx.o

.debug_ranges   0x00000000      0x458
 .debug_ranges  0x00000000       0x30 obj\debug\spl\src\misc.o
 .debug_ranges  0x00000030       0xa0 obj\debug\spl\src\stm32f4xx_dma.o
 .debug_ranges  0x000000d0       0x78 obj\debug\spl\src\stm32f4xx_gpio.o
 .debug_ranges  0x00000148      0x168 obj\debug\spl\src\stm32f4xx_rcc.o
 .debug_ranges  0x000002b0       0xf0 obj\debug\spl\src\stm32f4xx_usart.o
 .debug_ranges  0x000003a0       0x40 obj\debug\src\bsp_uart.o
 .debug_ranges  0x000003e0       0x10 obj\debug\src\main.o
 .debug_ranges  0x000003f0       0x48 obj\debug\src\queue.o
 .debug_ranges  0x00000438       0x20 obj\debug\src\system_stm32f4xx.o

.debug_macro    0x00000000     0xff51
 .debug_macro   0x00000000      0x1c6 obj\debug\spl\src\misc.o
 .debug_macro   0x000001c6      0x8aa obj\debug\spl\src\misc.o
 .debug_macro   0x00000a70       0x5d obj\debug\spl\src\misc.o
 .debug_macro   0x00000acd       0x35 obj\debug\spl\src\misc.o
 .debug_macro   0x00000b02       0x22 obj\debug\spl\src\misc.o
 .debug_macro   0x00000b24       0x87 obj\debug\spl\src\misc.o
 .debug_macro   0x00000bab       0x44 obj\debug\spl\src\misc.o
 .debug_macro   0x00000bef       0xfd obj\debug\spl\src\misc.o
 .debug_macro   0x00000cec       0x5e obj\debug\spl\src\misc.o
 .debug_macro   0x00000d4a      0x1df obj\debug\spl\src\misc.o
 .debug_macro   0x00000f29       0x18 obj\debug\spl\src\misc.o
 .debug_macro   0x00000f41       0x42 obj\debug\spl\src\misc.o
 .debug_macro   0x00000f83      0x8cb obj\debug\spl\src\misc.o
 .debug_macro   0x0000184e     0x81c3 obj\debug\spl\src\misc.o
 .debug_macro   0x00009a11      0x44e obj\debug\spl\src\misc.o
 .debug_macro   0x00009e5f      0x3cf obj\debug\spl\src\misc.o
 .debug_macro   0x0000a22e      0x111 obj\debug\spl\src\misc.o
 .debug_macro   0x0000a33f      0x182 obj\debug\spl\src\misc.o
 .debug_macro   0x0000a4c1       0xb2 obj\debug\spl\src\misc.o
 .debug_macro   0x0000a573      0x146 obj\debug\spl\src\misc.o
 .debug_macro   0x0000a6b9      0x477 obj\debug\spl\src\misc.o
 .debug_macro   0x0000ab30       0xac obj\debug\spl\src\misc.o
 .debug_macro   0x0000abdc      0x241 obj\debug\spl\src\misc.o
 .debug_macro   0x0000ae1d      0x279 obj\debug\spl\src\misc.o
 .debug_macro   0x0000b096       0xb5 obj\debug\spl\src\misc.o
 .debug_macro   0x0000b14b      0x265 obj\debug\spl\src\misc.o
 .debug_macro   0x0000b3b0      0x2b1 obj\debug\spl\src\misc.o
 .debug_macro   0x0000b661       0x64 obj\debug\spl\src\misc.o
 .debug_macro   0x0000b6c5       0xa6 obj\debug\spl\src\misc.o
 .debug_macro   0x0000b76b      0x538 obj\debug\spl\src\misc.o
 .debug_macro   0x0000bca3       0x40 obj\debug\spl\src\misc.o
 .debug_macro   0x0000bce3      0x57a obj\debug\spl\src\misc.o
 .debug_macro   0x0000c25d      0x341 obj\debug\spl\src\misc.o
 .debug_macro   0x0000c59e      0x36a obj\debug\spl\src\misc.o
 .debug_macro   0x0000c908       0xdf obj\debug\spl\src\misc.o
 .debug_macro   0x0000c9e7      0x73b obj\debug\spl\src\misc.o
 .debug_macro   0x0000d122      0x220 obj\debug\spl\src\misc.o
 .debug_macro   0x0000d342       0x34 obj\debug\spl\src\misc.o
 .debug_macro   0x0000d376       0x35 obj\debug\spl\src\misc.o
 .debug_macro   0x0000d3ab       0x79 obj\debug\spl\src\misc.o
 .debug_macro   0x0000d424      0x214 obj\debug\spl\src\stm32f4xx_dma.o
 .debug_macro   0x0000d638      0x471 obj\debug\spl\src\stm32f4xx_dma.o
 .debug_macro   0x0000daa9      0x1c0 obj\debug\spl\src\stm32f4xx_gpio.o
 .debug_macro   0x0000dc69      0x25f obj\debug\spl\src\stm32f4xx_gpio.o
 .debug_macro   0x0000dec8      0x268 obj\debug\spl\src\stm32f4xx_rcc.o
 .debug_macro   0x0000e130      0x532 obj\debug\spl\src\stm32f4xx_rcc.o
 .debug_macro   0x0000e662      0x1d8 obj\debug\spl\src\stm32f4xx_usart.o
 .debug_macro   0x0000e83a      0x21a obj\debug\spl\src\stm32f4xx_usart.o
 .debug_macro   0x0000ea54      0x27a obj\debug\src\bsp_uart.o
 .debug_macro   0x0000ecce       0x4c obj\debug\src\bsp_uart.o
 .debug_macro   0x0000ed1a       0x8d obj\debug\src\bsp_uart.o
 .debug_macro   0x0000eda7       0x35 obj\debug\src\bsp_uart.o
 .debug_macro   0x0000eddc       0x9c obj\debug\src\bsp_uart.o
 .debug_macro   0x0000ee78      0x174 obj\debug\src\bsp_uart.o
 .debug_macro   0x0000efec       0x4a obj\debug\src\bsp_uart.o
 .debug_macro   0x0000f036       0x52 obj\debug\src\bsp_uart.o
 .debug_macro   0x0000f088       0x1f obj\debug\src\bsp_uart.o
 .debug_macro   0x0000f0a7       0x43 obj\debug\src\bsp_uart.o
 .debug_macro   0x0000f0ea       0x20 obj\debug\src\bsp_uart.o
 .debug_macro   0x0000f10a      0x187 obj\debug\src\bsp_uart.o
 .debug_macro   0x0000f291      0x30d obj\debug\src\bsp_uart.o
 .debug_macro   0x0000f59e       0x10 obj\debug\src\bsp_uart.o
 .debug_macro   0x0000f5ae       0x35 obj\debug\src\bsp_uart.o
 .debug_macro   0x0000f5e3       0x16 obj\debug\src\bsp_uart.o
 .debug_macro   0x0000f5f9      0x48d obj\debug\src\bsp_uart.o
 .debug_macro   0x0000fa86      0x1c8 obj\debug\src\main.o
 .debug_macro   0x0000fc4e      0x11a obj\debug\src\queue.o
 .debug_macro   0x0000fd68       0x10 obj\debug\src\queue.o
 .debug_macro   0x0000fd78      0x1d9 obj\debug\src\system_stm32f4xx.o

.debug_line     0x00000000     0x3771
 .debug_line    0x00000000      0x4d4 obj\debug\spl\src\misc.o
 .debug_line    0x000004d4      0x6b7 obj\debug\spl\src\stm32f4xx_dma.o
 .debug_line    0x00000b8b      0x5ec obj\debug\spl\src\stm32f4xx_gpio.o
 .debug_line    0x00001177      0x832 obj\debug\spl\src\stm32f4xx_rcc.o
 .debug_line    0x000019a9      0x731 obj\debug\spl\src\stm32f4xx_usart.o
 .debug_line    0x000020da      0x6a1 obj\debug\src\bsp_uart.o
 .debug_line    0x0000277b      0x492 obj\debug\src\main.o
 .debug_line    0x00002c0d      0x5a7 obj\debug\src\queue.o
 .debug_line    0x000031b4       0xcc obj\debug\src\startup_stm32f4xx.o
 .debug_line    0x00003280      0x4f1 obj\debug\src\system_stm32f4xx.o

.debug_str      0x00000000    0x5c79f
 .debug_str     0x00000000    0x567c3 obj\debug\spl\src\misc.o
                              0x56965 (size before relaxing)
 .debug_str     0x000567c3      0x69e obj\debug\spl\src\stm32f4xx_dma.o
                              0x56dcb (size before relaxing)
 .debug_str     0x00056e61      0x2ea obj\debug\spl\src\stm32f4xx_gpio.o
                              0x56a10 (size before relaxing)
 .debug_str     0x0005714b      0xaec obj\debug\spl\src\stm32f4xx_rcc.o
                              0x57291 (size before relaxing)
 .debug_str     0x00057c37      0x52a obj\debug\spl\src\stm32f4xx_usart.o
                              0x56d20 (size before relaxing)
 .debug_str     0x00058161     0x445b obj\debug\src\bsp_uart.o
                              0x5b04b (size before relaxing)
 .debug_str     0x0005c5bc       0x10 obj\debug\src\main.o
                              0x57acc (size before relaxing)
 .debug_str     0x0005c5cc      0x106 obj\debug\src\queue.o
                               0x5fca (size before relaxing)
 .debug_str     0x0005c6d2       0xcd obj\debug\src\system_stm32f4xx.o
                              0x56951 (size before relaxing)

.debug_frame    0x00000000     0x1520
 .debug_frame   0x00000000       0xd8 obj\debug\spl\src\misc.o
 .debug_frame   0x000000d8      0x308 obj\debug\spl\src\stm32f4xx_dma.o
 .debug_frame   0x000003e0      0x23c obj\debug\spl\src\stm32f4xx_gpio.o
 .debug_frame   0x0000061c      0x6d4 obj\debug\spl\src\stm32f4xx_rcc.o
 .debug_frame   0x00000cf0      0x490 obj\debug\spl\src\stm32f4xx_usart.o
 .debug_frame   0x00001180      0x104 obj\debug\src\bsp_uart.o
 .debug_frame   0x00001284       0x30 obj\debug\src\main.o
 .debug_frame   0x000012b4      0x134 obj\debug\src\queue.o
 .debug_frame   0x000013e8       0x7c obj\debug\src\system_stm32f4xx.o
 .debug_frame   0x00001464       0x28 c:/program files (x86)/embitz/1.11/share/em_armgcc/bin/../lib/gcc/arm-none-eabi/5.4.1/../../../../arm-none-eabi/lib/armv7e-m/fpu\libg_n.a(lib_a-exit.o)
 .debug_frame   0x0000148c       0x2c c:/program files (x86)/embitz/1.11/share/em_armgcc/bin/../lib/gcc/arm-none-eabi/5.4.1/../../../../arm-none-eabi/lib/armv7e-m/fpu\libg_n.a(lib_a-init.o)
 .debug_frame   0x000014b8       0x28 c:/program files (x86)/embitz/1.11/share/em_armgcc/bin/../lib/gcc/arm-none-eabi/5.4.1/../../../../arm-none-eabi/lib/armv7e-m/fpu\libg_n.a(lib_a-memcpy-stub.o)
 .debug_frame   0x000014e0       0x20 c:/program files (x86)/embitz/1.11/share/em_armgcc/bin/../lib/gcc/arm-none-eabi/5.4.1/../../../../arm-none-eabi/lib/armv7e-m/fpu\libg_n.a(lib_a-memset.o)
 .debug_frame   0x00001500       0x20 c:/program files (x86)/embitz/1.11/share/em_armgcc/bin/../lib/gcc/arm-none-eabi/5.4.1/../../../../arm-none-eabi/lib/armv7e-m/fpu\libnosys_s.a(_exit.o)
