Archive member included to satisfy reference by file (symbol)

c:/program files (x86)/embitz/1.11/share/em_armgcc/bin/../lib/gcc/arm-none-eabi/5.4.1/../../../../arm-none-eabi/lib/armv7e-m/fpu\libg_n.a(lib_a-exit.o)
                              c:/program files (x86)/embitz/1.11/share/em_armgcc/bin/../lib/gcc/arm-none-eabi/5.4.1/../../../../arm-none-eabi/lib/armv7e-m/fpu/crt0.o (exit)
c:/program files (x86)/embitz/1.11/share/em_armgcc/bin/../lib/gcc/arm-none-eabi/5.4.1/../../../../arm-none-eabi/lib/armv7e-m/fpu\libg_n.a(lib_a-impure.o)
                              c:/program files (x86)/embitz/1.11/share/em_armgcc/bin/../lib/gcc/arm-none-eabi/5.4.1/../../../../arm-none-eabi/lib/armv7e-m/fpu\libg_n.a(lib_a-exit.o) (_global_impure_ptr)
c:/program files (x86)/embitz/1.11/share/em_armgcc/bin/../lib/gcc/arm-none-eabi/5.4.1/../../../../arm-none-eabi/lib/armv7e-m/fpu\libg_n.a(lib_a-init.o)
                              c:/program files (x86)/embitz/1.11/share/em_armgcc/bin/../lib/gcc/arm-none-eabi/5.4.1/../../../../arm-none-eabi/lib/armv7e-m/fpu/crt0.o (__libc_init_array)
c:/program files (x86)/embitz/1.11/share/em_armgcc/bin/../lib/gcc/arm-none-eabi/5.4.1/../../../../arm-none-eabi/lib/armv7e-m/fpu\libg_n.a(lib_a-memset.o)
                              c:/program files (x86)/embitz/1.11/share/em_armgcc/bin/../lib/gcc/arm-none-eabi/5.4.1/../../../../arm-none-eabi/lib/armv7e-m/fpu/crt0.o (memset)
c:/program files (x86)/embitz/1.11/share/em_armgcc/bin/../lib/gcc/arm-none-eabi/5.4.1/../../../../arm-none-eabi/lib/armv7e-m/fpu\libnosys_s.a(_exit.o)
                              c:/program files (x86)/embitz/1.11/share/em_armgcc/bin/../lib/gcc/arm-none-eabi/5.4.1/../../../../arm-none-eabi/lib/armv7e-m/fpu\libg_n.a(lib_a-exit.o) (_exit)

Allocating common symbols
Common symbol       size              file

OSTmrFreeList       0x4               obj\debug\ucosii\source\os_core.o
OSTmrWheelTbl       0x40              obj\debug\ucosii\source\os_core.o
OSLockNesting       0x1               obj\debug\ucosii\source\os_core.o
OSTmrSemSignal      0x4               obj\debug\ucosii\source\os_core.o
OSRunning           0x1               obj\debug\ucosii\source\os_core.o
OSIdleCtr           0x4               obj\debug\ucosii\source\os_core.o
OSTmrUsed           0x2               obj\debug\ucosii\source\os_core.o
OSPrioHighRdy       0x1               obj\debug\ucosii\source\os_core.o
OSFlagTbl           0x50              obj\debug\ucosii\source\os_core.o
OSTmrTbl            0x280             obj\debug\ucosii\source\os_core.o
OSPrioCur           0x1               obj\debug\ucosii\source\os_core.o
OSTCBList           0x4               obj\debug\ucosii\source\os_core.o
OSMemTbl            0x78              obj\debug\ucosii\source\os_core.o
OSTickStepState     0x1               obj\debug\ucosii\source\os_core.o
OSTaskStatStk       0x200             obj\debug\ucosii\source\os_core.o
OSCtxSwCtr          0x4               obj\debug\ucosii\source\os_core.o
OSTmrFree           0x2               obj\debug\ucosii\source\os_core.o
OSIdleCtrMax        0x4               obj\debug\ucosii\source\os_core.o
OSTCBFreeList       0x4               obj\debug\ucosii\source\os_core.o
OS_CPU_ExceptStkBase
                    0x4               obj\debug\ucosii\ports\os_cpu_c.o
OSCPUUsage          0x1               obj\debug\ucosii\source\os_core.o
OSTaskCtr           0x1               obj\debug\ucosii\source\os_core.o
OSMemFreeList       0x4               obj\debug\ucosii\source\os_core.o
OSQTbl              0x60              obj\debug\ucosii\source\os_core.o
OSTCBHighRdy        0x4               obj\debug\ucosii\source\os_core.o
OSQFreeList         0x4               obj\debug\ucosii\source\os_core.o
OSRdyGrp            0x1               obj\debug\ucosii\source\os_core.o
OSRdyTbl            0x8               obj\debug\ucosii\source\os_core.o
OSTmrTaskStk        0x200             obj\debug\ucosii\source\os_core.o
OSEventFreeList     0x4               obj\debug\ucosii\source\os_core.o
OS_CPU_ExceptStk    0x200             obj\debug\ucosii\ports\os_cpu_c.o
OSIntNesting        0x1               obj\debug\ucosii\source\os_core.o
OSTCBCur            0x4               obj\debug\ucosii\source\os_core.o
OSTmrTime           0x4               obj\debug\ucosii\source\os_core.o
OSTime              0x4               obj\debug\ucosii\source\os_core.o
OSTmrSem            0x4               obj\debug\ucosii\source\os_core.o
OSTaskIdleStk       0x200             obj\debug\ucosii\source\os_core.o
OSEventTbl          0xf0              obj\debug\ucosii\source\os_core.o
OSTCBTbl            0x790             obj\debug\ucosii\source\os_core.o
OSFlagFreeList      0x4               obj\debug\ucosii\source\os_core.o
OSStatRdy           0x1               obj\debug\ucosii\source\os_core.o
OSTCBPrioTbl        0x100             obj\debug\ucosii\source\os_core.o
OSIdleCtrRun        0x4               obj\debug\ucosii\source\os_core.o

Discarded input sections

 .text          0x00000000        0x0 c:/program files (x86)/embitz/1.11/share/em_armgcc/bin/../lib/gcc/arm-none-eabi/5.4.1/armv7e-m/fpu/crti.o
 .data          0x00000000        0x0 c:/program files (x86)/embitz/1.11/share/em_armgcc/bin/../lib/gcc/arm-none-eabi/5.4.1/armv7e-m/fpu/crti.o
 .bss           0x00000000        0x0 c:/program files (x86)/embitz/1.11/share/em_armgcc/bin/../lib/gcc/arm-none-eabi/5.4.1/armv7e-m/fpu/crti.o
 .data          0x00000000        0x4 c:/program files (x86)/embitz/1.11/share/em_armgcc/bin/../lib/gcc/arm-none-eabi/5.4.1/armv7e-m/fpu/crtbegin.o
 .data          0x00000000        0x0 c:/program files (x86)/embitz/1.11/share/em_armgcc/bin/../lib/gcc/arm-none-eabi/5.4.1/../../../../arm-none-eabi/lib/armv7e-m/fpu/crt0.o
 .bss           0x00000000        0x0 c:/program files (x86)/embitz/1.11/share/em_armgcc/bin/../lib/gcc/arm-none-eabi/5.4.1/../../../../arm-none-eabi/lib/armv7e-m/fpu/crt0.o
 .ARM.extab     0x00000000        0x0 c:/program files (x86)/embitz/1.11/share/em_armgcc/bin/../lib/gcc/arm-none-eabi/5.4.1/../../../../arm-none-eabi/lib/armv7e-m/fpu/crt0.o
 .group         0x00000000        0x8 obj\debug\src\main.o
 .group         0x00000000        0x8 obj\debug\src\main.o
 .group         0x00000000        0x8 obj\debug\src\main.o
 .group         0x00000000        0x8 obj\debug\src\main.o
 .group         0x00000000        0x8 obj\debug\src\main.o
 .group         0x00000000        0x8 obj\debug\src\main.o
 .group         0x00000000        0x8 obj\debug\src\main.o
 .group         0x00000000        0x8 obj\debug\src\main.o
 .group         0x00000000        0x8 obj\debug\src\main.o
 .group         0x00000000        0x8 obj\debug\src\main.o
 .group         0x00000000        0x8 obj\debug\src\main.o
 .group         0x00000000        0x8 obj\debug\src\main.o
 .group         0x00000000        0x8 obj\debug\src\main.o
 .group         0x00000000        0x8 obj\debug\src\main.o
 .group         0x00000000        0x8 obj\debug\src\main.o
 .group         0x00000000        0x8 obj\debug\src\main.o
 .group         0x00000000        0x8 obj\debug\src\main.o
 .group         0x00000000        0x8 obj\debug\src\main.o
 .text          0x00000000        0x0 obj\debug\src\main.o
 .data          0x00000000        0x0 obj\debug\src\main.o
 .bss           0x00000000        0x0 obj\debug\src\main.o
 .data          0x00000000        0x0 obj\debug\src\startup_stm32f4xx.o
 .bss           0x00000000        0x0 obj\debug\src\startup_stm32f4xx.o
 .group         0x00000000        0x8 obj\debug\src\system_stm32f4xx.o
 .group         0x00000000        0x8 obj\debug\src\system_stm32f4xx.o
 .group         0x00000000        0x8 obj\debug\src\system_stm32f4xx.o
 .group         0x00000000        0x8 obj\debug\src\system_stm32f4xx.o
 .group         0x00000000        0x8 obj\debug\src\system_stm32f4xx.o
 .group         0x00000000        0x8 obj\debug\src\system_stm32f4xx.o
 .group         0x00000000        0x8 obj\debug\src\system_stm32f4xx.o
 .group         0x00000000        0x8 obj\debug\src\system_stm32f4xx.o
 .group         0x00000000        0x8 obj\debug\src\system_stm32f4xx.o
 .group         0x00000000        0x8 obj\debug\src\system_stm32f4xx.o
 .group         0x00000000        0x8 obj\debug\src\system_stm32f4xx.o
 .group         0x00000000        0x8 obj\debug\src\system_stm32f4xx.o
 .group         0x00000000        0x8 obj\debug\src\system_stm32f4xx.o
 .text          0x00000000        0x0 obj\debug\src\system_stm32f4xx.o
 .data          0x00000000        0x0 obj\debug\src\system_stm32f4xx.o
 .bss           0x00000000        0x0 obj\debug\src\system_stm32f4xx.o
 .data.SystemCoreClock
                0x00000000        0x4 obj\debug\src\system_stm32f4xx.o
 .data.AHBPrescTable
                0x00000000       0x10 obj\debug\src\system_stm32f4xx.o
 .text.SystemCoreClockUpdate
                0x00000000       0xfc obj\debug\src\system_stm32f4xx.o
 .debug_macro   0x00000000      0x8a4 obj\debug\src\system_stm32f4xx.o
 .debug_macro   0x00000000       0x5d obj\debug\src\system_stm32f4xx.o
 .debug_macro   0x00000000       0x35 obj\debug\src\system_stm32f4xx.o
 .debug_macro   0x00000000       0x22 obj\debug\src\system_stm32f4xx.o
 .debug_macro   0x00000000       0x87 obj\debug\src\system_stm32f4xx.o
 .debug_macro   0x00000000       0x44 obj\debug\src\system_stm32f4xx.o
 .debug_macro   0x00000000       0xfd obj\debug\src\system_stm32f4xx.o
 .debug_macro   0x00000000       0x5e obj\debug\src\system_stm32f4xx.o
 .debug_macro   0x00000000      0x1df obj\debug\src\system_stm32f4xx.o
 .debug_macro   0x00000000       0x18 obj\debug\src\system_stm32f4xx.o
 .debug_macro   0x00000000       0x42 obj\debug\src\system_stm32f4xx.o
 .debug_macro   0x00000000      0x8cb obj\debug\src\system_stm32f4xx.o
 .debug_macro   0x00000000     0x81f4 obj\debug\src\system_stm32f4xx.o
 .data          0x00000000        0x0 obj\debug\ucosii\ports\os_cpu_a.o
 .bss           0x00000000        0x0 obj\debug\ucosii\ports\os_cpu_a.o
 .group         0x00000000        0x8 obj\debug\ucosii\ports\os_cpu_c.o
 .group         0x00000000        0x8 obj\debug\ucosii\ports\os_cpu_c.o
 .group         0x00000000        0x8 obj\debug\ucosii\ports\os_cpu_c.o
 .group         0x00000000        0x8 obj\debug\ucosii\ports\os_cpu_c.o
 .group         0x00000000        0x8 obj\debug\ucosii\ports\os_cpu_c.o
 .group         0x00000000        0x8 obj\debug\ucosii\ports\os_cpu_c.o
 .group         0x00000000        0x8 obj\debug\ucosii\ports\os_cpu_c.o
 .group         0x00000000        0x8 obj\debug\ucosii\ports\os_cpu_c.o
 .group         0x00000000        0x8 obj\debug\ucosii\ports\os_cpu_c.o
 .group         0x00000000        0x8 obj\debug\ucosii\ports\os_cpu_c.o
 .group         0x00000000        0x8 obj\debug\ucosii\ports\os_cpu_c.o
 .group         0x00000000        0x8 obj\debug\ucosii\ports\os_cpu_c.o
 .group         0x00000000        0x8 obj\debug\ucosii\ports\os_cpu_c.o
 .group         0x00000000        0x8 obj\debug\ucosii\ports\os_cpu_c.o
 .group         0x00000000        0x8 obj\debug\ucosii\ports\os_cpu_c.o
 .group         0x00000000        0x8 obj\debug\ucosii\ports\os_cpu_c.o
 .group         0x00000000        0x8 obj\debug\ucosii\ports\os_cpu_c.o
 .group         0x00000000        0x8 obj\debug\ucosii\ports\os_cpu_c.o
 .text          0x00000000        0x0 obj\debug\ucosii\ports\os_cpu_c.o
 .data          0x00000000        0x0 obj\debug\ucosii\ports\os_cpu_c.o
 .bss           0x00000000        0x0 obj\debug\ucosii\ports\os_cpu_c.o
 .debug_macro   0x00000000      0x8a4 obj\debug\ucosii\ports\os_cpu_c.o
 .debug_macro   0x00000000       0x10 obj\debug\ucosii\ports\os_cpu_c.o
 .debug_macro   0x00000000       0x52 obj\debug\ucosii\ports\os_cpu_c.o
 .debug_macro   0x00000000      0x1d5 obj\debug\ucosii\ports\os_cpu_c.o
 .debug_macro   0x00000000      0x3fc obj\debug\ucosii\ports\os_cpu_c.o
 .debug_macro   0x00000000       0x5d obj\debug\ucosii\ports\os_cpu_c.o
 .debug_macro   0x00000000       0x35 obj\debug\ucosii\ports\os_cpu_c.o
 .debug_macro   0x00000000       0x22 obj\debug\ucosii\ports\os_cpu_c.o
 .debug_macro   0x00000000       0x87 obj\debug\ucosii\ports\os_cpu_c.o
 .debug_macro   0x00000000       0x44 obj\debug\ucosii\ports\os_cpu_c.o
 .debug_macro   0x00000000       0xfd obj\debug\ucosii\ports\os_cpu_c.o
 .debug_macro   0x00000000       0x5e obj\debug\ucosii\ports\os_cpu_c.o
 .debug_macro   0x00000000      0x1df obj\debug\ucosii\ports\os_cpu_c.o
 .debug_macro   0x00000000       0x18 obj\debug\ucosii\ports\os_cpu_c.o
 .debug_macro   0x00000000       0x42 obj\debug\ucosii\ports\os_cpu_c.o
 .debug_macro   0x00000000      0x8cb obj\debug\ucosii\ports\os_cpu_c.o
 .debug_macro   0x00000000     0x81f4 obj\debug\ucosii\ports\os_cpu_c.o
 .group         0x00000000        0x8 obj\debug\ucosii\ports\os_dbg.o
 .group         0x00000000        0x8 obj\debug\ucosii\ports\os_dbg.o
 .group         0x00000000        0x8 obj\debug\ucosii\ports\os_dbg.o
 .group         0x00000000        0x8 obj\debug\ucosii\ports\os_dbg.o
 .group         0x00000000        0x8 obj\debug\ucosii\ports\os_dbg.o
 .group         0x00000000        0x8 obj\debug\ucosii\ports\os_dbg.o
 .text          0x00000000        0x0 obj\debug\ucosii\ports\os_dbg.o
 .data          0x00000000        0x0 obj\debug\ucosii\ports\os_dbg.o
 .bss           0x00000000        0x0 obj\debug\ucosii\ports\os_dbg.o
 .rodata.OSDebugEn
                0x00000000        0x2 obj\debug\ucosii\ports\os_dbg.o
 .debug_info    0x00000000       0x82 obj\debug\ucosii\ports\os_dbg.o
 .debug_abbrev  0x00000000       0x4e obj\debug\ucosii\ports\os_dbg.o
 .debug_aranges
                0x00000000       0x18 obj\debug\ucosii\ports\os_dbg.o
 .debug_macro   0x00000000       0x3a obj\debug\ucosii\ports\os_dbg.o
 .debug_macro   0x00000000      0x8a4 obj\debug\ucosii\ports\os_dbg.o
 .debug_macro   0x00000000       0x10 obj\debug\ucosii\ports\os_dbg.o
 .debug_macro   0x00000000       0x52 obj\debug\ucosii\ports\os_dbg.o
 .debug_macro   0x00000000      0x1d5 obj\debug\ucosii\ports\os_dbg.o
 .debug_macro   0x00000000       0x34 obj\debug\ucosii\ports\os_dbg.o
 .debug_macro   0x00000000      0x3fc obj\debug\ucosii\ports\os_dbg.o
 .debug_line    0x00000000       0x97 obj\debug\ucosii\ports\os_dbg.o
 .debug_str     0x00000000     0x3c5d obj\debug\ucosii\ports\os_dbg.o
 .comment       0x00000000       0x6f obj\debug\ucosii\ports\os_dbg.o
 .ARM.attributes
                0x00000000       0x39 obj\debug\ucosii\ports\os_dbg.o
 .group         0x00000000        0x8 obj\debug\ucosii\source\os_core.o
 .group         0x00000000        0x8 obj\debug\ucosii\source\os_core.o
 .group         0x00000000        0x8 obj\debug\ucosii\source\os_core.o
 .group         0x00000000        0x8 obj\debug\ucosii\source\os_core.o
 .group         0x00000000        0x8 obj\debug\ucosii\source\os_core.o
 .group         0x00000000        0x8 obj\debug\ucosii\source\os_core.o
 .text          0x00000000        0x0 obj\debug\ucosii\source\os_core.o
 .data          0x00000000        0x0 obj\debug\ucosii\source\os_core.o
 .bss           0x00000000        0x0 obj\debug\ucosii\source\os_core.o
 .text.OSEventNameGet
                0x00000000       0x90 obj\debug\ucosii\source\os_core.o
 .text.OSEventPendMulti
                0x00000000      0x37c obj\debug\ucosii\source\os_core.o
 .text.OSIntEnter
                0x00000000       0x34 obj\debug\ucosii\source\os_core.o
 .text.OSVersion
                0x00000000       0x14 obj\debug\ucosii\source\os_core.o
 .text.OS_EventTaskWaitMulti
                0x00000000       0xd8 obj\debug\ucosii\source\os_core.o
 .text.OS_MemCopy
                0x00000000       0x38 obj\debug\ucosii\source\os_core.o
 .text.OS_StrLen
                0x00000000       0x30 obj\debug\ucosii\source\os_core.o
 .debug_macro   0x00000000      0x8a4 obj\debug\ucosii\source\os_core.o
 .debug_macro   0x00000000       0x10 obj\debug\ucosii\source\os_core.o
 .debug_macro   0x00000000       0x52 obj\debug\ucosii\source\os_core.o
 .debug_macro   0x00000000      0x1d5 obj\debug\ucosii\source\os_core.o
 .debug_macro   0x00000000       0x34 obj\debug\ucosii\source\os_core.o
 .group         0x00000000        0x8 obj\debug\ucosii\source\os_flag.o
 .group         0x00000000        0x8 obj\debug\ucosii\source\os_flag.o
 .group         0x00000000        0x8 obj\debug\ucosii\source\os_flag.o
 .group         0x00000000        0x8 obj\debug\ucosii\source\os_flag.o
 .group         0x00000000        0x8 obj\debug\ucosii\source\os_flag.o
 .group         0x00000000        0x8 obj\debug\ucosii\source\os_flag.o
 .text          0x00000000        0x0 obj\debug\ucosii\source\os_flag.o
 .data          0x00000000        0x0 obj\debug\ucosii\source\os_flag.o
 .bss           0x00000000        0x0 obj\debug\ucosii\source\os_flag.o
 .text.OSFlagAccept
                0x00000000      0x180 obj\debug\ucosii\source\os_flag.o
 .text.OSFlagCreate
                0x00000000       0x88 obj\debug\ucosii\source\os_flag.o
 .text.OSFlagDel
                0x00000000      0x134 obj\debug\ucosii\source\os_flag.o
 .text.OSFlagNameGet
                0x00000000       0x90 obj\debug\ucosii\source\os_flag.o
 .text.OSFlagNameSet
                0x00000000       0x78 obj\debug\ucosii\source\os_flag.o
 .text.OSFlagPend
                0x00000000      0x328 obj\debug\ucosii\source\os_flag.o
 .text.OSFlagPendGetFlagsRdy
                0x00000000       0x2c obj\debug\ucosii\source\os_flag.o
 .text.OSFlagPost
                0x00000000      0x1d4 obj\debug\ucosii\source\os_flag.o
 .text.OSFlagQuery
                0x00000000       0x54 obj\debug\ucosii\source\os_flag.o
 .text.OS_FlagBlock
                0x00000000       0xe8 obj\debug\ucosii\source\os_flag.o
 .text.OS_FlagTaskRdy
                0x00000000       0x98 obj\debug\ucosii\source\os_flag.o
 .debug_macro   0x00000000      0x8a4 obj\debug\ucosii\source\os_flag.o
 .debug_macro   0x00000000       0x10 obj\debug\ucosii\source\os_flag.o
 .debug_macro   0x00000000       0x52 obj\debug\ucosii\source\os_flag.o
 .debug_macro   0x00000000      0x1d5 obj\debug\ucosii\source\os_flag.o
 .debug_macro   0x00000000       0x34 obj\debug\ucosii\source\os_flag.o
 .debug_macro   0x00000000      0x3fc obj\debug\ucosii\source\os_flag.o
 .group         0x00000000        0x8 obj\debug\ucosii\source\os_mbox.o
 .group         0x00000000        0x8 obj\debug\ucosii\source\os_mbox.o
 .group         0x00000000        0x8 obj\debug\ucosii\source\os_mbox.o
 .group         0x00000000        0x8 obj\debug\ucosii\source\os_mbox.o
 .group         0x00000000        0x8 obj\debug\ucosii\source\os_mbox.o
 .group         0x00000000        0x8 obj\debug\ucosii\source\os_mbox.o
 .text          0x00000000        0x0 obj\debug\ucosii\source\os_mbox.o
 .data          0x00000000        0x0 obj\debug\ucosii\source\os_mbox.o
 .bss           0x00000000        0x0 obj\debug\ucosii\source\os_mbox.o
 .text.OSMboxAccept
                0x00000000       0x44 obj\debug\ucosii\source\os_mbox.o
 .rodata        0x00000000        0x2 obj\debug\ucosii\source\os_mbox.o
 .text.OSMboxCreate
                0x00000000       0x78 obj\debug\ucosii\source\os_mbox.o
 .text.OSMboxDel
                0x00000000      0x12c obj\debug\ucosii\source\os_mbox.o
 .text.OSMboxPend
                0x00000000      0x14c obj\debug\ucosii\source\os_mbox.o
 .text.OSMboxPendAbort
                0x00000000       0xa8 obj\debug\ucosii\source\os_mbox.o
 .text.OSMboxPost
                0x00000000       0x80 obj\debug\ucosii\source\os_mbox.o
 .text.OSMboxPostOpt
                0x00000000       0xb0 obj\debug\ucosii\source\os_mbox.o
 .text.OSMboxQuery
                0x00000000       0x84 obj\debug\ucosii\source\os_mbox.o
 .debug_info    0x00000000      0x6c3 obj\debug\ucosii\source\os_mbox.o
 .debug_abbrev  0x00000000      0x139 obj\debug\ucosii\source\os_mbox.o
 .debug_aranges
                0x00000000       0x58 obj\debug\ucosii\source\os_mbox.o
 .debug_ranges  0x00000000       0x48 obj\debug\ucosii\source\os_mbox.o
 .debug_macro   0x00000000       0x3a obj\debug\ucosii\source\os_mbox.o
 .debug_macro   0x00000000      0x8a4 obj\debug\ucosii\source\os_mbox.o
 .debug_macro   0x00000000       0x10 obj\debug\ucosii\source\os_mbox.o
 .debug_macro   0x00000000       0x52 obj\debug\ucosii\source\os_mbox.o
 .debug_macro   0x00000000      0x1d5 obj\debug\ucosii\source\os_mbox.o
 .debug_macro   0x00000000       0x34 obj\debug\ucosii\source\os_mbox.o
 .debug_macro   0x00000000      0x3fc obj\debug\ucosii\source\os_mbox.o
 .debug_line    0x00000000      0x202 obj\debug\ucosii\source\os_mbox.o
 .debug_str     0x00000000     0x3fda obj\debug\ucosii\source\os_mbox.o
 .comment       0x00000000       0x6f obj\debug\ucosii\source\os_mbox.o
 .debug_frame   0x00000000      0x130 obj\debug\ucosii\source\os_mbox.o
 .ARM.attributes
                0x00000000       0x39 obj\debug\ucosii\source\os_mbox.o
 .group         0x00000000        0x8 obj\debug\ucosii\source\os_mem.o
 .group         0x00000000        0x8 obj\debug\ucosii\source\os_mem.o
 .group         0x00000000        0x8 obj\debug\ucosii\source\os_mem.o
 .group         0x00000000        0x8 obj\debug\ucosii\source\os_mem.o
 .group         0x00000000        0x8 obj\debug\ucosii\source\os_mem.o
 .group         0x00000000        0x8 obj\debug\ucosii\source\os_mem.o
 .text          0x00000000        0x0 obj\debug\ucosii\source\os_mem.o
 .data          0x00000000        0x0 obj\debug\ucosii\source\os_mem.o
 .bss           0x00000000        0x0 obj\debug\ucosii\source\os_mem.o
 .text.OSMemCreate
                0x00000000       0xf8 obj\debug\ucosii\source\os_mem.o
 .text.OSMemGet
                0x00000000       0x6c obj\debug\ucosii\source\os_mem.o
 .text.OSMemNameGet
                0x00000000       0x78 obj\debug\ucosii\source\os_mem.o
 .text.OSMemNameSet
                0x00000000       0x60 obj\debug\ucosii\source\os_mem.o
 .text.OSMemPut
                0x00000000       0x68 obj\debug\ucosii\source\os_mem.o
 .text.OSMemQuery
                0x00000000       0x70 obj\debug\ucosii\source\os_mem.o
 .debug_macro   0x00000000      0x8a4 obj\debug\ucosii\source\os_mem.o
 .debug_macro   0x00000000       0x10 obj\debug\ucosii\source\os_mem.o
 .debug_macro   0x00000000       0x52 obj\debug\ucosii\source\os_mem.o
 .debug_macro   0x00000000      0x1d5 obj\debug\ucosii\source\os_mem.o
 .debug_macro   0x00000000       0x34 obj\debug\ucosii\source\os_mem.o
 .debug_macro   0x00000000      0x3fc obj\debug\ucosii\source\os_mem.o
 .group         0x00000000        0x8 obj\debug\ucosii\source\os_mutex.o
 .group         0x00000000        0x8 obj\debug\ucosii\source\os_mutex.o
 .group         0x00000000        0x8 obj\debug\ucosii\source\os_mutex.o
 .group         0x00000000        0x8 obj\debug\ucosii\source\os_mutex.o
 .group         0x00000000        0x8 obj\debug\ucosii\source\os_mutex.o
 .group         0x00000000        0x8 obj\debug\ucosii\source\os_mutex.o
 .text          0x00000000        0x0 obj\debug\ucosii\source\os_mutex.o
 .data          0x00000000        0x0 obj\debug\ucosii\source\os_mutex.o
 .bss           0x00000000        0x0 obj\debug\ucosii\source\os_mutex.o
 .text.OSMutexAccept
                0x00000000       0xd4 obj\debug\ucosii\source\os_mutex.o
 .rodata        0x00000000        0x2 obj\debug\ucosii\source\os_mutex.o
 .text.OSMutexCreate
                0x00000000       0xe0 obj\debug\ucosii\source\os_mutex.o
 .text.OSMutexDel
                0x00000000      0x194 obj\debug\ucosii\source\os_mutex.o
 .text.OSMutexPend
                0x00000000      0x340 obj\debug\ucosii\source\os_mutex.o
 .text.OSMutexPost
                0x00000000      0x118 obj\debug\ucosii\source\os_mutex.o
 .text.OSMutexQuery
                0x00000000       0xb8 obj\debug\ucosii\source\os_mutex.o
 .text.OSMutex_RdyAtPrio
                0x00000000      0x100 obj\debug\ucosii\source\os_mutex.o
 .debug_info    0x00000000      0x746 obj\debug\ucosii\source\os_mutex.o
 .debug_abbrev  0x00000000      0x16b obj\debug\ucosii\source\os_mutex.o
 .debug_aranges
                0x00000000       0x50 obj\debug\ucosii\source\os_mutex.o
 .debug_ranges  0x00000000       0x40 obj\debug\ucosii\source\os_mutex.o
 .debug_macro   0x00000000       0x4c obj\debug\ucosii\source\os_mutex.o
 .debug_macro   0x00000000      0x8a4 obj\debug\ucosii\source\os_mutex.o
 .debug_macro   0x00000000       0x10 obj\debug\ucosii\source\os_mutex.o
 .debug_macro   0x00000000       0x52 obj\debug\ucosii\source\os_mutex.o
 .debug_macro   0x00000000      0x1d5 obj\debug\ucosii\source\os_mutex.o
 .debug_macro   0x00000000       0x34 obj\debug\ucosii\source\os_mutex.o
 .debug_macro   0x00000000      0x3fc obj\debug\ucosii\source\os_mutex.o
 .debug_line    0x00000000      0x22b obj\debug\ucosii\source\os_mutex.o
 .debug_str     0x00000000     0x4098 obj\debug\ucosii\source\os_mutex.o
 .comment       0x00000000       0x6f obj\debug\ucosii\source\os_mutex.o
 .debug_frame   0x00000000      0x114 obj\debug\ucosii\source\os_mutex.o
 .ARM.attributes
                0x00000000       0x39 obj\debug\ucosii\source\os_mutex.o
 .group         0x00000000        0x8 obj\debug\ucosii\source\os_q.o
 .group         0x00000000        0x8 obj\debug\ucosii\source\os_q.o
 .group         0x00000000        0x8 obj\debug\ucosii\source\os_q.o
 .group         0x00000000        0x8 obj\debug\ucosii\source\os_q.o
 .group         0x00000000        0x8 obj\debug\ucosii\source\os_q.o
 .group         0x00000000        0x8 obj\debug\ucosii\source\os_q.o
 .text          0x00000000        0x0 obj\debug\ucosii\source\os_q.o
 .data          0x00000000        0x0 obj\debug\ucosii\source\os_q.o
 .bss           0x00000000        0x0 obj\debug\ucosii\source\os_q.o
 .text.OSQAccept
                0x00000000       0x94 obj\debug\ucosii\source\os_q.o
 .rodata        0x00000000        0x2 obj\debug\ucosii\source\os_q.o
 .text.OSQCreate
                0x00000000       0xe4 obj\debug\ucosii\source\os_q.o
 .text.OSQDel   0x00000000      0x158 obj\debug\ucosii\source\os_q.o
 .text.OSQFlush
                0x00000000       0x54 obj\debug\ucosii\source\os_q.o
 .text.OSQPend  0x00000000      0x174 obj\debug\ucosii\source\os_q.o
 .text.OSQPendAbort
                0x00000000       0xa8 obj\debug\ucosii\source\os_q.o
 .text.OSQPost  0x00000000       0xa8 obj\debug\ucosii\source\os_q.o
 .text.OSQPostFront
                0x00000000       0xac obj\debug\ucosii\source\os_q.o
 .text.OSQPostOpt
                0x00000000      0x108 obj\debug\ucosii\source\os_q.o
 .text.OSQQuery
                0x00000000       0xac obj\debug\ucosii\source\os_q.o
 .debug_macro   0x00000000      0x8a4 obj\debug\ucosii\source\os_q.o
 .debug_macro   0x00000000       0x10 obj\debug\ucosii\source\os_q.o
 .debug_macro   0x00000000       0x52 obj\debug\ucosii\source\os_q.o
 .debug_macro   0x00000000      0x1d5 obj\debug\ucosii\source\os_q.o
 .debug_macro   0x00000000       0x34 obj\debug\ucosii\source\os_q.o
 .debug_macro   0x00000000      0x3fc obj\debug\ucosii\source\os_q.o
 .group         0x00000000        0x8 obj\debug\ucosii\source\os_sem.o
 .group         0x00000000        0x8 obj\debug\ucosii\source\os_sem.o
 .group         0x00000000        0x8 obj\debug\ucosii\source\os_sem.o
 .group         0x00000000        0x8 obj\debug\ucosii\source\os_sem.o
 .group         0x00000000        0x8 obj\debug\ucosii\source\os_sem.o
 .group         0x00000000        0x8 obj\debug\ucosii\source\os_sem.o
 .text          0x00000000        0x0 obj\debug\ucosii\source\os_sem.o
 .data          0x00000000        0x0 obj\debug\ucosii\source\os_sem.o
 .bss           0x00000000        0x0 obj\debug\ucosii\source\os_sem.o
 .text.OSSemAccept
                0x00000000       0x50 obj\debug\ucosii\source\os_sem.o
 .text.OSSemDel
                0x00000000      0x12c obj\debug\ucosii\source\os_sem.o
 .text.OSSemPendAbort
                0x00000000       0xa8 obj\debug\ucosii\source\os_sem.o
 .text.OSSemQuery
                0x00000000       0x84 obj\debug\ucosii\source\os_sem.o
 .text.OSSemSet
                0x00000000       0x70 obj\debug\ucosii\source\os_sem.o
 .debug_macro   0x00000000      0x8a4 obj\debug\ucosii\source\os_sem.o
 .debug_macro   0x00000000       0x10 obj\debug\ucosii\source\os_sem.o
 .debug_macro   0x00000000       0x52 obj\debug\ucosii\source\os_sem.o
 .debug_macro   0x00000000      0x1d5 obj\debug\ucosii\source\os_sem.o
 .debug_macro   0x00000000       0x34 obj\debug\ucosii\source\os_sem.o
 .debug_macro   0x00000000      0x3fc obj\debug\ucosii\source\os_sem.o
 .group         0x00000000        0x8 obj\debug\ucosii\source\os_task.o
 .group         0x00000000        0x8 obj\debug\ucosii\source\os_task.o
 .group         0x00000000        0x8 obj\debug\ucosii\source\os_task.o
 .group         0x00000000        0x8 obj\debug\ucosii\source\os_task.o
 .group         0x00000000        0x8 obj\debug\ucosii\source\os_task.o
 .group         0x00000000        0x8 obj\debug\ucosii\source\os_task.o
 .text          0x00000000        0x0 obj\debug\ucosii\source\os_task.o
 .data          0x00000000        0x0 obj\debug\ucosii\source\os_task.o
 .bss           0x00000000        0x0 obj\debug\ucosii\source\os_task.o
 .text.OSTaskChangePrio
                0x00000000      0x280 obj\debug\ucosii\source\os_task.o
 .text.OSTaskDelReq
                0x00000000       0x98 obj\debug\ucosii\source\os_task.o
 .text.OSTaskNameGet
                0x00000000       0xd0 obj\debug\ucosii\source\os_task.o
 .text.OSTaskResume
                0x00000000       0xf4 obj\debug\ucosii\source\os_task.o
 .text.OSTaskQuery
                0x00000000       0x8c obj\debug\ucosii\source\os_task.o
 .text.OSTaskRegGet
                0x00000000       0x84 obj\debug\ucosii\source\os_task.o
 .text.OSTaskRegSet
                0x00000000       0x80 obj\debug\ucosii\source\os_task.o
 .debug_macro   0x00000000      0x8a4 obj\debug\ucosii\source\os_task.o
 .debug_macro   0x00000000       0x10 obj\debug\ucosii\source\os_task.o
 .debug_macro   0x00000000       0x52 obj\debug\ucosii\source\os_task.o
 .debug_macro   0x00000000      0x1d5 obj\debug\ucosii\source\os_task.o
 .debug_macro   0x00000000       0x34 obj\debug\ucosii\source\os_task.o
 .debug_macro   0x00000000      0x3fc obj\debug\ucosii\source\os_task.o
 .group         0x00000000        0x8 obj\debug\ucosii\source\os_time.o
 .group         0x00000000        0x8 obj\debug\ucosii\source\os_time.o
 .group         0x00000000        0x8 obj\debug\ucosii\source\os_time.o
 .group         0x00000000        0x8 obj\debug\ucosii\source\os_time.o
 .group         0x00000000        0x8 obj\debug\ucosii\source\os_time.o
 .group         0x00000000        0x8 obj\debug\ucosii\source\os_time.o
 .text          0x00000000        0x0 obj\debug\ucosii\source\os_time.o
 .data          0x00000000        0x0 obj\debug\ucosii\source\os_time.o
 .bss           0x00000000        0x0 obj\debug\ucosii\source\os_time.o
 .text.OSTimeDlyHMSM
                0x00000000       0xc8 obj\debug\ucosii\source\os_time.o
 .text.OSTimeDlyResume
                0x00000000       0xfc obj\debug\ucosii\source\os_time.o
 .text.OSTimeGet
                0x00000000       0x2c obj\debug\ucosii\source\os_time.o
 .text.OSTimeSet
                0x00000000       0x2c obj\debug\ucosii\source\os_time.o
 .debug_macro   0x00000000      0x8a4 obj\debug\ucosii\source\os_time.o
 .debug_macro   0x00000000       0x10 obj\debug\ucosii\source\os_time.o
 .debug_macro   0x00000000       0x52 obj\debug\ucosii\source\os_time.o
 .debug_macro   0x00000000      0x1d5 obj\debug\ucosii\source\os_time.o
 .debug_macro   0x00000000       0x34 obj\debug\ucosii\source\os_time.o
 .debug_macro   0x00000000      0x3fc obj\debug\ucosii\source\os_time.o
 .group         0x00000000        0x8 obj\debug\ucosii\source\os_tmr.o
 .group         0x00000000        0x8 obj\debug\ucosii\source\os_tmr.o
 .group         0x00000000        0x8 obj\debug\ucosii\source\os_tmr.o
 .group         0x00000000        0x8 obj\debug\ucosii\source\os_tmr.o
 .group         0x00000000        0x8 obj\debug\ucosii\source\os_tmr.o
 .group         0x00000000        0x8 obj\debug\ucosii\source\os_tmr.o
 .text          0x00000000        0x0 obj\debug\ucosii\source\os_tmr.o
 .data          0x00000000        0x0 obj\debug\ucosii\source\os_tmr.o
 .bss           0x00000000        0x0 obj\debug\ucosii\source\os_tmr.o
 .text.OSTmrCreate
                0x00000000       0xc0 obj\debug\ucosii\source\os_tmr.o
 .text.OSTmrDel
                0x00000000       0xb8 obj\debug\ucosii\source\os_tmr.o
 .text.OSTmrNameGet
                0x00000000       0xb0 obj\debug\ucosii\source\os_tmr.o
 .text.OSTmrRemainGet
                0x00000000       0xf8 obj\debug\ucosii\source\os_tmr.o
 .text.OSTmrStateGet
                0x00000000       0x74 obj\debug\ucosii\source\os_tmr.o
 .text.OSTmrStart
                0x00000000       0xbc obj\debug\ucosii\source\os_tmr.o
 .text.OSTmrStop
                0x00000000      0x10c obj\debug\ucosii\source\os_tmr.o
 .text.OSTmr_Alloc
                0x00000000       0x60 obj\debug\ucosii\source\os_tmr.o
 .text.OSTmr_Free
                0x00000000       0x80 obj\debug\ucosii\source\os_tmr.o
 .debug_macro   0x00000000      0x8a4 obj\debug\ucosii\source\os_tmr.o
 .debug_macro   0x00000000       0x10 obj\debug\ucosii\source\os_tmr.o
 .debug_macro   0x00000000       0x52 obj\debug\ucosii\source\os_tmr.o
 .debug_macro   0x00000000      0x1d5 obj\debug\ucosii\source\os_tmr.o
 .debug_macro   0x00000000       0x34 obj\debug\ucosii\source\os_tmr.o
 .debug_macro   0x00000000      0x3fc obj\debug\ucosii\source\os_tmr.o
 .text          0x00000000        0x0 c:/program files (x86)/embitz/1.11/share/em_armgcc/bin/../lib/gcc/arm-none-eabi/5.4.1/../../../../arm-none-eabi/lib/armv7e-m/fpu\libg_n.a(lib_a-exit.o)
 .data          0x00000000        0x0 c:/program files (x86)/embitz/1.11/share/em_armgcc/bin/../lib/gcc/arm-none-eabi/5.4.1/../../../../arm-none-eabi/lib/armv7e-m/fpu\libg_n.a(lib_a-exit.o)
 .bss           0x00000000        0x0 c:/program files (x86)/embitz/1.11/share/em_armgcc/bin/../lib/gcc/arm-none-eabi/5.4.1/../../../../arm-none-eabi/lib/armv7e-m/fpu\libg_n.a(lib_a-exit.o)
 .text          0x00000000        0x0 c:/program files (x86)/embitz/1.11/share/em_armgcc/bin/../lib/gcc/arm-none-eabi/5.4.1/../../../../arm-none-eabi/lib/armv7e-m/fpu\libg_n.a(lib_a-impure.o)
 .data          0x00000000        0x0 c:/program files (x86)/embitz/1.11/share/em_armgcc/bin/../lib/gcc/arm-none-eabi/5.4.1/../../../../arm-none-eabi/lib/armv7e-m/fpu\libg_n.a(lib_a-impure.o)
 .bss           0x00000000        0x0 c:/program files (x86)/embitz/1.11/share/em_armgcc/bin/../lib/gcc/arm-none-eabi/5.4.1/../../../../arm-none-eabi/lib/armv7e-m/fpu\libg_n.a(lib_a-impure.o)
 .data._impure_ptr
                0x00000000        0x4 c:/program files (x86)/embitz/1.11/share/em_armgcc/bin/../lib/gcc/arm-none-eabi/5.4.1/../../../../arm-none-eabi/lib/armv7e-m/fpu\libg_n.a(lib_a-impure.o)
 .text          0x00000000        0x0 c:/program files (x86)/embitz/1.11/share/em_armgcc/bin/../lib/gcc/arm-none-eabi/5.4.1/../../../../arm-none-eabi/lib/armv7e-m/fpu\libg_n.a(lib_a-init.o)
 .data          0x00000000        0x0 c:/program files (x86)/embitz/1.11/share/em_armgcc/bin/../lib/gcc/arm-none-eabi/5.4.1/../../../../arm-none-eabi/lib/armv7e-m/fpu\libg_n.a(lib_a-init.o)
 .bss           0x00000000        0x0 c:/program files (x86)/embitz/1.11/share/em_armgcc/bin/../lib/gcc/arm-none-eabi/5.4.1/../../../../arm-none-eabi/lib/armv7e-m/fpu\libg_n.a(lib_a-init.o)
 .text          0x00000000        0x0 c:/program files (x86)/embitz/1.11/share/em_armgcc/bin/../lib/gcc/arm-none-eabi/5.4.1/../../../../arm-none-eabi/lib/armv7e-m/fpu\libg_n.a(lib_a-memset.o)
 .data          0x00000000        0x0 c:/program files (x86)/embitz/1.11/share/em_armgcc/bin/../lib/gcc/arm-none-eabi/5.4.1/../../../../arm-none-eabi/lib/armv7e-m/fpu\libg_n.a(lib_a-memset.o)
 .bss           0x00000000        0x0 c:/program files (x86)/embitz/1.11/share/em_armgcc/bin/../lib/gcc/arm-none-eabi/5.4.1/../../../../arm-none-eabi/lib/armv7e-m/fpu\libg_n.a(lib_a-memset.o)
 .text          0x00000000        0x0 c:/program files (x86)/embitz/1.11/share/em_armgcc/bin/../lib/gcc/arm-none-eabi/5.4.1/../../../../arm-none-eabi/lib/armv7e-m/fpu\libnosys_s.a(_exit.o)
 .data          0x00000000        0x0 c:/program files (x86)/embitz/1.11/share/em_armgcc/bin/../lib/gcc/arm-none-eabi/5.4.1/../../../../arm-none-eabi/lib/armv7e-m/fpu\libnosys_s.a(_exit.o)
 .bss           0x00000000        0x0 c:/program files (x86)/embitz/1.11/share/em_armgcc/bin/../lib/gcc/arm-none-eabi/5.4.1/../../../../arm-none-eabi/lib/armv7e-m/fpu\libnosys_s.a(_exit.o)
 .text          0x00000000        0x0 c:/program files (x86)/embitz/1.11/share/em_armgcc/bin/../lib/gcc/arm-none-eabi/5.4.1/armv7e-m/fpu/crtend.o
 .data          0x00000000        0x0 c:/program files (x86)/embitz/1.11/share/em_armgcc/bin/../lib/gcc/arm-none-eabi/5.4.1/armv7e-m/fpu/crtend.o
 .bss           0x00000000        0x0 c:/program files (x86)/embitz/1.11/share/em_armgcc/bin/../lib/gcc/arm-none-eabi/5.4.1/armv7e-m/fpu/crtend.o
 .jcr           0x00000000        0x4 c:/program files (x86)/embitz/1.11/share/em_armgcc/bin/../lib/gcc/arm-none-eabi/5.4.1/armv7e-m/fpu/crtend.o
 .text          0x00000000        0x0 c:/program files (x86)/embitz/1.11/share/em_armgcc/bin/../lib/gcc/arm-none-eabi/5.4.1/armv7e-m/fpu/crtn.o
 .data          0x00000000        0x0 c:/program files (x86)/embitz/1.11/share/em_armgcc/bin/../lib/gcc/arm-none-eabi/5.4.1/armv7e-m/fpu/crtn.o
 .bss           0x00000000        0x0 c:/program files (x86)/embitz/1.11/share/em_armgcc/bin/../lib/gcc/arm-none-eabi/5.4.1/armv7e-m/fpu/crtn.o

Memory Configuration

Name             Origin             Length             Attributes
ROM              0x08000000         0x00080000         xr
RAM              0x20000000         0x00020000         xrw
CCRAM            0x10000000         0x00010000         xrw
*default*        0x00000000         0xffffffff

Linker script and memory map

LOAD c:/program files (x86)/embitz/1.11/share/em_armgcc/bin/../lib/gcc/arm-none-eabi/5.4.1/armv7e-m/fpu/crti.o
LOAD c:/program files (x86)/embitz/1.11/share/em_armgcc/bin/../lib/gcc/arm-none-eabi/5.4.1/armv7e-m/fpu/crtbegin.o
LOAD c:/program files (x86)/embitz/1.11/share/em_armgcc/bin/../lib/gcc/arm-none-eabi/5.4.1/../../../../arm-none-eabi/lib/armv7e-m/fpu/crt0.o
                0x00000000                __HEAP_SIZE = 0x0
                0x00000100                __STACK_SIZE = 0x100

.text           0x08000000     0x27c4
 *(.isr_vector)
 .isr_vector    0x08000000      0x188 obj\debug\src\startup_stm32f4xx.o
                0x08000000                __isr_vector
 *(.text*)
 .text          0x08000188       0x5c c:/program files (x86)/embitz/1.11/share/em_armgcc/bin/../lib/gcc/arm-none-eabi/5.4.1/armv7e-m/fpu/crtbegin.o
 .text          0x080001e4       0x74 c:/program files (x86)/embitz/1.11/share/em_armgcc/bin/../lib/gcc/arm-none-eabi/5.4.1/../../../../arm-none-eabi/lib/armv7e-m/fpu/crt0.o
                0x080001e4                _start
                0x080001e4                _mainCRTStartup
 .text.BSP_CPU_ClkFreq
                0x08000258       0x14 obj\debug\src\main.o
                0x08000258                BSP_CPU_ClkFreq
 .text.OS_CPU_SysTickClkFreq
                0x0800026c       0x18 obj\debug\src\main.o
                0x0800026c                OS_CPU_SysTickClkFreq
 .text.led_init
                0x08000284       0x44 obj\debug\src\main.o
                0x08000284                led_init
 .text.main     0x080002c8       0x2c obj\debug\src\main.o
                0x080002c8                main
 .text.App_TaskStart
                0x080002f4       0x1c obj\debug\src\main.o
 .text.App_TaskCreate
                0x08000310       0x30 obj\debug\src\main.o
 .text.App_Task1
                0x08000340       0x30 obj\debug\src\main.o
 .text.Led2_Task
                0x08000370       0x2c obj\debug\src\main.o
 .text          0x0800039c      0x108 obj\debug\src\startup_stm32f4xx.o
                0x0800039c                Reset_Handler
                0x080003e2                NMI_Handler
                0x080003e4                HardFault_Handler
                0x080003e6                MemManage_Handler
                0x080003e8                BusFault_Handler
                0x080003ea                UsageFault_Handler
                0x080003ec                SVC_Handler
                0x080003ee                DebugMon_Handler
                0x080003f0                PendSV_Handler
                0x080003f2                SysTick_Handler
                0x080003f4                Default_Handler
                0x080003f6                WWDG_IRQHandler
                0x080003f8                PVD_IRQHandler
                0x080003fa                TAMP_STAMP_IRQHandler
                0x080003fc                RTC_WKUP_IRQHandler
                0x080003fe                FLASH_IRQHandler
                0x08000400                RCC_IRQHandler
                0x08000402                EXTI0_IRQHandler
                0x08000404                EXTI1_IRQHandler
                0x08000406                EXTI2_IRQHandler
                0x08000408                EXTI3_IRQHandler
                0x0800040a                EXTI4_IRQHandler
                0x0800040c                DMA1_Stream0_IRQHandler
                0x0800040e                DMA1_Stream1_IRQHandler
                0x08000410                DMA1_Stream2_IRQHandler
                0x08000412                DMA1_Stream3_IRQHandler
                0x08000414                DMA1_Stream4_IRQHandler
                0x08000416                DMA1_Stream5_IRQHandler
                0x08000418                DMA1_Stream6_IRQHandler
                0x0800041a                ADC_IRQHandler
                0x0800041c                CAN1_TX_IRQHandler
                0x0800041e                CAN1_RX0_IRQHandler
                0x08000420                CAN1_RX1_IRQHandler
                0x08000422                CAN1_SCE_IRQHandler
                0x08000424                EXTI9_5_IRQHandler
                0x08000426                TIM1_BRK_TIM9_IRQHandler
                0x08000428                TIM1_UP_TIM10_IRQHandler
                0x0800042a                TIM1_TRG_COM_TIM11_IRQHandler
                0x0800042c                TIM1_CC_IRQHandler
                0x0800042e                TIM2_IRQHandler
                0x08000430                TIM3_IRQHandler
                0x08000432                TIM4_IRQHandler
                0x08000434                I2C1_EV_IRQHandler
                0x08000436                I2C1_ER_IRQHandler
                0x08000438                I2C2_EV_IRQHandler
                0x0800043a                I2C2_ER_IRQHandler
                0x0800043c                SPI1_IRQHandler
                0x0800043e                SPI2_IRQHandler
                0x08000440                USART1_IRQHandler
                0x08000442                USART2_IRQHandler
                0x08000444                USART3_IRQHandler
                0x08000446                EXTI15_10_IRQHandler
                0x08000448                RTC_Alarm_IRQHandler
                0x0800044a                OTG_FS_WKUP_IRQHandler
                0x0800044c                TIM8_BRK_TIM12_IRQHandler
                0x0800044e                TIM8_UP_TIM13_IRQHandler
                0x08000450                TIM8_TRG_COM_TIM14_IRQHandler
                0x08000452                TIM8_CC_IRQHandler
                0x08000454                DMA1_Stream7_IRQHandler
                0x08000456                FSMC_IRQHandler
                0x08000458                SDIO_IRQHandler
                0x0800045a                TIM5_IRQHandler
                0x0800045c                SPI3_IRQHandler
                0x0800045e                UART4_IRQHandler
                0x08000460                UART5_IRQHandler
                0x08000462                TIM6_DAC_IRQHandler
                0x08000464                TIM7_IRQHandler
                0x08000466                DMA2_Stream0_IRQHandler
                0x08000468                DMA2_Stream1_IRQHandler
                0x0800046a                DMA2_Stream2_IRQHandler
                0x0800046c                DMA2_Stream3_IRQHandler
                0x0800046e                DMA2_Stream4_IRQHandler
                0x08000470                ETH_IRQHandler
                0x08000472                ETH_WKUP_IRQHandler
                0x08000474                CAN2_TX_IRQHandler
                0x08000476                CAN2_RX0_IRQHandler
                0x08000478                CAN2_RX1_IRQHandler
                0x0800047a                CAN2_SCE_IRQHandler
                0x0800047c                OTG_FS_IRQHandler
                0x0800047e                DMA2_Stream5_IRQHandler
                0x08000480                DMA2_Stream6_IRQHandler
                0x08000482                DMA2_Stream7_IRQHandler
                0x08000484                USART6_IRQHandler
                0x08000486                I2C3_EV_IRQHandler
                0x08000488                I2C3_ER_IRQHandler
                0x0800048a                OTG_HS_EP1_OUT_IRQHandler
                0x0800048c                OTG_HS_EP1_IN_IRQHandler
                0x0800048e                OTG_HS_WKUP_IRQHandler
                0x08000490                OTG_HS_IRQHandler
                0x08000492                DCMI_IRQHandler
                0x08000494                CRYP_IRQHandler
                0x08000496                HASH_RNG_IRQHandler
                0x08000498                FPU_IRQHandler
 .text.SystemInit
                0x080004a4       0x6c obj\debug\src\system_stm32f4xx.o
                0x080004a4                SystemInit
 .text.SetSysClock
                0x08000510       0xf8 obj\debug\src\system_stm32f4xx.o
 .text          0x08000608       0xb0 obj\debug\ucosii\ports\os_cpu_a.o
                0x08000608                OS_CPU_SR_Save
                0x08000610                OS_CPU_SR_Restore
                0x08000616                OSStartHighRdy
                0x0800063c                OSCtxSw
                0x08000646                OSIntCtxSw
                0x08000650                OS_CPU_PendSVHandler
 .text.NVIC_SetPriority
                0x080006b8       0x54 obj\debug\ucosii\ports\os_cpu_c.o
 .text.SysTick_Config
                0x0800070c       0x44 obj\debug\ucosii\ports\os_cpu_c.o
 .text.OSInitHookBegin
                0x08000750       0x50 obj\debug\ucosii\ports\os_cpu_c.o
                0x08000750                OSInitHookBegin
 .text.OSInitHookEnd
                0x080007a0       0x10 obj\debug\ucosii\ports\os_cpu_c.o
                0x080007a0                OSInitHookEnd
 .text.OSTaskCreateHook
                0x080007b0       0x14 obj\debug\ucosii\ports\os_cpu_c.o
                0x080007b0                OSTaskCreateHook
 .text.OSTaskDelHook
                0x080007c4       0x14 obj\debug\ucosii\ports\os_cpu_c.o
                0x080007c4                OSTaskDelHook
 .text.OSTaskIdleHook
                0x080007d8       0x10 obj\debug\ucosii\ports\os_cpu_c.o
                0x080007d8                OSTaskIdleHook
 .text.OSTaskReturnHook
                0x080007e8       0x14 obj\debug\ucosii\ports\os_cpu_c.o
                0x080007e8                OSTaskReturnHook
 .text.OSTaskStatHook
                0x080007fc       0x10 obj\debug\ucosii\ports\os_cpu_c.o
                0x080007fc                OSTaskStatHook
 .text.OSTaskStkInit
                0x0800080c       0xf8 obj\debug\ucosii\ports\os_cpu_c.o
                0x0800080c                OSTaskStkInit
 .text.OSTaskSwHook
                0x08000904       0x10 obj\debug\ucosii\ports\os_cpu_c.o
                0x08000904                OSTaskSwHook
 .text.OSTCBInitHook
                0x08000914       0x14 obj\debug\ucosii\ports\os_cpu_c.o
                0x08000914                OSTCBInitHook
 .text.OSTimeTickHook
                0x08000928       0x2c obj\debug\ucosii\ports\os_cpu_c.o
                0x08000928                OSTimeTickHook
 .text.OS_CPU_SysTickHandler
                0x08000954       0x34 obj\debug\ucosii\ports\os_cpu_c.o
                0x08000954                OS_CPU_SysTickHandler
 .text.OS_CPU_SysTickInit
                0x08000988       0x28 obj\debug\ucosii\ports\os_cpu_c.o
                0x08000988                OS_CPU_SysTickInit
 .text.OSEventNameSet
                0x080009b0       0x74 obj\debug\ucosii\source\os_core.o
                0x080009b0                OSEventNameSet
 .text.OSInit   0x08000a24       0x38 obj\debug\ucosii\source\os_core.o
                0x08000a24                OSInit
 .text.OSIntExit
                0x08000a5c       0xa4 obj\debug\ucosii\source\os_core.o
                0x08000a5c                OSIntExit
 .text.OSSchedLock
                0x08000b00       0x50 obj\debug\ucosii\source\os_core.o
                0x08000b00                OSSchedLock
 .text.OSSchedUnlock
                0x08000b50       0x74 obj\debug\ucosii\source\os_core.o
                0x08000b50                OSSchedUnlock
 .text.OSStart  0x08000bc4       0x50 obj\debug\ucosii\source\os_core.o
                0x08000bc4                OSStart
 .text.OSStatInit
                0x08000c14       0x58 obj\debug\ucosii\source\os_core.o
                0x08000c14                OSStatInit
 .text.OSTimeTick
                0x08000c6c      0x13c obj\debug\ucosii\source\os_core.o
                0x08000c6c                OSTimeTick
 .text.OS_Dummy
                0x08000da8       0x10 obj\debug\ucosii\source\os_core.o
                0x08000da8                OS_Dummy
 .text.OS_EventTaskRdy
                0x08000db8       0xe4 obj\debug\ucosii\source\os_core.o
                0x08000db8                OS_EventTaskRdy
 .text.OS_EventTaskWait
                0x08000e9c       0xb0 obj\debug\ucosii\source\os_core.o
                0x08000e9c                OS_EventTaskWait
 .text.OS_EventTaskRemove
                0x08000f4c       0x60 obj\debug\ucosii\source\os_core.o
                0x08000f4c                OS_EventTaskRemove
 .text.OS_EventTaskRemoveMulti
                0x08000fac       0x88 obj\debug\ucosii\source\os_core.o
                0x08000fac                OS_EventTaskRemoveMulti
 .text.OS_EventWaitListInit
                0x08001034       0x38 obj\debug\ucosii\source\os_core.o
                0x08001034                OS_EventWaitListInit
 .text.OS_InitEventList
                0x0800106c       0x94 obj\debug\ucosii\source\os_core.o
 .text.OS_InitMisc
                0x08001100       0x74 obj\debug\ucosii\source\os_core.o
 .text.OS_InitRdyList
                0x08001174       0x64 obj\debug\ucosii\source\os_core.o
 .text.OS_InitTaskIdle
                0x080011d8       0x4c obj\debug\ucosii\source\os_core.o
 .text.OS_InitTaskStat
                0x08001224       0x4c obj\debug\ucosii\source\os_core.o
 .text.OS_InitTCBList
                0x08001270       0x9c obj\debug\ucosii\source\os_core.o
 .text.OS_MemClr
                0x0800130c       0x30 obj\debug\ucosii\source\os_core.o
                0x0800130c                OS_MemClr
 .text.OS_Sched
                0x0800133c       0x84 obj\debug\ucosii\source\os_core.o
                0x0800133c                OS_Sched
 .text.OS_SchedNew
                0x080013c0       0x48 obj\debug\ucosii\source\os_core.o
 .text.OS_TaskIdle
                0x08001408       0x2c obj\debug\ucosii\source\os_core.o
                0x08001408                OS_TaskIdle
 .text.OS_TaskStat
                0x08001434       0x9c obj\debug\ucosii\source\os_core.o
                0x08001434                OS_TaskStat
 .text.OS_TaskStatStkChk
                0x080014d0       0x68 obj\debug\ucosii\source\os_core.o
                0x080014d0                OS_TaskStatStkChk
 .text.OS_TCBInit
                0x08001538      0x1d8 obj\debug\ucosii\source\os_core.o
                0x08001538                OS_TCBInit
 .text.OS_FlagInit
                0x08001710       0x84 obj\debug\ucosii\source\os_flag.o
                0x08001710                OS_FlagInit
 .text.OS_FlagUnlink
                0x08001794       0x60 obj\debug\ucosii\source\os_flag.o
                0x08001794                OS_FlagUnlink
 .text.OS_MemInit
                0x080017f4       0x80 obj\debug\ucosii\source\os_mem.o
                0x080017f4                OS_MemInit
 .text.OS_QInit
                0x08001874       0x78 obj\debug\ucosii\source\os_q.o
                0x08001874                OS_QInit
 .text.OSSemCreate
                0x080018ec       0x78 obj\debug\ucosii\source\os_sem.o
                0x080018ec                OSSemCreate
 .text.OSSemPend
                0x08001964      0x128 obj\debug\ucosii\source\os_sem.o
                0x08001964                OSSemPend
 .text.OSSemPost
                0x08001a8c       0x7c obj\debug\ucosii\source\os_sem.o
                0x08001a8c                OSSemPost
 .text.OSTaskCreate
                0x08001b08       0xc4 obj\debug\ucosii\source\os_task.o
                0x08001b08                OSTaskCreate
 .text.OSTaskCreateExt
                0x08001bcc       0xd4 obj\debug\ucosii\source\os_task.o
                0x08001bcc                OSTaskCreateExt
 .text.OSTaskDel
                0x08001ca0      0x1f0 obj\debug\ucosii\source\os_task.o
                0x08001ca0                OSTaskDel
 .text.OSTaskNameSet
                0x08001e90       0xb0 obj\debug\ucosii\source\os_task.o
                0x08001e90                OSTaskNameSet
 .text.OSTaskStkChk
                0x08001f40       0xdc obj\debug\ucosii\source\os_task.o
                0x08001f40                OSTaskStkChk
 .text.OSTaskSuspend
                0x0800201c      0x104 obj\debug\ucosii\source\os_task.o
                0x0800201c                OSTaskSuspend
 .text.OS_TaskReturn
                0x08002120       0x1c obj\debug\ucosii\source\os_task.o
                0x08002120                OS_TaskReturn
 .text.OS_TaskStkClr
                0x0800213c       0x48 obj\debug\ucosii\source\os_task.o
                0x0800213c                OS_TaskStkClr
 .text.OSTimeDly
                0x08002184       0xa4 obj\debug\ucosii\source\os_time.o
                0x08002184                OSTimeDly
 .text.OSTmrSignal
                0x08002228       0x24 obj\debug\ucosii\source\os_tmr.o
                0x08002228                OSTmrSignal
 .text.OSTmr_Init
                0x0800224c      0x118 obj\debug\ucosii\source\os_tmr.o
                0x0800224c                OSTmr_Init
 .text.OSTmr_InitTask
                0x08002364       0x4c obj\debug\ucosii\source\os_tmr.o
 .text.OSTmr_Link
                0x080023b0       0xc0 obj\debug\ucosii\source\os_tmr.o
 .text.OSTmr_Unlink
                0x08002470       0x90 obj\debug\ucosii\source\os_tmr.o
 .text.OSTmr_Task
                0x08002500       0xac obj\debug\ucosii\source\os_tmr.o
 .text.exit     0x080025ac       0x28 c:/program files (x86)/embitz/1.11/share/em_armgcc/bin/../lib/gcc/arm-none-eabi/5.4.1/../../../../arm-none-eabi/lib/armv7e-m/fpu\libg_n.a(lib_a-exit.o)
                0x080025ac                exit
 .text.__libc_init_array
                0x080025d4       0x4c c:/program files (x86)/embitz/1.11/share/em_armgcc/bin/../lib/gcc/arm-none-eabi/5.4.1/../../../../arm-none-eabi/lib/armv7e-m/fpu\libg_n.a(lib_a-init.o)
                0x080025d4                __libc_init_array
 .text.memset   0x08002620       0x10 c:/program files (x86)/embitz/1.11/share/em_armgcc/bin/../lib/gcc/arm-none-eabi/5.4.1/../../../../arm-none-eabi/lib/armv7e-m/fpu\libg_n.a(lib_a-memset.o)
                0x08002620                memset
 .text._exit    0x08002630        0x2 c:/program files (x86)/embitz/1.11/share/em_armgcc/bin/../lib/gcc/arm-none-eabi/5.4.1/../../../../arm-none-eabi/lib/armv7e-m/fpu\libnosys_s.a(_exit.o)
                0x08002630                _exit
 *(.init)
 *fill*         0x08002632        0x2 
 .init          0x08002634        0x4 c:/program files (x86)/embitz/1.11/share/em_armgcc/bin/../lib/gcc/arm-none-eabi/5.4.1/armv7e-m/fpu/crti.o
                0x08002634                _init
 .init          0x08002638        0x8 c:/program files (x86)/embitz/1.11/share/em_armgcc/bin/../lib/gcc/arm-none-eabi/5.4.1/armv7e-m/fpu/crtn.o
 *(.fini)
 .fini          0x08002640        0x4 c:/program files (x86)/embitz/1.11/share/em_armgcc/bin/../lib/gcc/arm-none-eabi/5.4.1/armv7e-m/fpu/crti.o
                0x08002640                _fini
 .fini          0x08002644        0x8 c:/program files (x86)/embitz/1.11/share/em_armgcc/bin/../lib/gcc/arm-none-eabi/5.4.1/armv7e-m/fpu/crtn.o
 *crtbegin.o(.ctors)
 *crtbegin?.o(.ctors)
 *(EXCLUDE_FILE(*crtend.o *crtend?.o) .ctors)
 *(SORT(.ctors.*))
 *(.ctors)
 *crtbegin.o(.dtors)
 *crtbegin?.o(.dtors)
 *(EXCLUDE_FILE(*crtend.o *crtend?.o) .dtors)
 *(SORT(.dtors.*))
 *(.dtors)
 *(.rodata*)
 .rodata.OSUnMapTbl
                0x0800264c      0x100 obj\debug\ucosii\source\os_core.o
                0x0800264c                OSUnMapTbl
 .rodata        0x0800274c       0x22 obj\debug\ucosii\source\os_core.o
 *fill*         0x0800276e        0x2 
 .rodata        0x08002770        0x2 obj\debug\ucosii\source\os_flag.o
 *fill*         0x08002772        0x2 
 .rodata        0x08002774        0x2 obj\debug\ucosii\source\os_mem.o
 *fill*         0x08002776        0x2 
 .rodata        0x08002778        0x2 obj\debug\ucosii\source\os_sem.o
 *fill*         0x0800277a        0x2 
 .rodata        0x0800277c        0x2 obj\debug\ucosii\source\os_task.o
 *fill*         0x0800277e        0x2 
 .rodata        0x08002780       0x39 obj\debug\ucosii\source\os_tmr.o
 .rodata.str1.1
                0x080027b9        0x2 c:/program files (x86)/embitz/1.11/share/em_armgcc/bin/../lib/gcc/arm-none-eabi/5.4.1/../../../../arm-none-eabi/lib/armv7e-m/fpu\libg_n.a(lib_a-impure.o)
 *fill*         0x080027bb        0x1 
 .rodata._global_impure_ptr
                0x080027bc        0x4 c:/program files (x86)/embitz/1.11/share/em_armgcc/bin/../lib/gcc/arm-none-eabi/5.4.1/../../../../arm-none-eabi/lib/armv7e-m/fpu\libg_n.a(lib_a-impure.o)
                0x080027bc                _global_impure_ptr
 *(.eh_frame*)
 .eh_frame      0x080027c0        0x0 c:/program files (x86)/embitz/1.11/share/em_armgcc/bin/../lib/gcc/arm-none-eabi/5.4.1/armv7e-m/fpu/crtbegin.o
 .eh_frame      0x080027c0        0x4 c:/program files (x86)/embitz/1.11/share/em_armgcc/bin/../lib/gcc/arm-none-eabi/5.4.1/armv7e-m/fpu/crtend.o

.glue_7         0x080027c4        0x0
 .glue_7        0x080027c4        0x0 linker stubs

.glue_7t        0x080027c4        0x0
 .glue_7t       0x080027c4        0x0 linker stubs

.vfp11_veneer   0x080027c4        0x0
 .vfp11_veneer  0x080027c4        0x0 linker stubs

.v4_bx          0x080027c4        0x0
 .v4_bx         0x080027c4        0x0 linker stubs

.iplt           0x080027c4        0x0
 .iplt          0x080027c4        0x0 c:/program files (x86)/embitz/1.11/share/em_armgcc/bin/../lib/gcc/arm-none-eabi/5.4.1/armv7e-m/fpu/crtbegin.o

.ARM.extab
 *(.ARM.extab* .gnu.linkonce.armextab.*)
                0x080027c4                __exidx_start = .

.ARM.exidx      0x080027c4        0x8
 *(.ARM.exidx* .gnu.linkonce.armexidx.*)
 .ARM.exidx     0x080027c4        0x8 c:/program files (x86)/embitz/1.11/share/em_armgcc/bin/../lib/gcc/arm-none-eabi/5.4.1/../../../../arm-none-eabi/lib/armv7e-m/fpu/crt0.o
                0x080027cc                __exidx_end = .
                0x080027cc                __etext = .

.rel.dyn        0x080027cc        0x0
 .rel.iplt      0x080027cc        0x0 c:/program files (x86)/embitz/1.11/share/em_armgcc/bin/../lib/gcc/arm-none-eabi/5.4.1/armv7e-m/fpu/crtbegin.o

.data           0x20000000       0x68 load address 0x080027cc
                0x20000000                __data_start__ = .
 *(vtable)
 *(.data*)
 .data.impure_data
                0x20000000       0x60 c:/program files (x86)/embitz/1.11/share/em_armgcc/bin/../lib/gcc/arm-none-eabi/5.4.1/../../../../arm-none-eabi/lib/armv7e-m/fpu\libg_n.a(lib_a-impure.o)
                0x20000060                . = ALIGN (0x4)
                0x20000060                PROVIDE (__preinit_array_start, .)
 *(.preinit_array)
                0x20000060                PROVIDE (__preinit_array_end, .)
                0x20000060                . = ALIGN (0x4)
                0x20000060                PROVIDE (__init_array_start, .)
 *(SORT(.init_array.*))
 *(.init_array)
 .init_array    0x20000060        0x4 c:/program files (x86)/embitz/1.11/share/em_armgcc/bin/../lib/gcc/arm-none-eabi/5.4.1/armv7e-m/fpu/crtbegin.o
                0x20000064                PROVIDE (__init_array_end, .)
                0x20000064                . = ALIGN (0x4)
                [!provide]                PROVIDE (__fini_array_start, .)
 *(SORT(.fini_array.*))
 *(.fini_array)
 .fini_array    0x20000064        0x4 c:/program files (x86)/embitz/1.11/share/em_armgcc/bin/../lib/gcc/arm-none-eabi/5.4.1/armv7e-m/fpu/crtbegin.o
                [!provide]                PROVIDE (__fini_array_end, .)
                0x20000068                . = ALIGN (0x4)
                0x20000068                __data_end__ = .

.jcr            0x20000068        0x0 load address 0x08002834
 .jcr           0x20000068        0x0 c:/program files (x86)/embitz/1.11/share/em_armgcc/bin/../lib/gcc/arm-none-eabi/5.4.1/armv7e-m/fpu/crtbegin.o

.igot.plt       0x20000068        0x0 load address 0x08002834
 .igot.plt      0x20000068        0x0 c:/program files (x86)/embitz/1.11/share/em_armgcc/bin/../lib/gcc/arm-none-eabi/5.4.1/armv7e-m/fpu/crtbegin.o

.bss            0x20000068     0x1c00 load address 0x08002834
                0x20000068                __bss_start__ = .
 *(.bss*)
 .bss           0x20000068       0x1c c:/program files (x86)/embitz/1.11/share/em_armgcc/bin/../lib/gcc/arm-none-eabi/5.4.1/armv7e-m/fpu/crtbegin.o
 .bss.App_TaskStartStk
                0x20000084      0x200 obj\debug\src\main.o
 .bss.App_Task1Stk
                0x20000284      0x200 obj\debug\src\main.o
 .bss.Led2_TaskStk
                0x20000484      0x200 obj\debug\src\main.o
 .bss.OSTmrCtr  0x20000684        0x2 obj\debug\ucosii\ports\os_cpu_c.o
 *(COMMON)
 *fill*         0x20000686        0x2 
 COMMON         0x20000688      0x204 obj\debug\ucosii\ports\os_cpu_c.o
                0x20000688                OS_CPU_ExceptStkBase
                0x2000068c                OS_CPU_ExceptStk
 COMMON         0x2000088c     0x13dc obj\debug\ucosii\source\os_core.o
                0x2000088c                OSTmrFreeList
                0x20000890                OSTmrWheelTbl
                0x200008d0                OSLockNesting
                0x200008d4                OSTmrSemSignal
                0x200008d8                OSRunning
                0x200008dc                OSIdleCtr
                0x200008e0                OSTmrUsed
                0x200008e2                OSPrioHighRdy
                0x200008e4                OSFlagTbl
                0x20000934                OSTmrTbl
                0x20000bb4                OSPrioCur
                0x20000bb8                OSTCBList
                0x20000bbc                OSMemTbl
                0x20000c34                OSTickStepState
                0x20000c38                OSTaskStatStk
                0x20000e38                OSCtxSwCtr
                0x20000e3c                OSTmrFree
                0x20000e40                OSIdleCtrMax
                0x20000e44                OSTCBFreeList
                0x20000e48                OSCPUUsage
                0x20000e49                OSTaskCtr
                0x20000e4c                OSMemFreeList
                0x20000e50                OSQTbl
                0x20000eb0                OSTCBHighRdy
                0x20000eb4                OSQFreeList
                0x20000eb8                OSRdyGrp
                0x20000ebc                OSRdyTbl
                0x20000ec4                OSTmrTaskStk
                0x200010c4                OSEventFreeList
                0x200010c8                OSIntNesting
                0x200010cc                OSTCBCur
                0x200010d0                OSTmrTime
                0x200010d4                OSTime
                0x200010d8                OSTmrSem
                0x200010dc                OSTaskIdleStk
                0x200012dc                OSEventTbl
                0x200013cc                OSTCBTbl
                0x20001b5c                OSFlagFreeList
                0x20001b60                OSStatRdy
                0x20001b64                OSTCBPrioTbl
                0x20001c64                OSIdleCtrRun
                0x20001c68                __bss_end__ = .

.heap           0x20001c68        0x0
                0x20001c68                __end__ = .
                0x20001c68                end = __end__
 *(.heap*)
 .heap          0x20001c68        0x0 obj\debug\src\startup_stm32f4xx.o
                0x20001c68                __HeapLimit = .

.stack_dummy    0x20001c68      0x100
 *(.stack)
 .stack         0x20001c68      0x100 obj\debug\src\startup_stm32f4xx.o
                0x20020000                __StackTop = (ORIGIN (RAM) + LENGTH (RAM))
                0x2001ff00                __StackLimit = (__StackTop - SIZEOF (.stack_dummy))
                0x20020000                PROVIDE (__stack, __StackTop)
                0x00000001                ASSERT ((__StackLimit >= __HeapLimit), region RAM overflowed with stack)
LOAD obj\debug\src\main.o
LOAD obj\debug\src\startup_stm32f4xx.o
LOAD obj\debug\src\system_stm32f4xx.o
LOAD obj\debug\ucosii\ports\os_cpu_a.o
LOAD obj\debug\ucosii\ports\os_cpu_c.o
LOAD obj\debug\ucosii\ports\os_dbg.o
LOAD obj\debug\ucosii\source\os_core.o
LOAD obj\debug\ucosii\source\os_flag.o
LOAD obj\debug\ucosii\source\os_mbox.o
LOAD obj\debug\ucosii\source\os_mem.o
LOAD obj\debug\ucosii\source\os_mutex.o
LOAD obj\debug\ucosii\source\os_q.o
LOAD obj\debug\ucosii\source\os_sem.o
LOAD obj\debug\ucosii\source\os_task.o
LOAD obj\debug\ucosii\source\os_time.o
LOAD obj\debug\ucosii\source\os_tmr.o
START GROUP
LOAD c:/program files (x86)/embitz/1.11/share/em_armgcc/bin/../lib/gcc/arm-none-eabi/5.4.1/armv7e-m/fpu\libgcc.a
LOAD c:/program files (x86)/embitz/1.11/share/em_armgcc/bin/../lib/gcc/arm-none-eabi/5.4.1/../../../../arm-none-eabi/lib/armv7e-m/fpu\libg_n.a
LOAD c:/program files (x86)/embitz/1.11/share/em_armgcc/bin/../lib/gcc/arm-none-eabi/5.4.1/../../../../arm-none-eabi/lib/armv7e-m/fpu\libc_n.a
END GROUP
START GROUP
LOAD c:/program files (x86)/embitz/1.11/share/em_armgcc/bin/../lib/gcc/arm-none-eabi/5.4.1/armv7e-m/fpu\libgcc.a
LOAD c:/program files (x86)/embitz/1.11/share/em_armgcc/bin/../lib/gcc/arm-none-eabi/5.4.1/../../../../arm-none-eabi/lib/armv7e-m/fpu\libc_n.a
LOAD c:/program files (x86)/embitz/1.11/share/em_armgcc/bin/../lib/gcc/arm-none-eabi/5.4.1/../../../../arm-none-eabi/lib/armv7e-m/fpu\libnosys_s.a
END GROUP
LOAD c:/program files (x86)/embitz/1.11/share/em_armgcc/bin/../lib/gcc/arm-none-eabi/5.4.1/armv7e-m/fpu/crtend.o
LOAD c:/program files (x86)/embitz/1.11/share/em_armgcc/bin/../lib/gcc/arm-none-eabi/5.4.1/armv7e-m/fpu/crtn.o
OUTPUT(bin\Debug\ucosii-0114-19.elf elf32-littlearm)

.ARM.attributes
                0x00000000       0x30
 .ARM.attributes
                0x00000000       0x22 c:/program files (x86)/embitz/1.11/share/em_armgcc/bin/../lib/gcc/arm-none-eabi/5.4.1/armv7e-m/fpu/crti.o
 .ARM.attributes
                0x00000022       0x34 c:/program files (x86)/embitz/1.11/share/em_armgcc/bin/../lib/gcc/arm-none-eabi/5.4.1/armv7e-m/fpu/crtbegin.o
 .ARM.attributes
                0x00000056       0x20 c:/program files (x86)/embitz/1.11/share/em_armgcc/bin/../lib/gcc/arm-none-eabi/5.4.1/../../../../arm-none-eabi/lib/armv7e-m/fpu/crt0.o
 .ARM.attributes
                0x00000076       0x39 obj\debug\src\main.o
 .ARM.attributes
                0x000000af       0x1f obj\debug\src\startup_stm32f4xx.o
 .ARM.attributes
                0x000000ce       0x39 obj\debug\src\system_stm32f4xx.o
 .ARM.attributes
                0x00000107       0x25 obj\debug\ucosii\ports\os_cpu_a.o
 .ARM.attributes
                0x0000012c       0x39 obj\debug\ucosii\ports\os_cpu_c.o
 .ARM.attributes
                0x00000165       0x39 obj\debug\ucosii\source\os_core.o
 .ARM.attributes
                0x0000019e       0x39 obj\debug\ucosii\source\os_flag.o
 .ARM.attributes
                0x000001d7       0x39 obj\debug\ucosii\source\os_mem.o
 .ARM.attributes
                0x00000210       0x39 obj\debug\ucosii\source\os_q.o
 .ARM.attributes
                0x00000249       0x39 obj\debug\ucosii\source\os_sem.o
 .ARM.attributes
                0x00000282       0x39 obj\debug\ucosii\source\os_task.o
 .ARM.attributes
                0x000002bb       0x39 obj\debug\ucosii\source\os_time.o
 .ARM.attributes
                0x000002f4       0x39 obj\debug\ucosii\source\os_tmr.o
 .ARM.attributes
                0x0000032d       0x34 c:/program files (x86)/embitz/1.11/share/em_armgcc/bin/../lib/gcc/arm-none-eabi/5.4.1/../../../../arm-none-eabi/lib/armv7e-m/fpu\libg_n.a(lib_a-exit.o)
 .ARM.attributes
                0x00000361       0x34 c:/program files (x86)/embitz/1.11/share/em_armgcc/bin/../lib/gcc/arm-none-eabi/5.4.1/../../../../arm-none-eabi/lib/armv7e-m/fpu\libg_n.a(lib_a-impure.o)
 .ARM.attributes
                0x00000395       0x34 c:/program files (x86)/embitz/1.11/share/em_armgcc/bin/../lib/gcc/arm-none-eabi/5.4.1/../../../../arm-none-eabi/lib/armv7e-m/fpu\libg_n.a(lib_a-init.o)
 .ARM.attributes
                0x000003c9       0x34 c:/program files (x86)/embitz/1.11/share/em_armgcc/bin/../lib/gcc/arm-none-eabi/5.4.1/../../../../arm-none-eabi/lib/armv7e-m/fpu\libg_n.a(lib_a-memset.o)
 .ARM.attributes
                0x000003fd       0x34 c:/program files (x86)/embitz/1.11/share/em_armgcc/bin/../lib/gcc/arm-none-eabi/5.4.1/../../../../arm-none-eabi/lib/armv7e-m/fpu\libnosys_s.a(_exit.o)
 .ARM.attributes
                0x00000431       0x34 c:/program files (x86)/embitz/1.11/share/em_armgcc/bin/../lib/gcc/arm-none-eabi/5.4.1/armv7e-m/fpu/crtend.o
 .ARM.attributes
                0x00000465       0x22 c:/program files (x86)/embitz/1.11/share/em_armgcc/bin/../lib/gcc/arm-none-eabi/5.4.1/armv7e-m/fpu/crtn.o

.comment        0x00000000       0x6e
 .comment       0x00000000       0x6e obj\debug\src\main.o
                                 0x6f (size before relaxing)
 .comment       0x0000006e       0x6f obj\debug\src\system_stm32f4xx.o
 .comment       0x0000006e       0x6f obj\debug\ucosii\ports\os_cpu_c.o
 .comment       0x0000006e       0x6f obj\debug\ucosii\source\os_core.o
 .comment       0x0000006e       0x6f obj\debug\ucosii\source\os_flag.o
 .comment       0x0000006e       0x6f obj\debug\ucosii\source\os_mem.o
 .comment       0x0000006e       0x6f obj\debug\ucosii\source\os_q.o
 .comment       0x0000006e       0x6f obj\debug\ucosii\source\os_sem.o
 .comment       0x0000006e       0x6f obj\debug\ucosii\source\os_task.o
 .comment       0x0000006e       0x6f obj\debug\ucosii\source\os_time.o
 .comment       0x0000006e       0x6f obj\debug\ucosii\source\os_tmr.o

.debug_info     0x00000000     0x5fba
 .debug_info    0x00000000      0x480 obj\debug\src\main.o
 .debug_info    0x00000480       0x75 obj\debug\src\startup_stm32f4xx.o
 .debug_info    0x000004f5      0x5cd obj\debug\src\system_stm32f4xx.o
 .debug_info    0x00000ac2       0x75 obj\debug\ucosii\ports\os_cpu_a.o
 .debug_info    0x00000b37      0xbaa obj\debug\ucosii\ports\os_cpu_c.o
 .debug_info    0x000016e1     0x11e5 obj\debug\ucosii\source\os_core.o
 .debug_info    0x000028c6      0x9d3 obj\debug\ucosii\source\os_flag.o
 .debug_info    0x00003299      0x425 obj\debug\ucosii\source\os_mem.o
 .debug_info    0x000036be      0x8f6 obj\debug\ucosii\source\os_q.o
 .debug_info    0x00003fb4      0x69d obj\debug\ucosii\source\os_sem.o
 .debug_info    0x00004651      0xaab obj\debug\ucosii\source\os_task.o
 .debug_info    0x000050fc      0x519 obj\debug\ucosii\source\os_time.o
 .debug_info    0x00005615      0x9a5 obj\debug\ucosii\source\os_tmr.o

.debug_abbrev   0x00000000     0x1181
 .debug_abbrev  0x00000000      0x157 obj\debug\src\main.o
 .debug_abbrev  0x00000157       0x14 obj\debug\src\startup_stm32f4xx.o
 .debug_abbrev  0x0000016b      0x13d obj\debug\src\system_stm32f4xx.o
 .debug_abbrev  0x000002a8       0x14 obj\debug\ucosii\ports\os_cpu_a.o
 .debug_abbrev  0x000002bc      0x278 obj\debug\ucosii\ports\os_cpu_c.o
 .debug_abbrev  0x00000534      0x262 obj\debug\ucosii\source\os_core.o
 .debug_abbrev  0x00000796      0x190 obj\debug\ucosii\source\os_flag.o
 .debug_abbrev  0x00000926      0x144 obj\debug\ucosii\source\os_mem.o
 .debug_abbrev  0x00000a6a      0x162 obj\debug\ucosii\source\os_q.o
 .debug_abbrev  0x00000bcc      0x162 obj\debug\ucosii\source\os_sem.o
 .debug_abbrev  0x00000d2e      0x195 obj\debug\ucosii\source\os_task.o
 .debug_abbrev  0x00000ec3      0x111 obj\debug\ucosii\source\os_time.o
 .debug_abbrev  0x00000fd4      0x1ad obj\debug\ucosii\source\os_tmr.o

.debug_aranges  0x00000000      0x578
 .debug_aranges
                0x00000000       0x58 obj\debug\src\main.o
 .debug_aranges
                0x00000058       0x20 obj\debug\src\startup_stm32f4xx.o
 .debug_aranges
                0x00000078       0x30 obj\debug\src\system_stm32f4xx.o
 .debug_aranges
                0x000000a8       0x20 obj\debug\ucosii\ports\os_cpu_a.o
 .debug_aranges
                0x000000c8       0x90 obj\debug\ucosii\ports\os_cpu_c.o
 .debug_aranges
                0x00000158      0x128 obj\debug\ucosii\source\os_core.o
 .debug_aranges
                0x00000280       0x80 obj\debug\ucosii\source\os_flag.o
 .debug_aranges
                0x00000300       0x50 obj\debug\ucosii\source\os_mem.o
 .debug_aranges
                0x00000350       0x70 obj\debug\ucosii\source\os_q.o
 .debug_aranges
                0x000003c0       0x58 obj\debug\ucosii\source\os_sem.o
 .debug_aranges
                0x00000418       0x90 obj\debug\ucosii\source\os_task.o
 .debug_aranges
                0x000004a8       0x40 obj\debug\ucosii\source\os_time.o
 .debug_aranges
                0x000004e8       0x90 obj\debug\ucosii\source\os_tmr.o

.debug_ranges   0x00000000      0x488
 .debug_ranges  0x00000000       0x48 obj\debug\src\main.o
 .debug_ranges  0x00000048       0x20 obj\debug\src\system_stm32f4xx.o
 .debug_ranges  0x00000068       0x80 obj\debug\ucosii\ports\os_cpu_c.o
 .debug_ranges  0x000000e8      0x118 obj\debug\ucosii\source\os_core.o
 .debug_ranges  0x00000200       0x70 obj\debug\ucosii\source\os_flag.o
 .debug_ranges  0x00000270       0x40 obj\debug\ucosii\source\os_mem.o
 .debug_ranges  0x000002b0       0x60 obj\debug\ucosii\source\os_q.o
 .debug_ranges  0x00000310       0x48 obj\debug\ucosii\source\os_sem.o
 .debug_ranges  0x00000358       0x80 obj\debug\ucosii\source\os_task.o
 .debug_ranges  0x000003d8       0x30 obj\debug\ucosii\source\os_time.o
 .debug_ranges  0x00000408       0x80 obj\debug\ucosii\source\os_tmr.o

.debug_macro    0x00000000     0xa7a7
 .debug_macro   0x00000000       0xd4 obj\debug\src\main.o
 .debug_macro   0x000000d4      0x8a4 obj\debug\src\main.o
 .debug_macro   0x00000978       0x5d obj\debug\src\main.o
 .debug_macro   0x000009d5       0x35 obj\debug\src\main.o
 .debug_macro   0x00000a0a       0x22 obj\debug\src\main.o
 .debug_macro   0x00000a2c       0x87 obj\debug\src\main.o
 .debug_macro   0x00000ab3       0x44 obj\debug\src\main.o
 .debug_macro   0x00000af7       0xfd obj\debug\src\main.o
 .debug_macro   0x00000bf4       0x5e obj\debug\src\main.o
 .debug_macro   0x00000c52      0x1df obj\debug\src\main.o
 .debug_macro   0x00000e31       0x18 obj\debug\src\main.o
 .debug_macro   0x00000e49       0x42 obj\debug\src\main.o
 .debug_macro   0x00000e8b      0x8cb obj\debug\src\main.o
 .debug_macro   0x00001756     0x81f4 obj\debug\src\main.o
 .debug_macro   0x0000994a       0x10 obj\debug\src\main.o
 .debug_macro   0x0000995a       0x52 obj\debug\src\main.o
 .debug_macro   0x000099ac      0x1d5 obj\debug\src\main.o
 .debug_macro   0x00009b81       0x34 obj\debug\src\main.o
 .debug_macro   0x00009bb5      0x3fc obj\debug\src\main.o
 .debug_macro   0x00009fb1       0xce obj\debug\src\system_stm32f4xx.o
 .debug_macro   0x0000a07f      0x116 obj\debug\ucosii\ports\os_cpu_c.o
 .debug_macro   0x0000a195       0x34 obj\debug\ucosii\ports\os_cpu_c.o
 .debug_macro   0x0000a1c9       0x40 obj\debug\ucosii\source\os_core.o
 .debug_macro   0x0000a209      0x3fc obj\debug\ucosii\source\os_core.o
 .debug_macro   0x0000a605       0x3a obj\debug\ucosii\source\os_flag.o
 .debug_macro   0x0000a63f       0x3a obj\debug\ucosii\source\os_mem.o
 .debug_macro   0x0000a679       0x3a obj\debug\ucosii\source\os_q.o
 .debug_macro   0x0000a6b3       0x3a obj\debug\ucosii\source\os_sem.o
 .debug_macro   0x0000a6ed       0x3a obj\debug\ucosii\source\os_task.o
 .debug_macro   0x0000a727       0x3a obj\debug\ucosii\source\os_time.o
 .debug_macro   0x0000a761       0x46 obj\debug\ucosii\source\os_tmr.o

.debug_line     0x00000000     0x227f
 .debug_line    0x00000000      0x37a obj\debug\src\main.o
 .debug_line    0x0000037a       0xcc obj\debug\src\startup_stm32f4xx.o
 .debug_line    0x00000446      0x2db obj\debug\src\system_stm32f4xx.o
 .debug_line    0x00000721       0x96 obj\debug\ucosii\ports\os_cpu_a.o
 .debug_line    0x000007b7      0x40c obj\debug\ucosii\ports\os_cpu_c.o
 .debug_line    0x00000bc3      0x5b7 obj\debug\ucosii\source\os_core.o
 .debug_line    0x0000117a      0x342 obj\debug\ucosii\source\os_flag.o
 .debug_line    0x000014bc      0x1be obj\debug\ucosii\source\os_mem.o
 .debug_line    0x0000167a      0x2ac obj\debug\ucosii\source\os_q.o
 .debug_line    0x00001926      0x1f3 obj\debug\ucosii\source\os_sem.o
 .debug_line    0x00001b19      0x322 obj\debug\ucosii\source\os_task.o
 .debug_line    0x00001e3b      0x138 obj\debug\ucosii\source\os_time.o
 .debug_line    0x00001f73      0x30c obj\debug\ucosii\source\os_tmr.o

.debug_str      0x00000000    0x379a6
 .debug_str     0x00000000    0x36024 obj\debug\src\main.o
                              0x361a3 (size before relaxing)
 .debug_str     0x00036024      0x15a obj\debug\src\system_stm32f4xx.o
                              0x34b5d (size before relaxing)
 .debug_str     0x0003617e      0xb39 obj\debug\ucosii\ports\os_cpu_c.o
                              0x36b83 (size before relaxing)
 .debug_str     0x00036cb7      0x66d obj\debug\ucosii\source\os_core.o
                               0x4546 (size before relaxing)
 .debug_str     0x00037324      0x146 obj\debug\ucosii\source\os_flag.o
                               0x40c1 (size before relaxing)
 .debug_str     0x0003746a       0xe5 obj\debug\ucosii\source\os_mem.o
                               0x3db4 (size before relaxing)
 .debug_str     0x0003754f       0xc9 obj\debug\ucosii\source\os_q.o
                               0x4044 (size before relaxing)
 .debug_str     0x00037618       0x98 obj\debug\ucosii\source\os_sem.o
                               0x3fc5 (size before relaxing)
 .debug_str     0x000376b0      0x144 obj\debug\ucosii\source\os_task.o
                               0x40f6 (size before relaxing)
 .debug_str     0x000377f4       0x6a obj\debug\ucosii\source\os_time.o
                               0x3f70 (size before relaxing)
 .debug_str     0x0003785e      0x148 obj\debug\ucosii\source\os_tmr.o
                               0x4155 (size before relaxing)

.debug_frame    0x00000000     0x141c
 .debug_frame   0x00000000      0x10c obj\debug\src\main.o
 .debug_frame   0x0000010c       0x7c obj\debug\src\system_stm32f4xx.o
 .debug_frame   0x00000188      0x228 obj\debug\ucosii\ports\os_cpu_c.o
 .debug_frame   0x000003b0      0x4dc obj\debug\ucosii\source\os_core.o
 .debug_frame   0x0000088c      0x1f0 obj\debug\ucosii\source\os_flag.o
 .debug_frame   0x00000a7c      0x10c obj\debug\ucosii\source\os_mem.o
 .debug_frame   0x00000b88      0x19c obj\debug\ucosii\source\os_q.o
 .debug_frame   0x00000d24      0x130 obj\debug\ucosii\source\os_sem.o
 .debug_frame   0x00000e54      0x234 obj\debug\ucosii\source\os_task.o
 .debug_frame   0x00001088       0xc8 obj\debug\ucosii\source\os_time.o
 .debug_frame   0x00001150      0x238 obj\debug\ucosii\source\os_tmr.o
 .debug_frame   0x00001388       0x28 c:/program files (x86)/embitz/1.11/share/em_armgcc/bin/../lib/gcc/arm-none-eabi/5.4.1/../../../../arm-none-eabi/lib/armv7e-m/fpu\libg_n.a(lib_a-exit.o)
 .debug_frame   0x000013b0       0x2c c:/program files (x86)/embitz/1.11/share/em_armgcc/bin/../lib/gcc/arm-none-eabi/5.4.1/../../../../arm-none-eabi/lib/armv7e-m/fpu\libg_n.a(lib_a-init.o)
 .debug_frame   0x000013dc       0x20 c:/program files (x86)/embitz/1.11/share/em_armgcc/bin/../lib/gcc/arm-none-eabi/5.4.1/../../../../arm-none-eabi/lib/armv7e-m/fpu\libg_n.a(lib_a-memset.o)
 .debug_frame   0x000013fc       0x20 c:/program files (x86)/embitz/1.11/share/em_armgcc/bin/../lib/gcc/arm-none-eabi/5.4.1/../../../../arm-none-eabi/lib/armv7e-m/fpu\libnosys_s.a(_exit.o)
